Archive member included because of file (symbol)

c:/freescale/kds_3.0.0/toolchain/bin/../lib/gcc/arm-none-eabi/4.8.4/armv6-m\libgcc.a(_udivsi3.o)
                              ./SDK/platform/utilities/src/print_scan.o (__aeabi_uidiv)
c:/freescale/kds_3.0.0/toolchain/bin/../lib/gcc/arm-none-eabi/4.8.4/armv6-m\libgcc.a(_divsi3.o)
                              ./SDK/platform/utilities/src/print_scan.o (__aeabi_idiv)
c:/freescale/kds_3.0.0/toolchain/bin/../lib/gcc/arm-none-eabi/4.8.4/armv6-m\libgcc.a(_dvmd_tls.o)
                              c:/freescale/kds_3.0.0/toolchain/bin/../lib/gcc/arm-none-eabi/4.8.4/armv6-m\libgcc.a(_udivsi3.o) (__aeabi_idiv0)
c:/freescale/kds_3.0.0/toolchain/bin/../lib/gcc/arm-none-eabi/4.8.4/../../../../arm-none-eabi/lib/armv6-m\libg_s.a(lib_a-assert.o)
                              ./Sources/ledrgb_hal.o (__assert_func)
c:/freescale/kds_3.0.0/toolchain/bin/../lib/gcc/arm-none-eabi/4.8.4/../../../../arm-none-eabi/lib/armv6-m\libg_s.a(lib_a-exit.o)
                              c:/freescale/kds_3.0.0/toolchain/bin/../lib/gcc/arm-none-eabi/4.8.4/../../../../arm-none-eabi/lib/armv6-m/crt0.o (exit)
c:/freescale/kds_3.0.0/toolchain/bin/../lib/gcc/arm-none-eabi/4.8.4/../../../../arm-none-eabi/lib/armv6-m\libg_s.a(lib_a-fprintf.o)
                              c:/freescale/kds_3.0.0/toolchain/bin/../lib/gcc/arm-none-eabi/4.8.4/../../../../arm-none-eabi/lib/armv6-m\libg_s.a(lib_a-assert.o) (fiprintf)
c:/freescale/kds_3.0.0/toolchain/bin/../lib/gcc/arm-none-eabi/4.8.4/../../../../arm-none-eabi/lib/armv6-m\libg_s.a(lib_a-impure.o)
                              c:/freescale/kds_3.0.0/toolchain/bin/../lib/gcc/arm-none-eabi/4.8.4/../../../../arm-none-eabi/lib/armv6-m\libg_s.a(lib_a-exit.o) (_global_impure_ptr)
c:/freescale/kds_3.0.0/toolchain/bin/../lib/gcc/arm-none-eabi/4.8.4/../../../../arm-none-eabi/lib/armv6-m\libg_s.a(lib_a-init.o)
                              c:/freescale/kds_3.0.0/toolchain/bin/../lib/gcc/arm-none-eabi/4.8.4/../../../../arm-none-eabi/lib/armv6-m/crt0.o (__libc_init_array)
c:/freescale/kds_3.0.0/toolchain/bin/../lib/gcc/arm-none-eabi/4.8.4/../../../../arm-none-eabi/lib/armv6-m\libg_s.a(lib_a-malloc.o)
                              ./SDK/rtos/FreeRTOS/src/heap_3.o (malloc)
c:/freescale/kds_3.0.0/toolchain/bin/../lib/gcc/arm-none-eabi/4.8.4/../../../../arm-none-eabi/lib/armv6-m\libg_s.a(lib_a-memcpy-stub.o)
                              ./SDK/rtos/FreeRTOS/src/queue.o (memcpy)
c:/freescale/kds_3.0.0/toolchain/bin/../lib/gcc/arm-none-eabi/4.8.4/../../../../arm-none-eabi/lib/armv6-m\libg_s.a(lib_a-memset.o)
                              c:/freescale/kds_3.0.0/toolchain/bin/../lib/gcc/arm-none-eabi/4.8.4/../../../../arm-none-eabi/lib/armv6-m/crt0.o (memset)
c:/freescale/kds_3.0.0/toolchain/bin/../lib/gcc/arm-none-eabi/4.8.4/../../../../arm-none-eabi/lib/armv6-m\libg_s.a(lib_a-nano-freer.o)
                              c:/freescale/kds_3.0.0/toolchain/bin/../lib/gcc/arm-none-eabi/4.8.4/../../../../arm-none-eabi/lib/armv6-m\libg_s.a(lib_a-malloc.o) (_free_r)
c:/freescale/kds_3.0.0/toolchain/bin/../lib/gcc/arm-none-eabi/4.8.4/../../../../arm-none-eabi/lib/armv6-m\libg_s.a(lib_a-nano-mallocr.o)
                              c:/freescale/kds_3.0.0/toolchain/bin/../lib/gcc/arm-none-eabi/4.8.4/../../../../arm-none-eabi/lib/armv6-m\libg_s.a(lib_a-malloc.o) (_malloc_r)
c:/freescale/kds_3.0.0/toolchain/bin/../lib/gcc/arm-none-eabi/4.8.4/../../../../arm-none-eabi/lib/armv6-m\libg_s.a(lib_a-sbrkr.o)
                              c:/freescale/kds_3.0.0/toolchain/bin/../lib/gcc/arm-none-eabi/4.8.4/../../../../arm-none-eabi/lib/armv6-m\libg_s.a(lib_a-nano-mallocr.o) (_sbrk_r)
c:/freescale/kds_3.0.0/toolchain/bin/../lib/gcc/arm-none-eabi/4.8.4/../../../../arm-none-eabi/lib/armv6-m\libg_s.a(lib_a-strlen.o)
                              ./SDK/platform/utilities/src/print_scan.o (strlen)
c:/freescale/kds_3.0.0/toolchain/bin/../lib/gcc/arm-none-eabi/4.8.4/../../../../arm-none-eabi/lib/armv6-m\libg_s.a(lib_a-vfprintf.o)
                              c:/freescale/kds_3.0.0/toolchain/bin/../lib/gcc/arm-none-eabi/4.8.4/../../../../arm-none-eabi/lib/armv6-m\libg_s.a(lib_a-fprintf.o) (_vfprintf_r)
c:/freescale/kds_3.0.0/toolchain/bin/../lib/gcc/arm-none-eabi/4.8.4/../../../../arm-none-eabi/lib/armv6-m\libg_s.a(lib_a-vfprintf_i.o)
                              c:/freescale/kds_3.0.0/toolchain/bin/../lib/gcc/arm-none-eabi/4.8.4/../../../../arm-none-eabi/lib/armv6-m\libg_s.a(lib_a-vfprintf.o) (_printf_i)
c:/freescale/kds_3.0.0/toolchain/bin/../lib/gcc/arm-none-eabi/4.8.4/../../../../arm-none-eabi/lib/armv6-m\libg_s.a(lib_a-vprintf.o)
                              ./Sources/dbgwrap.o (vprintf)
c:/freescale/kds_3.0.0/toolchain/bin/../lib/gcc/arm-none-eabi/4.8.4/../../../../arm-none-eabi/lib/armv6-m\libg_s.a(lib_a-wbuf.o)
                              c:/freescale/kds_3.0.0/toolchain/bin/../lib/gcc/arm-none-eabi/4.8.4/../../../../arm-none-eabi/lib/armv6-m\libg_s.a(lib_a-vfprintf.o) (__swbuf_r)
[...]
Memory Configuration

Name             Origin             Length             Attributes
m_interrupts     0x00000000         0x00000200         xr
m_flash_config   0x00000400         0x00000010         xr
m_interrupts_ram 0x1ffff000         0x00000200         rw
m_text           0x00000410         0x0001fbf0         xr
m_data           0x1ffff200         0x00003e00         rw
*default*        0x00000000         0xffffffff

Linker script and memory map

LOAD c:/freescale/kds_3.0.0/toolchain/bin/../lib/gcc/arm-none-eabi/4.8.4/armv6-m/crti.o
LOAD c:/freescale/kds_3.0.0/toolchain/bin/../lib/gcc/arm-none-eabi/4.8.4/armv6-m/crtbegin.o
LOAD c:/freescale/kds_3.0.0/toolchain/bin/../lib/gcc/arm-none-eabi/4.8.4/../../../../arm-none-eabi/lib/armv6-m/crt0.o
LOAD ./Static_Code/System/PE_low_level_init.o
LOAD ./Sources/Events.o
LOAD ./Sources/dbgwrap.o
LOAD ./Sources/ledrgb_hal.o
LOAD ./Sources/main.o
LOAD ./Sources/os_tasks.o
LOAD ./SDK/rtos/FreeRTOS/src/croutine.o
LOAD ./SDK/rtos/FreeRTOS/src/event_groups.o
LOAD ./SDK/rtos/FreeRTOS/src/heap_1.o
LOAD ./SDK/rtos/FreeRTOS/src/heap_2.o
LOAD ./SDK/rtos/FreeRTOS/src/heap_3.o
LOAD ./SDK/rtos/FreeRTOS/src/heap_4.o
LOAD ./SDK/rtos/FreeRTOS/src/list.o
LOAD ./SDK/rtos/FreeRTOS/src/queue.o
LOAD ./SDK/rtos/FreeRTOS/src/tasks.o
LOAD ./SDK/rtos/FreeRTOS/src/timers.o
LOAD ./SDK/rtos/FreeRTOS/port/gcc/port.o
LOAD ./SDK/rtos/FreeRTOS/port/gcc/portasm.o
LOAD ./SDK/platform/utilities/src/fsl_debug_console.o
LOAD ./SDK/platform/utilities/src/print_scan.o
LOAD ./SDK/platform/system/src/interrupt/fsl_interrupt_manager.o
LOAD ./SDK/platform/system/src/clock/MKL25Z4/fsl_clock_MKL25Z4.o
LOAD ./SDK/platform/system/src/clock/fsl_clock_manager.o
LOAD ./SDK/platform/system/src/clock/fsl_clock_manager_common.o
LOAD ./SDK/platform/osa/src/fsl_os_abstraction_free_rtos.o
LOAD ./SDK/platform/hal/src/uart/fsl_uart_hal.o
LOAD ./SDK/platform/hal/src/sim/MKL25Z4/fsl_sim_hal_MKL25Z4.o
LOAD ./SDK/platform/hal/src/rtc/fsl_rtc_hal.o
LOAD ./SDK/platform/hal/src/port/fsl_port_hal.o
LOAD ./SDK/platform/hal/src/osc/fsl_osc_hal.o
LOAD ./SDK/platform/hal/src/mcg/fsl_mcg_hal.o
LOAD ./SDK/platform/hal/src/mcg/fsl_mcg_hal_modes.o
LOAD ./SDK/platform/hal/src/lpsci/fsl_lpsci_hal.o
LOAD ./SDK/platform/hal/src/gpio/fsl_gpio_hal.o
LOAD ./SDK/platform/drivers/src/rtc/fsl_rtc_common.o
LOAD ./SDK/platform/drivers/src/gpio/fsl_gpio_common.o
LOAD ./SDK/platform/drivers/src/gpio/fsl_gpio_driver.o
LOAD ./SDK/platform/devices/MKL25Z4/startup/gcc/startup_MKL25Z4.o
LOAD ./SDK/platform/devices/MKL25Z4/startup/system_MKL25Z4.o
LOAD ./SDK/platform/devices/startup.o
LOAD ./Generated_Code/Cpu.o
LOAD ./Generated_Code/DbgCs1.o
LOAD ./Generated_Code/Task1.o
LOAD ./Generated_Code/Task2.o
LOAD ./Generated_Code/clockMan1.o
LOAD ./Generated_Code/free_rtos.o
LOAD ./Generated_Code/gpio1.o
LOAD ./Generated_Code/hardware_init.o
LOAD ./Generated_Code/osa1.o
LOAD ./Generated_Code/pin_init.o
LOAD c:/freescale/kds_3.0.0/toolchain/bin/../lib/gcc/arm-none-eabi/4.8.4/../../../../arm-none-eabi/lib/armv6-m\libstdc++_s.a
LOAD c:/freescale/kds_3.0.0/toolchain/bin/../lib/gcc/arm-none-eabi/4.8.4/../../../../arm-none-eabi/lib/armv6-m\libm.a
START GROUP
LOAD c:/freescale/kds_3.0.0/toolchain/bin/../lib/gcc/arm-none-eabi/4.8.4/armv6-m\libgcc.a
LOAD c:/freescale/kds_3.0.0/toolchain/bin/../lib/gcc/arm-none-eabi/4.8.4/../../../../arm-none-eabi/lib/armv6-m\libg_s.a
LOAD c:/freescale/kds_3.0.0/toolchain/bin/../lib/gcc/arm-none-eabi/4.8.4/../../../../arm-none-eabi/lib/armv6-m\libc_s.a
END GROUP
START GROUP
LOAD c:/freescale/kds_3.0.0/toolchain/bin/../lib/gcc/arm-none-eabi/4.8.4/armv6-m\libgcc.a
LOAD c:/freescale/kds_3.0.0/toolchain/bin/../lib/gcc/arm-none-eabi/4.8.4/../../../../arm-none-eabi/lib/armv6-m\libc_s.a
LOAD c:/freescale/kds_3.0.0/toolchain/bin/../lib/gcc/arm-none-eabi/4.8.4/../../../../arm-none-eabi/lib/armv6-m\libnosys.a
END GROUP
START GROUP
LOAD c:/freescale/kds_3.0.0/toolchain/bin/../lib/gcc/arm-none-eabi/4.8.4/armv6-m\libgcc.a
LOAD c:/freescale/kds_3.0.0/toolchain/bin/../lib/gcc/arm-none-eabi/4.8.4/../../../../arm-none-eabi/lib/armv6-m\libc_s.a
LOAD c:/freescale/kds_3.0.0/toolchain/bin/../lib/gcc/arm-none-eabi/4.8.4/../../../../arm-none-eabi/lib/armv6-m\libnosys.a
END GROUP
LOAD c:/freescale/kds_3.0.0/toolchain/bin/../lib/gcc/arm-none-eabi/4.8.4/armv6-m/crtend.o
LOAD c:/freescale/kds_3.0.0/toolchain/bin/../lib/gcc/arm-none-eabi/4.8.4/armv6-m/crtn.o
                0x00000000                HEAP_SIZE = DEFINED (__heap_size__)?__heap_size__:0x0
                0x00000400                STACK_SIZE = DEFINED (__stack_size__)?__stack_size__:0x400

.interrupts     0x00000000       0xc0
                0x00000000                __VECTOR_TABLE = .
                0x00000000                . = ALIGN (0x4)
 *(.isr_vector)
 .isr_vector    0x00000000       0xc0 ./SDK/platform/devices/MKL25Z4/startup/gcc/startup_MKL25Z4.o
                0x00000000                __isr_vector
                0x000000c0                . = ALIGN (0x4)
                0x1ffff000                __VECTOR_RAM = ORIGIN (m_interrupts_ram)

.flash_config   0x00000400       0x10
                0x00000400                . = ALIGN (0x4)
 *(.FlashConfig)
 .FlashConfig   0x00000400       0x10 ./SDK/platform/devices/MKL25Z4/startup/gcc/startup_MKL25Z4.o
                0x00000410                . = ALIGN (0x4)

.text           0x00000410     0x5690
                0x00000410                . = ALIGN (0x4)
 *(.text)
 .text          0x00000410       0x60 c:/freescale/kds_3.0.0/toolchain/bin/../lib/gcc/arm-none-eabi/4.8.4/armv6-m/crtbegin.o
 .text          0x00000470       0x78 c:/freescale/kds_3.0.0/toolchain/bin/../lib/gcc/arm-none-eabi/4.8.4/../../../../arm-none-eabi/lib/armv6-m/crt0.o
                0x00000470                _start
                0x00000470                _mainCRTStartup
 .text          0x000004e8       0x18 ./SDK/platform/devices/MKL25Z4/startup/gcc/startup_MKL25Z4.o
                0x000004e8                Reset_Handler
                0x000004f8                HardFault_Handler
                0x000004f8                NMI_Handler
                0x000004f8                I2C1_IRQHandler
                0x000004f8                UART1_IRQHandler
                0x000004f8                DMA2_IRQHandler
                0x000004f8                TPM0_IRQHandler
                0x000004f8                LLWU_IRQHandler
                0x000004f8                TSI0_IRQHandler
                0x000004f8                UART0_IRQHandler
                0x000004f8                ADC0_IRQHandler
                0x000004f8                Reserved39_IRQHandler
                0x000004f8                SPI1_IRQHandler
                0x000004f8                DefaultISR
                0x000004f8                PORTD_IRQHandler
                0x000004f8                TPM2_IRQHandler
                0x000004f8                RTC_IRQHandler
                0x000004f8                I2C0_IRQHandler
                0x000004f8                RTC_Seconds_IRQHandler
                0x000004f8                MCG_IRQHandler
                0x000004f8                UART2_IRQHandler
                0x000004f8                Reserved20_IRQHandler
                0x000004f8                USB0_IRQHandler
                0x000004f8                PIT_IRQHandler
                0x000004f8                DMA3_IRQHandler
                0x000004f8                DMA0_IRQHandler
                0x000004f8                DAC0_IRQHandler
                0x000004f8                Reserved45_IRQHandler
                0x000004f8                TPM1_IRQHandler
                0x000004f8                LVD_LVW_IRQHandler
                0x000004f8                SPI0_IRQHandler
                0x000004f8                PORTA_IRQHandler
                0x000004f8                FTFA_IRQHandler
                0x000004f8                LPTMR0_IRQHandler
                0x000004f8                CMP0_IRQHandler
                0x000004f8                DMA1_IRQHandler
 .text          0x00000500       0x9c c:/freescale/kds_3.0.0/toolchain/bin/../lib/gcc/arm-none-eabi/4.8.4/armv6-m\libgcc.a(_udivsi3.o)
                0x00000500                __aeabi_uidiv
                0x00000500                __udivsi3
                0x00000588                __aeabi_uidivmod
 .text          0x0000059c        0x4 c:/freescale/kds_3.0.0/toolchain/bin/../lib/gcc/arm-none-eabi/4.8.4/armv6-m\libgcc.a(_dvmd_tls.o)
                0x0000059c                __aeabi_idiv0
                0x0000059c                __aeabi_ldiv0
 *(.text*)
 .text.PEX_components_init
                0x000005a0        0xc ./Static_Code/System/PE_low_level_init.o
                0x000005a0                PEX_components_init
 .text.PE_low_level_init
                0x000005ac       0x14 ./Static_Code/System/PE_low_level_init.o
                0x000005ac                PE_low_level_init
 .text.PORT_HAL_SetMuxMode
                0x000005c0       0x4c ./Sources/ledrgb_hal.o
 .text.GPIO_HAL_SetPinOutput
                0x0000060c       0x3c ./Sources/ledrgb_hal.o
 .text.GPIO_HAL_ClearPinOutput
                0x00000648       0x3c ./Sources/ledrgb_hal.o
 .text.ledrgb_init
                0x00000684       0x78 ./Sources/ledrgb_hal.o
                0x00000684                ledrgb_init
 .text.ledrgb_clearRedLed
                0x000006fc       0x18 ./Sources/ledrgb_hal.o
                0x000006fc                ledrgb_clearRedLed
 .text.ledrgb_setRedLed
                0x00000714       0x18 ./Sources/ledrgb_hal.o
                0x00000714                ledrgb_setRedLed
 .text.ledrgb_clearGreenLed
                0x0000072c       0x18 ./Sources/ledrgb_hal.o
                0x0000072c                ledrgb_clearGreenLed
 .text.ledrgb_setGreenLed
                0x00000744       0x18 ./Sources/ledrgb_hal.o
                0x00000744                ledrgb_setGreenLed
 .text.ledrgb_clearBlueLed
                0x0000075c       0x18 ./Sources/ledrgb_hal.o
                0x0000075c                ledrgb_clearBlueLed
 .text.main     0x00000774       0x24 ./Sources/main.o
                0x00000774                main
 .text.led_mutex_lock
                0x00000798       0x1c ./Sources/os_tasks.o
 .text.led_mutex_unlock
                0x000007b4       0x14 ./Sources/os_tasks.o
 .text.Task1_task
                0x000007c8       0x68 ./Sources/os_tasks.o
                0x000007c8                Task1_task
 .text.Task2_task
                0x00000830       0x68 ./Sources/os_tasks.o
                0x00000830                Task2_task
 .text.pvPortMalloc
                0x00000898       0x28 ./SDK/rtos/FreeRTOS/src/heap_3.o
                0x00000898                pvPortMalloc
 .text.vPortFree
                0x000008c0       0x24 ./SDK/rtos/FreeRTOS/src/heap_3.o
                0x000008c0                vPortFree
 .text.vListInitialise
                0x000008e4       0x3c ./SDK/rtos/FreeRTOS/src/list.o
                0x000008e4                vListInitialise
 .text.vListInitialiseItem
                0x00000920       0x14 ./SDK/rtos/FreeRTOS/src/list.o
                0x00000920                vListInitialiseItem
 .text.vListInsertEnd
                0x00000934       0x44 ./SDK/rtos/FreeRTOS/src/list.o
                0x00000934                vListInsertEnd
 .text.vListInsert
                0x00000978       0x6c ./SDK/rtos/FreeRTOS/src/list.o
                0x00000978                vListInsert
 .text.uxListRemove
                0x000009e4       0x50 ./SDK/rtos/FreeRTOS/src/list.o
                0x000009e4                uxListRemove
 .text.xQueueGenericReset
                0x00000a34       0xac ./SDK/rtos/FreeRTOS/src/queue.o
                0x00000a34                xQueueGenericReset
 .text.xQueueGenericCreate
                0x00000ae0       0x80 ./SDK/rtos/FreeRTOS/src/queue.o
                0x00000ae0                xQueueGenericCreate
 .text.xQueueCreateMutex
                0x00000b60       0x8c ./SDK/rtos/FreeRTOS/src/queue.o
                0x00000b60                xQueueCreateMutex
 .text.xQueueGetMutexHolder
                0x00000bec       0x30 ./SDK/rtos/FreeRTOS/src/queue.o
                0x00000bec                xQueueGetMutexHolder
 .text.xQueueGenericSend
                0x00000c1c      0x180 ./SDK/rtos/FreeRTOS/src/queue.o
                0x00000c1c                xQueueGenericSend
 .text.xQueueGenericSendFromISR
                0x00000d9c       0xcc ./SDK/rtos/FreeRTOS/src/queue.o
                0x00000d9c                xQueueGenericSendFromISR
 .text.xQueueGenericReceive
                0x00000e68      0x1bc ./SDK/rtos/FreeRTOS/src/queue.o
                0x00000e68                xQueueGenericReceive
 .text.prvCopyDataToQueue
                0x00001024       0xd4 ./SDK/rtos/FreeRTOS/src/queue.o
 .text.prvCopyDataFromQueue
                0x000010f8       0x50 ./SDK/rtos/FreeRTOS/src/queue.o
 .text.prvUnlockQueue
                0x00001148       0x98 ./SDK/rtos/FreeRTOS/src/queue.o
 .text.prvIsQueueEmpty
                0x000011e0       0x2c ./SDK/rtos/FreeRTOS/src/queue.o
 .text.prvIsQueueFull
                0x0000120c       0x30 ./SDK/rtos/FreeRTOS/src/queue.o
 .text.vQueueWaitForMessageRestricted
                0x0000123c       0x58 ./SDK/rtos/FreeRTOS/src/queue.o
                0x0000123c                vQueueWaitForMessageRestricted
 .text.xTaskGenericCreate
                0x00001294      0x16c ./SDK/rtos/FreeRTOS/src/tasks.o
                0x00001294                xTaskGenericCreate
 .text.vTaskDelay
                0x00001400       0x64 ./SDK/rtos/FreeRTOS/src/tasks.o
                0x00001400                vTaskDelay
 .text.vTaskStartScheduler
                0x00001464       0x74 ./SDK/rtos/FreeRTOS/src/tasks.o
                0x00001464                vTaskStartScheduler
 .text.vTaskSuspendAll
                0x000014d8       0x18 ./SDK/rtos/FreeRTOS/src/tasks.o
                0x000014d8                vTaskSuspendAll
 .text.xTaskResumeAll
                0x000014f0      0x108 ./SDK/rtos/FreeRTOS/src/tasks.o
                0x000014f0                xTaskResumeAll
 .text.xTaskGetTickCount
                0x000015f8       0x24 ./SDK/rtos/FreeRTOS/src/tasks.o
                0x000015f8                xTaskGetTickCount
 .text.xTaskIncrementTick
                0x0000161c      0x16c ./SDK/rtos/FreeRTOS/src/tasks.o
                0x0000161c                xTaskIncrementTick
 .text.vTaskSwitchContext
                0x00001788       0xa0 ./SDK/rtos/FreeRTOS/src/tasks.o
                0x00001788                vTaskSwitchContext
 .text.vTaskPlaceOnEventList
                0x00001828       0x6c ./SDK/rtos/FreeRTOS/src/tasks.o
                0x00001828                vTaskPlaceOnEventList
 .text.vTaskPlaceOnEventListRestricted
                0x00001894       0x50 ./SDK/rtos/FreeRTOS/src/tasks.o
                0x00001894                vTaskPlaceOnEventListRestricted
 .text.xTaskRemoveFromEventList
                0x000018e4       0xb8 ./SDK/rtos/FreeRTOS/src/tasks.o
                0x000018e4                xTaskRemoveFromEventList
 .text.vTaskSetTimeOutState
                0x0000199c       0x30 ./SDK/rtos/FreeRTOS/src/tasks.o
                0x0000199c                vTaskSetTimeOutState
 .text.xTaskCheckForTimeOut
                0x000019cc       0x9c ./SDK/rtos/FreeRTOS/src/tasks.o
                0x000019cc                xTaskCheckForTimeOut
 .text.vTaskMissedYield
                0x00001a68       0x14 ./SDK/rtos/FreeRTOS/src/tasks.o
                0x00001a68                vTaskMissedYield
 .text.prvIdleTask
                0x00001a7c       0x20 ./SDK/rtos/FreeRTOS/src/tasks.o
 .text.prvInitialiseTCBVariables
                0x00001a9c       0x90 ./SDK/rtos/FreeRTOS/src/tasks.o
 .text.prvInitialiseTaskLists
                0x00001b2c       0x88 ./SDK/rtos/FreeRTOS/src/tasks.o
 .text.prvCheckTasksWaitingTermination
                0x00001bb4       0x74 ./SDK/rtos/FreeRTOS/src/tasks.o
 .text.prvAddCurrentTaskToDelayedList
                0x00001c28       0x6c ./SDK/rtos/FreeRTOS/src/tasks.o
 .text.prvAllocateTCBAndStack
                0x00001c94       0x70 ./SDK/rtos/FreeRTOS/src/tasks.o
 .text.prvDeleteTCB
                0x00001d04       0x20 ./SDK/rtos/FreeRTOS/src/tasks.o
 .text.prvResetNextTaskUnblockTime
                0x00001d24       0x44 ./SDK/rtos/FreeRTOS/src/tasks.o
 .text.xTaskGetCurrentTaskHandle
                0x00001d68       0x1c ./SDK/rtos/FreeRTOS/src/tasks.o
                0x00001d68                xTaskGetCurrentTaskHandle
 .text.xTaskGetSchedulerState
                0x00001d84       0x38 ./SDK/rtos/FreeRTOS/src/tasks.o
                0x00001d84                xTaskGetSchedulerState
 .text.vTaskPriorityInherit
                0x00001dbc       0xbc ./SDK/rtos/FreeRTOS/src/tasks.o
                0x00001dbc                vTaskPriorityInherit
 .text.vTaskPriorityDisinherit
                0x00001e78       0x84 ./SDK/rtos/FreeRTOS/src/tasks.o
                0x00001e78                vTaskPriorityDisinherit
 .text.xTimerCreateTimerTask
                0x00001efc       0x60 ./SDK/rtos/FreeRTOS/src/timers.o
                0x00001efc                xTimerCreateTimerTask
 .text.xTimerGenericCommand
                0x00001f5c       0xa0 ./SDK/rtos/FreeRTOS/src/timers.o
                0x00001f5c                xTimerGenericCommand
 .text.prvProcessExpiredTimer
                0x00001ffc       0x74 ./SDK/rtos/FreeRTOS/src/timers.o
 .text.prvTimerTask
                0x00002070       0x28 ./SDK/rtos/FreeRTOS/src/timers.o
 .text.prvProcessTimerOrBlockTask
                0x00002098       0x74 ./SDK/rtos/FreeRTOS/src/timers.o
 .text.prvGetNextExpireTime
                0x0000210c       0x40 ./SDK/rtos/FreeRTOS/src/timers.o
 .text.prvSampleTimeNow
                0x0000214c       0x40 ./SDK/rtos/FreeRTOS/src/timers.o
 .text.prvInsertTimerInActiveList
                0x0000218c       0x84 ./SDK/rtos/FreeRTOS/src/timers.o
 .text.prvProcessReceivedCommands
                0x00002210      0x140 ./SDK/rtos/FreeRTOS/src/timers.o
 .text.prvSwitchTimerLists
                0x00002350       0xb8 ./SDK/rtos/FreeRTOS/src/timers.o
 .text.prvCheckForValidListAndQueue
                0x00002408       0x64 ./SDK/rtos/FreeRTOS/src/timers.o
 .text.pxPortInitialiseStack
                0x0000246c       0x50 ./SDK/rtos/FreeRTOS/port/gcc/port.o
                0x0000246c                pxPortInitialiseStack
 .text.vPortInitTickTimer
                0x000024bc       0x3c ./SDK/rtos/FreeRTOS/port/gcc/port.o
                0x000024bc                vPortInitTickTimer
 .text.vPortStartTickTimer
                0x000024f8       0x14 ./SDK/rtos/FreeRTOS/port/gcc/port.o
                0x000024f8                vPortStartTickTimer
 .text.xPortStartScheduler
                0x0000250c       0x34 ./SDK/rtos/FreeRTOS/port/gcc/port.o
                0x0000250c                xPortStartScheduler
 .text.vPortEnterCritical
                0x00002540       0x20 ./SDK/rtos/FreeRTOS/port/gcc/port.o
                0x00002540                vPortEnterCritical
 .text.vPortExitCritical
                0x00002560       0x20 ./SDK/rtos/FreeRTOS/port/gcc/port.o
                0x00002560                vPortExitCritical
 .text.vPortYieldFromISR
                0x00002580       0x1c ./SDK/rtos/FreeRTOS/port/gcc/port.o
                0x00002580                vPortYieldFromISR
 .text.SysTick_Handler
                0x0000259c       0x1c ./SDK/rtos/FreeRTOS/port/gcc/port.o
                0x0000259c                SysTick_Handler
 .text.vPortStartFirstTask
                0x000025b8       0x1c ./SDK/rtos/FreeRTOS/port/gcc/port.o
                0x000025b8                vPortStartFirstTask
 .text.SVC_Handler
                0x000025d4       0x28 ./SDK/rtos/FreeRTOS/port/gcc/port.o
                0x000025d4                SVC_Handler
 .text.PendSV_Handler
                0x000025fc       0x44 ./SDK/rtos/FreeRTOS/port/gcc/port.o
                0x000025fc                PendSV_Handler
 .text.UART_HAL_EnableTransmitter
                0x00002640       0x1c ./SDK/platform/utilities/src/fsl_debug_console.o
 .text.UART_HAL_EnableReceiver
                0x0000265c       0x1c ./SDK/platform/utilities/src/fsl_debug_console.o
 .text.UART_HAL_SetBitCountPerChar
                0x00002678       0x28 ./SDK/platform/utilities/src/fsl_debug_console.o
 .text.UART_HAL_SetStopBitCount
                0x000026a0       0x28 ./SDK/platform/utilities/src/fsl_debug_console.o
 .text.LPSCI_HAL_EnableTransmitter
                0x000026c8       0x1c ./SDK/platform/utilities/src/fsl_debug_console.o
 .text.LPSCI_HAL_EnableReceiver
                0x000026e4       0x1c ./SDK/platform/utilities/src/fsl_debug_console.o
 .text.LPSCI_HAL_SetBitCountPerChar
                0x00002700       0x28 ./SDK/platform/utilities/src/fsl_debug_console.o
 .text.LPSCI_HAL_SetStopBitCount
                0x00002728       0x28 ./SDK/platform/utilities/src/fsl_debug_console.o
 .text.DbgConsole_Init
                0x00002750      0x160 ./SDK/platform/utilities/src/fsl_debug_console.o
                0x00002750                DbgConsole_Init
 .text._write   0x000028b0       0x5c ./SDK/platform/utilities/src/fsl_debug_console.o
                0x000028b0                _write
 .text._read    0x0000290c       0x48 ./SDK/platform/utilities/src/fsl_debug_console.o
                0x0000290c                _read
 .text.SIM_HAL_EnableClock
                0x00002954       0x58 ./SDK/platform/system/src/clock/MKL25Z4/fsl_clock_MKL25Z4.o
 .text.CLOCK_HAL_GetLpsciSrc
                0x000029ac       0x28 ./SDK/platform/system/src/clock/MKL25Z4/fsl_clock_MKL25Z4.o
 .text.CLOCK_HAL_GetPllfllSel
                0x000029d4       0x24 ./SDK/platform/system/src/clock/MKL25Z4/fsl_clock_MKL25Z4.o
 .text.CLOCK_HAL_GetOutDiv1
                0x000029f8       0x28 ./SDK/platform/system/src/clock/MKL25Z4/fsl_clock_MKL25Z4.o
 .text.CLOCK_HAL_GetOutDiv4
                0x00002a20       0x28 ./SDK/platform/system/src/clock/MKL25Z4/fsl_clock_MKL25Z4.o
 .text.OSC_HAL_GetExternalRefClkCmd
                0x00002a48       0x24 ./SDK/platform/system/src/clock/MKL25Z4/fsl_clock_MKL25Z4.o
 .text.CLOCK_SYS_GetSystemClockFreq
                0x00002a6c       0x34 ./SDK/platform/system/src/clock/MKL25Z4/fsl_clock_MKL25Z4.o
                0x00002a6c                CLOCK_SYS_GetSystemClockFreq
 .text.CLOCK_SYS_GetBusClockFreq
                0x00002aa0       0x2c ./SDK/platform/system/src/clock/MKL25Z4/fsl_clock_MKL25Z4.o
                0x00002aa0                CLOCK_SYS_GetBusClockFreq
 .text.CLOCK_SYS_GetPllFllClockFreq
                0x00002acc       0x5c ./SDK/platform/system/src/clock/MKL25Z4/fsl_clock_MKL25Z4.o
                0x00002acc                CLOCK_SYS_GetPllFllClockFreq
 .text.CLOCK_SYS_GetOsc0ExternalRefClockFreq
                0x00002b28       0x2c ./SDK/platform/system/src/clock/MKL25Z4/fsl_clock_MKL25Z4.o
                0x00002b28                CLOCK_SYS_GetOsc0ExternalRefClockFreq
 .text.CLOCK_SYS_GetLpsciFreq
                0x00002b54       0x68 ./SDK/platform/system/src/clock/MKL25Z4/fsl_clock_MKL25Z4.o
                0x00002b54                CLOCK_SYS_GetLpsciFreq
 .text.CLOCK_SYS_GetUartFreq
                0x00002bbc       0x2c ./SDK/platform/system/src/clock/MKL25Z4/fsl_clock_MKL25Z4.o
                0x00002bbc                CLOCK_SYS_GetUartFreq
 .text.CLOCK_SYS_EnablePortClock
                0x00002be8       0x4c ./SDK/platform/system/src/clock/MKL25Z4/fsl_clock_MKL25Z4.o
                0x00002be8                CLOCK_SYS_EnablePortClock
 .text.CLOCK_SYS_EnableLpsciClock
                0x00002c34       0x40 ./SDK/platform/system/src/clock/MKL25Z4/fsl_clock_MKL25Z4.o
                0x00002c34                CLOCK_SYS_EnableLpsciClock
 .text.CLOCK_SYS_EnableUartClock
                0x00002c74       0x4c ./SDK/platform/system/src/clock/MKL25Z4/fsl_clock_MKL25Z4.o
                0x00002c74                CLOCK_SYS_EnableUartClock
 .text.OSA_MutexCreate
                0x00002cc0       0x4c ./SDK/platform/osa/src/fsl_os_abstraction_free_rtos.o
                0x00002cc0                OSA_MutexCreate
 .text.OSA_MutexLock
                0x00002d0c       0x90 ./SDK/platform/osa/src/fsl_os_abstraction_free_rtos.o
                0x00002d0c                OSA_MutexLock
 .text.OSA_MutexUnlock
                0x00002d9c       0x68 ./SDK/platform/osa/src/fsl_os_abstraction_free_rtos.o
                0x00002d9c                OSA_MutexUnlock
 .text.OSA_TaskCreate
                0x00002e04       0x50 ./SDK/platform/osa/src/fsl_os_abstraction_free_rtos.o
                0x00002e04                OSA_TaskCreate
 .text.OSA_Init
                0x00002e54        0xc ./SDK/platform/osa/src/fsl_os_abstraction_free_rtos.o
                0x00002e54                OSA_Init
 .text.OSA_Start
                0x00002e60       0x10 ./SDK/platform/osa/src/fsl_os_abstraction_free_rtos.o
                0x00002e60                OSA_Start
 .text.UART_HAL_SetBaudRate
                0x00002e70       0x6c ./SDK/platform/hal/src/uart/fsl_uart_hal.o
                0x00002e70                UART_HAL_SetBaudRate
 .text.UART_HAL_SetParityMode
                0x00002edc       0x40 ./SDK/platform/hal/src/uart/fsl_uart_hal.o
                0x00002edc                UART_HAL_SetParityMode
 .text.UART_HAL_Putchar
                0x00002f1c       0x34 ./SDK/platform/hal/src/uart/fsl_uart_hal.o
                0x00002f1c                UART_HAL_Putchar
 .text.UART_HAL_Getchar
                0x00002f50       0x34 ./SDK/platform/hal/src/uart/fsl_uart_hal.o
                0x00002f50                UART_HAL_Getchar
 .text.UART_HAL_SendDataPolling
                0x00002f84       0x44 ./SDK/platform/hal/src/uart/fsl_uart_hal.o
                0x00002f84                UART_HAL_SendDataPolling
 .text.UART_HAL_ReceiveDataPolling
                0x00002fc8       0xa4 ./SDK/platform/hal/src/uart/fsl_uart_hal.o
                0x00002fc8                UART_HAL_ReceiveDataPolling
 .text.CLOCK_HAL_GetClkOutStat
                0x0000306c       0x20 ./SDK/platform/hal/src/mcg/fsl_mcg_hal.o
 .text.CLOCK_HAL_IsPllSelected
                0x0000308c       0x24 ./SDK/platform/hal/src/mcg/fsl_mcg_hal.o
 .text.CLOCK_HAL_GetMcgExternalClkFreq
                0x000030b0       0x18 ./SDK/platform/hal/src/mcg/fsl_mcg_hal.o
 .text.CLOCK_HAL_TestFllExternalRefFreq
                0x000030c8       0x7c ./SDK/platform/hal/src/mcg/fsl_mcg_hal.o
                0x000030c8                CLOCK_HAL_TestFllExternalRefFreq
 .text.CLOCK_HAL_GetFllRefClk
                0x00003144       0x8c ./SDK/platform/hal/src/mcg/fsl_mcg_hal.o
                0x00003144                CLOCK_HAL_GetFllRefClk
 .text.CLOCK_HAL_TestFllFreq
                0x000031d0       0x6c ./SDK/platform/hal/src/mcg/fsl_mcg_hal.o
                0x000031d0                CLOCK_HAL_TestFllFreq
 .text.CLOCK_HAL_GetFllClk
                0x0000323c       0x7c ./SDK/platform/hal/src/mcg/fsl_mcg_hal.o
                0x0000323c                CLOCK_HAL_GetFllClk
 .text.CLOCK_HAL_GetPll0RefFreq
                0x000032b8       0x1c ./SDK/platform/hal/src/mcg/fsl_mcg_hal.o
                0x000032b8                CLOCK_HAL_GetPll0RefFreq
 .text.CLOCK_HAL_GetPll0Clk
                0x000032d4       0x90 ./SDK/platform/hal/src/mcg/fsl_mcg_hal.o
                0x000032d4                CLOCK_HAL_GetPll0Clk
 .text.CLOCK_HAL_GetInternalRefClk
                0x00003364       0x64 ./SDK/platform/hal/src/mcg/fsl_mcg_hal.o
                0x00003364                CLOCK_HAL_GetInternalRefClk
 .text.CLOCK_HAL_GetOutClk
                0x000033c8       0x7c ./SDK/platform/hal/src/mcg/fsl_mcg_hal.o
                0x000033c8                CLOCK_HAL_GetOutClk
 .text.LPSCI_HAL_Putchar
                0x00003444       0x1c ./SDK/platform/hal/src/lpsci/fsl_lpsci_hal.o
 .text.LPSCI_HAL_Getchar
                0x00003460       0x1c ./SDK/platform/hal/src/lpsci/fsl_lpsci_hal.o
 .text.LPSCI_HAL_SetBaudRate
                0x0000347c      0x14c ./SDK/platform/hal/src/lpsci/fsl_lpsci_hal.o
                0x0000347c                LPSCI_HAL_SetBaudRate
 .text.LPSCI_HAL_SetParityMode
                0x000035c8       0x40 ./SDK/platform/hal/src/lpsci/fsl_lpsci_hal.o
                0x000035c8                LPSCI_HAL_SetParityMode
 .text.LPSCI_HAL_SendDataPolling
                0x00003608       0x44 ./SDK/platform/hal/src/lpsci/fsl_lpsci_hal.o
                0x00003608                LPSCI_HAL_SendDataPolling
 .text.LPSCI_HAL_ReceiveDataPolling
                0x0000364c       0x88 ./SDK/platform/hal/src/lpsci/fsl_lpsci_hal.o
                0x0000364c                LPSCI_HAL_ReceiveDataPolling
 .text.GPIO_HAL_SetPinDir
                0x000036d4       0x6c ./SDK/platform/hal/src/gpio/fsl_gpio_hal.o
                0x000036d4                GPIO_HAL_SetPinDir
 .text.GPIO_HAL_WritePinOutput
                0x00003740       0x50 ./SDK/platform/hal/src/gpio/fsl_gpio_hal.o
                0x00003740                GPIO_HAL_WritePinOutput
 .text.NVIC_EnableIRQ
                0x00003790       0x2c ./SDK/platform/drivers/src/gpio/fsl_gpio_driver.o
 .text.PORT_HAL_SetPullCmd
                0x000037bc       0x4c ./SDK/platform/drivers/src/gpio/fsl_gpio_driver.o
 .text.PORT_HAL_SetSlewRateMode
                0x00003808       0x4c ./SDK/platform/drivers/src/gpio/fsl_gpio_driver.o
 .text.PORT_HAL_SetPassiveFilterCmd
                0x00003854       0x4c ./SDK/platform/drivers/src/gpio/fsl_gpio_driver.o
 .text.PORT_HAL_SetDriveStrengthMode
                0x000038a0       0x4c ./SDK/platform/drivers/src/gpio/fsl_gpio_driver.o
 .text.PORT_HAL_SetMuxMode
                0x000038ec       0x4c ./SDK/platform/drivers/src/gpio/fsl_gpio_driver.o
 .text.PORT_HAL_SetPinIntMode
                0x00003938       0x4c ./SDK/platform/drivers/src/gpio/fsl_gpio_driver.o
 .text.INT_SYS_EnableIRQ
                0x00003984       0x5c ./SDK/platform/drivers/src/gpio/fsl_gpio_driver.o
 .text.GPIO_DRV_Init
                0x000039e0       0x4c ./SDK/platform/drivers/src/gpio/fsl_gpio_driver.o
                0x000039e0                GPIO_DRV_Init
 .text.GPIO_DRV_InputPinInit
                0x00003a2c       0xc4 ./SDK/platform/drivers/src/gpio/fsl_gpio_driver.o
                0x00003a2c                GPIO_DRV_InputPinInit
 .text.GPIO_DRV_OutputPinInit
                0x00003af0       0x9c ./SDK/platform/drivers/src/gpio/fsl_gpio_driver.o
                0x00003af0                GPIO_DRV_OutputPinInit
 .text.SystemInit
                0x00003b8c      0x178 ./SDK/platform/devices/MKL25Z4/startup/system_MKL25Z4.o
                0x00003b8c                SystemInit
 .text.init_data_bss
                0x00003d04       0xc8 ./SDK/platform/devices/startup.o
                0x00003d04                init_data_bss
 .text.CLOCK_HAL_SetLpsciSrc
                0x00003dcc       0x30 ./Generated_Code/Cpu.o
 .text.CLOCK_SYS_SetLpsciSrc
                0x00003dfc       0x2c ./Generated_Code/Cpu.o
 .text.Components_Init
                0x00003e28       0x3c ./Generated_Code/Cpu.o
                0x00003e28                Components_Init
 .text.Task1_Init
                0x00003e64       0x4c ./Generated_Code/Task1.o
                0x00003e64                Task1_Init
 .text.Task2_Init
                0x00003eb0       0x4c ./Generated_Code/Task2.o
                0x00003eb0                Task2_Init
 .text.SIM_HAL_EnableClock
                0x00003efc       0x58 ./Generated_Code/hardware_init.o
 .text.hardware_init
                0x00003f54       0x4c ./Generated_Code/hardware_init.o
                0x00003f54                hardware_init
 .text.PORT_HAL_SetMuxMode
                0x00003fa0       0x4c ./Generated_Code/pin_init.o
 .text.SIM_HAL_SetLpsciRxSrcMode
                0x00003fec       0x2c ./Generated_Code/pin_init.o
 .text.init_gpio_pins
                0x00004018       0x34 ./Generated_Code/pin_init.o
                0x00004018                init_gpio_pins
 .text.init_osc_pins
                0x0000404c       0x2c ./Generated_Code/pin_init.o
                0x0000404c                init_osc_pins
 .text.init_rcm_pins
                0x00004078       0x20 ./Generated_Code/pin_init.o
                0x00004078                init_rcm_pins
 .text.init_swd_pins
                0x00004098       0x2c ./Generated_Code/pin_init.o
                0x00004098                init_swd_pins
 .text.init_uart0_pins
                0x000040c4       0x3c ./Generated_Code/pin_init.o
                0x000040c4                init_uart0_pins
 .text.__assert_func
                0x00004100       0x3c c:/freescale/kds_3.0.0/toolchain/bin/../lib/gcc/arm-none-eabi/4.8.4/../../../../arm-none-eabi/lib/armv6-m\libg_s.a(lib_a-assert.o)
                0x00004100                __assert_func
 .text.exit     0x0000413c       0x2c c:/freescale/kds_3.0.0/toolchain/bin/../lib/gcc/arm-none-eabi/4.8.4/../../../../arm-none-eabi/lib/armv6-m\libg_s.a(lib_a-exit.o)
                0x0000413c                exit
 .text.fprintf  0x00004168       0x24 c:/freescale/kds_3.0.0/toolchain/bin/../lib/gcc/arm-none-eabi/4.8.4/../../../../arm-none-eabi/lib/armv6-m\libg_s.a(lib_a-fprintf.o)
                0x00004168                fiprintf
                0x00004168                fprintf
 .text.__libc_init_array
                0x0000418c       0x4c c:/freescale/kds_3.0.0/toolchain/bin/../lib/gcc/arm-none-eabi/4.8.4/../../../../arm-none-eabi/lib/armv6-m\libg_s.a(lib_a-init.o)
                0x0000418c                __libc_init_array
 .text.malloc   0x000041d8       0x14 c:/freescale/kds_3.0.0/toolchain/bin/../lib/gcc/arm-none-eabi/4.8.4/../../../../arm-none-eabi/lib/armv6-m\libg_s.a(lib_a-malloc.o)
                0x000041d8                malloc
 .text.free     0x000041ec       0x14 c:/freescale/kds_3.0.0/toolchain/bin/../lib/gcc/arm-none-eabi/4.8.4/../../../../arm-none-eabi/lib/armv6-m\libg_s.a(lib_a-malloc.o)
                0x000041ec                free
 .text.memcpy   0x00004200       0x12 c:/freescale/kds_3.0.0/toolchain/bin/../lib/gcc/arm-none-eabi/4.8.4/../../../../arm-none-eabi/lib/armv6-m\libg_s.a(lib_a-memcpy-stub.o)
                0x00004200                memcpy
 .text.memset   0x00004212       0x10 c:/freescale/kds_3.0.0/toolchain/bin/../lib/gcc/arm-none-eabi/4.8.4/../../../../arm-none-eabi/lib/armv6-m\libg_s.a(lib_a-memset.o)
                0x00004212                memset
 *fill*         0x00004222        0x2 
 .text._free_r  0x00004224       0x90 c:/freescale/kds_3.0.0/toolchain/bin/../lib/gcc/arm-none-eabi/4.8.4/../../../../arm-none-eabi/lib/armv6-m\libg_s.a(lib_a-nano-freer.o)
                0x00004224                _free_r
 .text._malloc_r
                0x000042b4       0xa8 c:/freescale/kds_3.0.0/toolchain/bin/../lib/gcc/arm-none-eabi/4.8.4/../../../../arm-none-eabi/lib/armv6-m\libg_s.a(lib_a-nano-mallocr.o)
                0x000042b4                _malloc_r
 .text._sbrk_r  0x0000435c       0x24 c:/freescale/kds_3.0.0/toolchain/bin/../lib/gcc/arm-none-eabi/4.8.4/../../../../arm-none-eabi/lib/armv6-m\libg_s.a(lib_a-sbrkr.o)
                0x0000435c                _sbrk_r
 .text.strlen   0x00004380        0xe c:/freescale/kds_3.0.0/toolchain/bin/../lib/gcc/arm-none-eabi/4.8.4/../../../../arm-none-eabi/lib/armv6-m\libg_s.a(lib_a-strlen.o)
                0x00004380                strlen
 .text.__sfputc_r
                0x0000438e       0x2a c:/freescale/kds_3.0.0/toolchain/bin/../lib/gcc/arm-none-eabi/4.8.4/../../../../arm-none-eabi/lib/armv6-m\libg_s.a(lib_a-vfprintf.o)
 .text.__sfputs_r
                0x000043b8       0x24 c:/freescale/kds_3.0.0/toolchain/bin/../lib/gcc/arm-none-eabi/4.8.4/../../../../arm-none-eabi/lib/armv6-m\libg_s.a(lib_a-vfprintf.o)
                0x000043b8                __sfputs_r
 .text._vfprintf_r
                0x000043dc      0x210 c:/freescale/kds_3.0.0/toolchain/bin/../lib/gcc/arm-none-eabi/4.8.4/../../../../arm-none-eabi/lib/armv6-m\libg_s.a(lib_a-vfprintf.o)
                0x000043dc                _vfprintf_r
                0x000043dc                _vfiprintf_r
 .text._printf_common
                0x000045ec       0xe8 c:/freescale/kds_3.0.0/toolchain/bin/../lib/gcc/arm-none-eabi/4.8.4/../../../../arm-none-eabi/lib/armv6-m\libg_s.a(lib_a-vfprintf_i.o)
                0x000045ec                _printf_common
 .text._printf_i
                0x000046d4      0x22c c:/freescale/kds_3.0.0/toolchain/bin/../lib/gcc/arm-none-eabi/4.8.4/../../../../arm-none-eabi/lib/armv6-m\libg_s.a(lib_a-vfprintf_i.o)
                0x000046d4                _printf_i
 .text.__swbuf_r
                0x00004900       0xb0 c:/freescale/kds_3.0.0/toolchain/bin/../lib/gcc/arm-none-eabi/4.8.4/../../../../arm-none-eabi/lib/armv6-m\libg_s.a(lib_a-wbuf.o)
                0x00004900                __swbuf_r
 .text.__swsetup_r
                0x000049b0       0xe4 c:/freescale/kds_3.0.0/toolchain/bin/../lib/gcc/arm-none-eabi/4.8.4/../../../../arm-none-eabi/lib/armv6-m\libg_s.a(lib_a-wsetup.o)
                0x000049b0                __swsetup_r
 .text.abort    0x00004a94        0xe c:/freescale/kds_3.0.0/toolchain/bin/../lib/gcc/arm-none-eabi/4.8.4/../../../../arm-none-eabi/lib/armv6-m\libg_s.a(lib_a-abort.o)
                0x00004a94                abort
 .text.__sflush_r
                0x00004aa2      0x112 c:/freescale/kds_3.0.0/toolchain/bin/../lib/gcc/arm-none-eabi/4.8.4/../../../../arm-none-eabi/lib/armv6-m\libg_s.a(lib_a-fflush.o)
                0x00004aa2                __sflush_r
 .text._fflush_r
                0x00004bb4       0x58 c:/freescale/kds_3.0.0/toolchain/bin/../lib/gcc/arm-none-eabi/4.8.4/../../../../arm-none-eabi/lib/armv6-m\libg_s.a(lib_a-fflush.o)
                0x00004bb4                _fflush_r
 .text._cleanup_r
                0x00004c0c       0x34 c:/freescale/kds_3.0.0/toolchain/bin/../lib/gcc/arm-none-eabi/4.8.4/../../../../arm-none-eabi/lib/armv6-m\libg_s.a(lib_a-findfp.o)
                0x00004c0c                _cleanup_r
 .text.std.isra.0
                0x00004c40       0x48 c:/freescale/kds_3.0.0/toolchain/bin/../lib/gcc/arm-none-eabi/4.8.4/../../../../arm-none-eabi/lib/armv6-m\libg_s.a(lib_a-findfp.o)
 .text.__sfmoreglue
                0x00004c88       0x2c c:/freescale/kds_3.0.0/toolchain/bin/../lib/gcc/arm-none-eabi/4.8.4/../../../../arm-none-eabi/lib/armv6-m\libg_s.a(lib_a-findfp.o)
                0x00004c88                __sfmoreglue
 .text.__sinit  0x00004cb4       0x64 c:/freescale/kds_3.0.0/toolchain/bin/../lib/gcc/arm-none-eabi/4.8.4/../../../../arm-none-eabi/lib/armv6-m\libg_s.a(lib_a-findfp.o)
                0x00004cb4                __sinit
 .text.__sfp    0x00004d18       0x7c c:/freescale/kds_3.0.0/toolchain/bin/../lib/gcc/arm-none-eabi/4.8.4/../../../../arm-none-eabi/lib/armv6-m\libg_s.a(lib_a-findfp.o)
                0x00004d18                __sfp
 .text.__smakebuf_r
                0x00004d94       0xa0 c:/freescale/kds_3.0.0/toolchain/bin/../lib/gcc/arm-none-eabi/4.8.4/../../../../arm-none-eabi/lib/armv6-m\libg_s.a(lib_a-makebuf.o)
                0x00004d94                __smakebuf_r
 .text.memchr   0x00004e34       0x16 c:/freescale/kds_3.0.0/toolchain/bin/../lib/gcc/arm-none-eabi/4.8.4/../../../../arm-none-eabi/lib/armv6-m\libg_s.a(lib_a-memchr-stub.o)
                0x00004e34                memchr
 .text._raise_r
                0x00004e4a       0x56 c:/freescale/kds_3.0.0/toolchain/bin/../lib/gcc/arm-none-eabi/4.8.4/../../../../arm-none-eabi/lib/armv6-m\libg_s.a(lib_a-signal.o)
                0x00004e4a                _raise_r
 .text.raise    0x00004ea0       0x14 c:/freescale/kds_3.0.0/toolchain/bin/../lib/gcc/arm-none-eabi/4.8.4/../../../../arm-none-eabi/lib/armv6-m\libg_s.a(lib_a-signal.o)
                0x00004ea0                raise
 .text._kill_r  0x00004eb4       0x24 c:/freescale/kds_3.0.0/toolchain/bin/../lib/gcc/arm-none-eabi/4.8.4/../../../../arm-none-eabi/lib/armv6-m\libg_s.a(lib_a-signalr.o)
                0x00004eb4                _kill_r
 .text._getpid_r
                0x00004ed8        0x8 c:/freescale/kds_3.0.0/toolchain/bin/../lib/gcc/arm-none-eabi/4.8.4/../../../../arm-none-eabi/lib/armv6-m\libg_s.a(lib_a-signalr.o)
                0x00004ed8                _getpid_r
 .text.__sread  0x00004ee0       0x28 c:/freescale/kds_3.0.0/toolchain/bin/../lib/gcc/arm-none-eabi/4.8.4/../../../../arm-none-eabi/lib/armv6-m\libg_s.a(lib_a-stdio.o)
                0x00004ee0                __sread
 .text.__swrite
                0x00004f08       0x38 c:/freescale/kds_3.0.0/toolchain/bin/../lib/gcc/arm-none-eabi/4.8.4/../../../../arm-none-eabi/lib/armv6-m\libg_s.a(lib_a-stdio.o)
                0x00004f08                __swrite
 .text.__sseek  0x00004f40       0x2c c:/freescale/kds_3.0.0/toolchain/bin/../lib/gcc/arm-none-eabi/4.8.4/../../../../arm-none-eabi/lib/armv6-m\libg_s.a(lib_a-stdio.o)
                0x00004f40                __sseek
 .text.__sclose
                0x00004f6c        0xc c:/freescale/kds_3.0.0/toolchain/bin/../lib/gcc/arm-none-eabi/4.8.4/../../../../arm-none-eabi/lib/armv6-m\libg_s.a(lib_a-stdio.o)
                0x00004f6c                __sclose
 .text._write_r
                0x00004f78       0x28 c:/freescale/kds_3.0.0/toolchain/bin/../lib/gcc/arm-none-eabi/4.8.4/../../../../arm-none-eabi/lib/armv6-m\libg_s.a(lib_a-writer.o)
                0x00004f78                _write_r
 .text._close_r
                0x00004fa0       0x24 c:/freescale/kds_3.0.0/toolchain/bin/../lib/gcc/arm-none-eabi/4.8.4/../../../../arm-none-eabi/lib/armv6-m\libg_s.a(lib_a-closer.o)
                0x00004fa0                _close_r
 .text._fstat_r
                0x00004fc4       0x24 c:/freescale/kds_3.0.0/toolchain/bin/../lib/gcc/arm-none-eabi/4.8.4/../../../../arm-none-eabi/lib/armv6-m\libg_s.a(lib_a-fstatr.o)
                0x00004fc4                _fstat_r
 .text._isatty_r
                0x00004fe8       0x24 c:/freescale/kds_3.0.0/toolchain/bin/../lib/gcc/arm-none-eabi/4.8.4/../../../../arm-none-eabi/lib/armv6-m\libg_s.a(lib_a-isattyr.o)
                0x00004fe8                _isatty_r
 .text._lseek_r
                0x0000500c       0x28 c:/freescale/kds_3.0.0/toolchain/bin/../lib/gcc/arm-none-eabi/4.8.4/../../../../arm-none-eabi/lib/armv6-m\libg_s.a(lib_a-lseekr.o)
                0x0000500c                _lseek_r
 .text._read_r  0x00005034       0x28 c:/freescale/kds_3.0.0/toolchain/bin/../lib/gcc/arm-none-eabi/4.8.4/../../../../arm-none-eabi/lib/armv6-m\libg_s.a(lib_a-readr.o)
                0x00005034                _read_r
 .text._close   0x0000505c       0x10 c:/freescale/kds_3.0.0/toolchain/bin/../lib/gcc/arm-none-eabi/4.8.4/../../../../arm-none-eabi/lib/armv6-m\libnosys.a(close.o)
                0x0000505c                _close
 .text._fstat   0x0000506c       0x10 c:/freescale/kds_3.0.0/toolchain/bin/../lib/gcc/arm-none-eabi/4.8.4/../../../../arm-none-eabi/lib/armv6-m\libnosys.a(fstat.o)
                0x0000506c                _fstat
 .text._getpid  0x0000507c       0x10 c:/freescale/kds_3.0.0/toolchain/bin/../lib/gcc/arm-none-eabi/4.8.4/../../../../arm-none-eabi/lib/armv6-m\libnosys.a(getpid.o)
                0x0000507c                _getpid
 .text._isatty  0x0000508c       0x10 c:/freescale/kds_3.0.0/toolchain/bin/../lib/gcc/arm-none-eabi/4.8.4/../../../../arm-none-eabi/lib/armv6-m\libnosys.a(isatty.o)
                0x0000508c                _isatty
 .text._kill    0x0000509c       0x10 c:/freescale/kds_3.0.0/toolchain/bin/../lib/gcc/arm-none-eabi/4.8.4/../../../../arm-none-eabi/lib/armv6-m\libnosys.a(kill.o)
                0x0000509c                _kill
 .text._lseek   0x000050ac       0x10 c:/freescale/kds_3.0.0/toolchain/bin/../lib/gcc/arm-none-eabi/4.8.4/../../../../arm-none-eabi/lib/armv6-m\libnosys.a(lseek.o)
                0x000050ac                _lseek
 .text._sbrk    0x000050bc       0x34 c:/freescale/kds_3.0.0/toolchain/bin/../lib/gcc/arm-none-eabi/4.8.4/../../../../arm-none-eabi/lib/armv6-m\libnosys.a(sbrk.o)
                0x000050bc                _sbrk
 .text._exit    0x000050f0        0x4 c:/freescale/kds_3.0.0/toolchain/bin/../lib/gcc/arm-none-eabi/4.8.4/../../../../arm-none-eabi/lib/armv6-m\libnosys.a(_exit.o)
                0x000050f0                _exit
 *(.rodata)
 .rodata        0x000050f4      0x118 ./Sources/ledrgb_hal.o
 .rodata        0x0000520c        0x8 ./SDK/rtos/FreeRTOS/src/tasks.o
 .rodata        0x00005214        0x8 ./SDK/rtos/FreeRTOS/src/timers.o
 .rodata        0x0000521c        0xc ./SDK/platform/utilities/src/fsl_debug_console.o
 .rodata        0x00005228      0x21c ./SDK/platform/system/src/clock/MKL25Z4/fsl_clock_MKL25Z4.o
 .rodata        0x00005444       0x60 ./SDK/platform/osa/src/fsl_os_abstraction_free_rtos.o
 .rodata        0x000054a4       0x38 ./SDK/platform/hal/src/gpio/fsl_gpio_hal.o
 .rodata        0x000054dc      0x1e0 ./SDK/platform/drivers/src/gpio/fsl_gpio_driver.o
 .rodata        0x000056bc        0x8 ./Generated_Code/Task1.o
 .rodata        0x000056c4        0x8 ./Generated_Code/Task2.o
 .rodata        0x000056cc       0x8c ./Generated_Code/pin_init.o
 *(.rodata*)
 .rodata.__func__.6331
                0x00005758       0x14 ./Sources/ledrgb_hal.o
 .rodata.__func__.6409
                0x0000576c       0x18 ./Sources/ledrgb_hal.o
 .rodata.__func__.6414
                0x00005784       0x18 ./Sources/ledrgb_hal.o
 .rodata.prvProcessReceivedCommands
                0x0000579c       0x28 ./SDK/rtos/FreeRTOS/src/timers.o
 .rodata.portGateTable
                0x000057c4        0x8 ./SDK/platform/system/src/clock/MKL25Z4/fsl_clock_MKL25Z4.o
 .rodata.uartGateTable
                0x000057cc        0x4 ./SDK/platform/system/src/clock/MKL25Z4/fsl_clock_MKL25Z4.o
 .rodata.__func__.6937
                0x000057d0       0x1c ./SDK/platform/system/src/clock/MKL25Z4/fsl_clock_MKL25Z4.o
 .rodata.__func__.7010
                0x000057ec       0x1c ./SDK/platform/system/src/clock/MKL25Z4/fsl_clock_MKL25Z4.o
 .rodata.__func__.7015
                0x00005808       0x1c ./SDK/platform/system/src/clock/MKL25Z4/fsl_clock_MKL25Z4.o
 .rodata.g_oscBase
                0x00005824        0x4 ./SDK/platform/system/src/clock/fsl_clock_manager_common.o
                0x00005824                g_oscBase
 .rodata.__func__.5689
                0x00005828       0x10 ./SDK/platform/osa/src/fsl_os_abstraction_free_rtos.o
 .rodata.__func__.5695
                0x00005838       0x10 ./SDK/platform/osa/src/fsl_os_abstraction_free_rtos.o
 .rodata.__func__.5699
                0x00005848       0x10 ./SDK/platform/osa/src/fsl_os_abstraction_free_rtos.o
 .rodata.fllFactorTable.5299
                0x00005858       0x10 ./SDK/platform/hal/src/mcg/fsl_mcg_hal.o
 .rodata.__func__.5170
                0x00005868       0x14 ./SDK/platform/hal/src/gpio/fsl_gpio_hal.o
 .rodata.__func__.5176
                0x0000587c       0x18 ./SDK/platform/hal/src/gpio/fsl_gpio_hal.o
 .rodata.g_gpioBase
                0x00005894       0x14 ./SDK/platform/drivers/src/gpio/fsl_gpio_common.o
                0x00005894                g_gpioBase
 .rodata.g_portBase
                0x000058a8       0x14 ./SDK/platform/drivers/src/gpio/fsl_gpio_common.o
                0x000058a8                g_portBase
 .rodata.g_portIrqId
                0x000058bc        0x8 ./SDK/platform/drivers/src/gpio/fsl_gpio_common.o
                0x000058bc                g_portIrqId
 .rodata.__func__.5089
                0x000058c4       0x14 ./SDK/platform/drivers/src/gpio/fsl_gpio_driver.o
 .rodata.__func__.5065
                0x000058d8       0x14 ./SDK/platform/drivers/src/gpio/fsl_gpio_driver.o
 .rodata.__func__.5077
                0x000058ec       0x20 ./SDK/platform/drivers/src/gpio/fsl_gpio_driver.o
 .rodata.__func__.5103
                0x0000590c       0x18 ./SDK/platform/drivers/src/gpio/fsl_gpio_driver.o
 .rodata.__func__.6568
                0x00005924       0x14 ./SDK/platform/drivers/src/gpio/fsl_gpio_driver.o
 .rodata.__func__.5071
                0x00005938       0x1c ./SDK/platform/drivers/src/gpio/fsl_gpio_driver.o
 .rodata.__func__.5083
                0x00005954       0x20 ./SDK/platform/drivers/src/gpio/fsl_gpio_driver.o
 .rodata.gpio1_InpConfig0
                0x00005974       0x10 ./Generated_Code/gpio1.o
                0x00005974                gpio1_InpConfig0
 .rodata.gpio1_OutConfig0
                0x00005984       0x18 ./Generated_Code/gpio1.o
                0x00005984                gpio1_OutConfig0
 .rodata.__func__.5089
                0x0000599c       0x14 ./Generated_Code/pin_init.o
 .rodata.str1.1
                0x000059b0       0x3c c:/freescale/kds_3.0.0/toolchain/bin/../lib/gcc/arm-none-eabi/4.8.4/../../../../arm-none-eabi/lib/armv6-m\libg_s.a(lib_a-assert.o)
                                 0x3d (size before relaxing)
 .rodata.str1.1
                0x000059ec        0x2 c:/freescale/kds_3.0.0/toolchain/bin/../lib/gcc/arm-none-eabi/4.8.4/../../../../arm-none-eabi/lib/armv6-m\libg_s.a(lib_a-impure.o)
 *fill*         0x000059ee        0x2 
 .rodata._global_impure_ptr
                0x000059f0        0x4 c:/freescale/kds_3.0.0/toolchain/bin/../lib/gcc/arm-none-eabi/4.8.4/../../../../arm-none-eabi/lib/armv6-m\libg_s.a(lib_a-impure.o)
                0x000059f0                _global_impure_ptr
 .rodata.str1.1
                0x000059f4       0x11 c:/freescale/kds_3.0.0/toolchain/bin/../lib/gcc/arm-none-eabi/4.8.4/../../../../arm-none-eabi/lib/armv6-m\libg_s.a(lib_a-vfprintf.o)
 .rodata.str1.1
                0x00005a05       0x22 c:/freescale/kds_3.0.0/toolchain/bin/../lib/gcc/arm-none-eabi/4.8.4/../../../../arm-none-eabi/lib/armv6-m\libg_s.a(lib_a-vfprintf_i.o)
 *fill*         0x00005a27        0x1 
 .rodata.__sf_fake_stdin
                0x00005a28       0x20 c:/freescale/kds_3.0.0/toolchain/bin/../lib/gcc/arm-none-eabi/4.8.4/../../../../arm-none-eabi/lib/armv6-m\libg_s.a(lib_a-findfp.o)
                0x00005a28                __sf_fake_stdin
 .rodata.__sf_fake_stdout
                0x00005a48       0x20 c:/freescale/kds_3.0.0/toolchain/bin/../lib/gcc/arm-none-eabi/4.8.4/../../../../arm-none-eabi/lib/armv6-m\libg_s.a(lib_a-findfp.o)
                0x00005a48                __sf_fake_stdout
 .rodata.__sf_fake_stderr
                0x00005a68       0x20 c:/freescale/kds_3.0.0/toolchain/bin/../lib/gcc/arm-none-eabi/4.8.4/../../../../arm-none-eabi/lib/armv6-m\libg_s.a(lib_a-findfp.o)
                0x00005a68                __sf_fake_stderr
 *(.glue_7)
 .glue_7        0x00000000        0x0 linker stubs
 *(.glue_7t)
 .glue_7t       0x00000000        0x0 linker stubs
 *(.eh_frame)
 .eh_frame      0x00005a88        0x0 c:/freescale/kds_3.0.0/toolchain/bin/../lib/gcc/arm-none-eabi/4.8.4/armv6-m/crtbegin.o
 *(.init)
 .init          0x00005a88        0x4 c:/freescale/kds_3.0.0/toolchain/bin/../lib/gcc/arm-none-eabi/4.8.4/armv6-m/crti.o
                0x00005a88                _init
 .init          0x00005a8c        0x8 c:/freescale/kds_3.0.0/toolchain/bin/../lib/gcc/arm-none-eabi/4.8.4/armv6-m/crtn.o
 *(.fini)
 .fini          0x00005a94        0x4 c:/freescale/kds_3.0.0/toolchain/bin/../lib/gcc/arm-none-eabi/4.8.4/armv6-m/crti.o
                0x00005a94                _fini
 .fini          0x00005a98        0x8 c:/freescale/kds_3.0.0/toolchain/bin/../lib/gcc/arm-none-eabi/4.8.4/armv6-m/crtn.o
                0x00005aa0                . = ALIGN (0x4)

.vfp11_veneer   0x00005aa0        0x0
 .vfp11_veneer  0x00000000        0x0 linker stubs

.v4_bx          0x00005aa0        0x0
 .v4_bx         0x00000000        0x0 linker stubs

.iplt           0x00005aa0        0x0
 .iplt          0x00000000        0x0 c:/freescale/kds_3.0.0/toolchain/bin/../lib/gcc/arm-none-eabi/4.8.4/armv6-m/crtbegin.o

.ARM.extab
 *(.ARM.extab* .gnu.linkonce.armextab.*)

.ARM            0x00005aa0        0x8
                0x00005aa0                __exidx_start = .
 *(.ARM.exidx*)
 .ARM.exidx     0x00005aa0        0x8 c:/freescale/kds_3.0.0/toolchain/bin/../lib/gcc/arm-none-eabi/4.8.4/../../../../arm-none-eabi/lib/armv6-m/crt0.o
                0x00005aa8                __exidx_end = .

.rel.dyn        0x00005aa8        0x0
 .rel.iplt      0x00000000        0x0 c:/freescale/kds_3.0.0/toolchain/bin/../lib/gcc/arm-none-eabi/4.8.4/armv6-m/crtbegin.o

.ctors          0x00005aa8        0x0
                0x00005aa8                __CTOR_LIST__ = .
 *crtbegin.o(.ctors)
 *crtbegin?.o(.ctors)
 *(EXCLUDE_FILE(*crtend.o *crtend?.o) .ctors)
 *(SORT(.ctors.*))
 *(.ctors)
                0x00005aa8                __CTOR_END__ = .

.dtors          0x00005aa8        0x0
                0x00005aa8                __DTOR_LIST__ = .
 *crtbegin.o(.dtors)
 *crtbegin?.o(.dtors)
 *(EXCLUDE_FILE(*crtend.o *crtend?.o) .dtors)
 *(SORT(.dtors.*))
 *(.dtors)
                0x00005aa8                __DTOR_END__ = .

.preinit_array  0x00005aa8        0x0
                0x00005aa8                PROVIDE (__preinit_array_start, .)
 *(.preinit_array*)
                0x00005aa8                PROVIDE (__preinit_array_end, .)

.init_array     0x00005aa8        0x4
                0x00005aa8                PROVIDE (__init_array_start, .)
 *(SORT(.init_array.*))
 *(.init_array*)
 .init_array    0x00005aa8        0x4 c:/freescale/kds_3.0.0/toolchain/bin/../lib/gcc/arm-none-eabi/4.8.4/armv6-m/crtbegin.o
                0x00005aac                PROVIDE (__init_array_end, .)

.fini_array     0x00005aac        0x4
                0x00005aac                PROVIDE (__fini_array_start, .)
 *(SORT(.fini_array.*))
 *(.fini_array*)
 .fini_array    0x00005aac        0x4 c:/freescale/kds_3.0.0/toolchain/bin/../lib/gcc/arm-none-eabi/4.8.4/armv6-m/crtbegin.o
                0x00005ab0                PROVIDE (__fini_array_end, .)
                0x00005ab0                __etext = .
                0x00005ab0                __DATA_ROM = .

.mtb            0x1ffff200        0x0
                0x1ffff200                . = ALIGN (0x8)
                0x1ffff200                _mtb_start = .
 *(.mtb_buf)
                0x1ffff200                . = ALIGN (0x8)
                0x1ffff200                _mtb_end = .

.data           0x1ffff200       0x78 load address 0x00005ab0
                0x1ffff200                . = ALIGN (0x4)
                0x1ffff200                __DATA_RAM = .
                0x1ffff200                __data_start__ = .
 *(.data)
 *(.data*)
 .data.xNextTaskUnblockTime
                0x1ffff200        0x4 ./SDK/rtos/FreeRTOS/src/tasks.o
 .data.uxCriticalNesting
                0x1ffff204        0x4 ./SDK/rtos/FreeRTOS/port/gcc/port.o
 .data.g_fastInternalRefClkFreq
                0x1ffff208        0x4 ./SDK/platform/hal/src/mcg/fsl_mcg_hal.o
                0x1ffff208                g_fastInternalRefClkFreq
 .data.g_slowInternalRefClkFreq
                0x1ffff20c        0x4 ./SDK/platform/hal/src/mcg/fsl_mcg_hal.o
                0x1ffff20c                g_slowInternalRefClkFreq
 .data.impure_data
                0x1ffff210       0x60 c:/freescale/kds_3.0.0/toolchain/bin/../lib/gcc/arm-none-eabi/4.8.4/../../../../arm-none-eabi/lib/armv6-m\libg_s.a(lib_a-impure.o)
 .data._impure_ptr
                0x1ffff270        0x4 c:/freescale/kds_3.0.0/toolchain/bin/../lib/gcc/arm-none-eabi/4.8.4/../../../../arm-none-eabi/lib/armv6-m\libg_s.a(lib_a-impure.o)
                0x1ffff270                _impure_ptr
 *(.jcr*)
 .jcr           0x1ffff274        0x0 c:/freescale/kds_3.0.0/toolchain/bin/../lib/gcc/arm-none-eabi/4.8.4/armv6-m/crtbegin.o
 .jcr           0x1ffff274        0x4 c:/freescale/kds_3.0.0/toolchain/bin/../lib/gcc/arm-none-eabi/4.8.4/armv6-m/crtend.o
                0x1ffff278                . = ALIGN (0x4)
                0x1ffff278                __data_end__ = .
                0x00005b28                __DATA_END = (__DATA_ROM + (__data_end__ - __data_start__))
                0x00005b28                __m_interrupts_ram_ROMStart = (__DATA_ROM + SIZEOF (.data))

.igot.plt       0x1ffff278        0x0 load address 0x00005b28
 .igot.plt      0x00000000        0x0 c:/freescale/kds_3.0.0/toolchain/bin/../lib/gcc/arm-none-eabi/4.8.4/armv6-m/crtbegin.o

.m_interrupts_ram
                0x1ffff000      0x200 load address 0x00005b28
                0x1ffff000                . = ALIGN (0x4)
                0x1ffff000                __m_interrupts_ram_RAMStart = .
 *(.m_interrupts_ram)
                0x1ffff200                . = (. + 0x200)
 *fill*         0x1ffff000      0x200 
                0x1ffff200                __m_interrupts_ram_RAMEnd = .
                0x1ffff200                . = ALIGN (0x4)
                0x00000200                __m_interrupts_ram_ROMSize = (__m_interrupts_ram_RAMEnd - __m_interrupts_ram_RAMStart)
                0x00000200                __RAM_VECTOR_TABLE_SIZE_BYTES = (__m_interrupts_ram_RAMEnd - __m_interrupts_ram_RAMStart)

.bss            0x1ffff278      0x628 load address 0x00005b28
                0x1ffff278                . = ALIGN (0x4)
                0x1ffff278                __START_BSS = .
                0x1ffff278                __bss_start__ = .
 *(.bss)
 .bss           0x1ffff278       0x1c c:/freescale/kds_3.0.0/toolchain/bin/../lib/gcc/arm-none-eabi/4.8.4/armv6-m/crtbegin.o
 *(.bss*)
 .bss.pxCurrentTCB
                0x1ffff294        0x4 ./SDK/rtos/FreeRTOS/src/tasks.o
                0x1ffff294                pxCurrentTCB
 .bss.pxReadyTasksLists
                0x1ffff298      0x500 ./SDK/rtos/FreeRTOS/src/tasks.o
 .bss.xDelayedTaskList1
                0x1ffff798       0x14 ./SDK/rtos/FreeRTOS/src/tasks.o
 .bss.xDelayedTaskList2
                0x1ffff7ac       0x14 ./SDK/rtos/FreeRTOS/src/tasks.o
 .bss.pxDelayedTaskList
                0x1ffff7c0        0x4 ./SDK/rtos/FreeRTOS/src/tasks.o
 .bss.pxOverflowDelayedTaskList
                0x1ffff7c4        0x4 ./SDK/rtos/FreeRTOS/src/tasks.o
 .bss.xPendingReadyList
                0x1ffff7c8       0x14 ./SDK/rtos/FreeRTOS/src/tasks.o
 .bss.xTasksWaitingTermination
                0x1ffff7dc       0x14 ./SDK/rtos/FreeRTOS/src/tasks.o
 .bss.uxTasksDeleted
                0x1ffff7f0        0x4 ./SDK/rtos/FreeRTOS/src/tasks.o
 .bss.xSuspendedTaskList
                0x1ffff7f4       0x14 ./SDK/rtos/FreeRTOS/src/tasks.o
 .bss.uxCurrentNumberOfTasks
                0x1ffff808        0x4 ./SDK/rtos/FreeRTOS/src/tasks.o
 .bss.xTickCount
                0x1ffff80c        0x4 ./SDK/rtos/FreeRTOS/src/tasks.o
 .bss.uxTopReadyPriority
                0x1ffff810        0x4 ./SDK/rtos/FreeRTOS/src/tasks.o
 .bss.xSchedulerRunning
                0x1ffff814        0x4 ./SDK/rtos/FreeRTOS/src/tasks.o
 .bss.uxPendedTicks
                0x1ffff818        0x4 ./SDK/rtos/FreeRTOS/src/tasks.o
 .bss.xYieldPending
                0x1ffff81c        0x4 ./SDK/rtos/FreeRTOS/src/tasks.o
 .bss.xNumOfOverflows
                0x1ffff820        0x4 ./SDK/rtos/FreeRTOS/src/tasks.o
 .bss.uxTaskNumber
                0x1ffff824        0x4 ./SDK/rtos/FreeRTOS/src/tasks.o
 .bss.uxSchedulerSuspended
                0x1ffff828        0x4 ./SDK/rtos/FreeRTOS/src/tasks.o
 .bss.xActiveTimerList1
                0x1ffff82c       0x14 ./SDK/rtos/FreeRTOS/src/timers.o
 .bss.xActiveTimerList2
                0x1ffff840       0x14 ./SDK/rtos/FreeRTOS/src/timers.o
 .bss.pxCurrentTimerList
                0x1ffff854        0x4 ./SDK/rtos/FreeRTOS/src/timers.o
 .bss.pxOverflowTimerList
                0x1ffff858        0x4 ./SDK/rtos/FreeRTOS/src/timers.o
 .bss.xTimerQueue
                0x1ffff85c        0x4 ./SDK/rtos/FreeRTOS/src/timers.o
 .bss.xLastTime.4816
                0x1ffff860        0x4 ./SDK/rtos/FreeRTOS/src/timers.o
 .bss.s_debugConsole
                0x1ffff864       0x10 ./SDK/platform/utilities/src/fsl_debug_console.o
 .bss.Task1_stack
                0x1ffff874        0x4 ./Generated_Code/Task1.o
                0x1ffff874                Task1_stack
 .bss.Task2_stack
                0x1ffff878        0x4 ./Generated_Code/Task2.o
                0x1ffff878                Task2_stack
 .bss.__malloc_sbrk_start
                0x1ffff87c        0x4 c:/freescale/kds_3.0.0/toolchain/bin/../lib/gcc/arm-none-eabi/4.8.4/../../../../arm-none-eabi/lib/armv6-m\libg_s.a(lib_a-nano-mallocr.o)
                0x1ffff87c                __malloc_sbrk_start
 .bss.__malloc_free_list
                0x1ffff880        0x4 c:/freescale/kds_3.0.0/toolchain/bin/../lib/gcc/arm-none-eabi/4.8.4/../../../../arm-none-eabi/lib/armv6-m\libg_s.a(lib_a-nano-mallocr.o)
                0x1ffff880                __malloc_free_list
 .bss.heap_end.4246
                0x1ffff884        0x4 c:/freescale/kds_3.0.0/toolchain/bin/../lib/gcc/arm-none-eabi/4.8.4/../../../../arm-none-eabi/lib/armv6-m\libnosys.a(sbrk.o)
 *(COMMON)
 COMMON         0x1ffff888        0x4 ./Sources/main.o
                0x1ffff888                ledMutex
 COMMON         0x1ffff88c        0x8 ./SDK/platform/hal/src/mcg/fsl_mcg_hal.o
                0x1ffff88c                g_xtal0ClkFreq
                0x1ffff890                g_xtalRtcClkFreq
 COMMON         0x1ffff894        0x4 ./Generated_Code/Task1.o
                0x1ffff894                Task1_task_handler
 COMMON         0x1ffff898        0x4 ./Generated_Code/Task2.o
                0x1ffff898                Task2_task_handler
 COMMON         0x1ffff89c        0x4 c:/freescale/kds_3.0.0/toolchain/bin/../lib/gcc/arm-none-eabi/4.8.4/../../../../arm-none-eabi/lib/armv6-m\libg_s.a(lib_a-reent.o)
                0x1ffff89c                errno
                0x1ffff8a0                . = ALIGN (0x4)
                0x1ffff8a0                __bss_end__ = .
                0x1ffff8a0                __END_BSS = .

.heap           0x1ffff8a0        0x0
                0x1ffff8a0                . = ALIGN (0x8)
                0x1ffff8a0                __end__ = .
                0x1ffff8a0                PROVIDE (end, .)
                0x1ffff8a0                __HeapBase = .
                0x1ffff8a0                . = (. + HEAP_SIZE)
                0x1ffff8a0                __HeapLimit = .

.stack          0x1ffff8a0      0x400 load address 0x00006150
                0x1ffff8a0                . = ALIGN (0x8)
                0x1ffffca0                . = (. + STACK_SIZE)
 *fill*         0x1ffff8a0      0x400 
                0x20003000                __StackTop = (ORIGIN (m_data) + 0x3e00)
                0x20002c00                __StackLimit = (__StackTop - STACK_SIZE)
                0x20003000                PROVIDE (__stack, __StackTop)

.ARM.attributes
                0x00000000       0x28
 *(.ARM.attributes)
 .ARM.attributes
                0x00000000       0x1e c:/freescale/kds_3.0.0/toolchain/bin/../lib/gcc/arm-none-eabi/4.8.4/armv6-m/crti.o
 .ARM.attributes
                0x0000001e       0x2c c:/freescale/kds_3.0.0/toolchain/bin/../lib/gcc/arm-none-eabi/4.8.4/armv6-m/crtbegin.o
 .ARM.attributes
                0x0000004a       0x1b c:/freescale/kds_3.0.0/toolchain/bin/../lib/gcc/arm-none-eabi/4.8.4/../../../../arm-none-eabi/lib/armv6-m/crt0.o
 .ARM.attributes
                0x00000065       0x32 ./Static_Code/System/PE_low_level_init.o
 .ARM.attributes
                0x00000097       0x32 ./Sources/ledrgb_hal.o
 .ARM.attributes
                0x000000c9       0x32 ./Sources/main.o
 .ARM.attributes
                0x000000fb       0x32 ./Sources/os_tasks.o
 .ARM.attributes
                0x0000012d       0x32 ./SDK/rtos/FreeRTOS/src/heap_3.o
 .ARM.attributes
                0x0000015f       0x32 ./SDK/rtos/FreeRTOS/src/list.o
 .ARM.attributes
                0x00000191       0x32 ./SDK/rtos/FreeRTOS/src/queue.o
 .ARM.attributes
                0x000001c3       0x32 ./SDK/rtos/FreeRTOS/src/tasks.o
 .ARM.attributes
                0x000001f5       0x32 ./SDK/rtos/FreeRTOS/src/timers.o
 .ARM.attributes
                0x00000227       0x32 ./SDK/rtos/FreeRTOS/port/gcc/port.o
 .ARM.attributes
                0x00000259       0x32 ./SDK/platform/utilities/src/fsl_debug_console.o
 .ARM.attributes
                0x0000028b       0x32 ./SDK/platform/system/src/clock/MKL25Z4/fsl_clock_MKL25Z4.o
 .ARM.attributes
                0x000002bd       0x32 ./SDK/platform/system/src/clock/fsl_clock_manager_common.o
 .ARM.attributes
                0x000002ef       0x32 ./SDK/platform/osa/src/fsl_os_abstraction_free_rtos.o
 .ARM.attributes
                0x00000321       0x32 ./SDK/platform/hal/src/uart/fsl_uart_hal.o
 .ARM.attributes
                0x00000353       0x32 ./SDK/platform/hal/src/mcg/fsl_mcg_hal.o
 .ARM.attributes
                0x00000385       0x32 ./SDK/platform/hal/src/lpsci/fsl_lpsci_hal.o
 .ARM.attributes
                0x000003b7       0x32 ./SDK/platform/hal/src/gpio/fsl_gpio_hal.o
 .ARM.attributes
                0x000003e9       0x32 ./SDK/platform/drivers/src/gpio/fsl_gpio_common.o
 .ARM.attributes
                0x0000041b       0x32 ./SDK/platform/drivers/src/gpio/fsl_gpio_driver.o
 .ARM.attributes
                0x0000044d       0x1b ./SDK/platform/devices/MKL25Z4/startup/gcc/startup_MKL25Z4.o
 .ARM.attributes
                0x00000468       0x32 ./SDK/platform/devices/MKL25Z4/startup/system_MKL25Z4.o
 .ARM.attributes
                0x0000049a       0x32 ./SDK/platform/devices/startup.o
 .ARM.attributes
                0x000004cc       0x32 ./Generated_Code/Cpu.o
 .ARM.attributes
                0x000004fe       0x32 ./Generated_Code/Task1.o
 .ARM.attributes
                0x00000530       0x32 ./Generated_Code/Task2.o
 .ARM.attributes
                0x00000562       0x32 ./Generated_Code/gpio1.o
 .ARM.attributes
                0x00000594       0x32 ./Generated_Code/hardware_init.o
 .ARM.attributes
                0x000005c6       0x32 ./Generated_Code/pin_init.o
 .ARM.attributes
                0x000005f8       0x1e c:/freescale/kds_3.0.0/toolchain/bin/../lib/gcc/arm-none-eabi/4.8.4/armv6-m\libgcc.a(_udivsi3.o)
 .ARM.attributes
                0x00000616       0x1e c:/freescale/kds_3.0.0/toolchain/bin/../lib/gcc/arm-none-eabi/4.8.4/armv6-m\libgcc.a(_dvmd_tls.o)
 .ARM.attributes
                0x00000634       0x2c c:/freescale/kds_3.0.0/toolchain/bin/../lib/gcc/arm-none-eabi/4.8.4/../../../../arm-none-eabi/lib/armv6-m\libg_s.a(lib_a-assert.o)
 .ARM.attributes
                0x00000660       0x2c c:/freescale/kds_3.0.0/toolchain/bin/../lib/gcc/arm-none-eabi/4.8.4/../../../../arm-none-eabi/lib/armv6-m\libg_s.a(lib_a-exit.o)
 .ARM.attributes
                0x0000068c       0x2c c:/freescale/kds_3.0.0/toolchain/bin/../lib/gcc/arm-none-eabi/4.8.4/../../../../arm-none-eabi/lib/armv6-m\libg_s.a(lib_a-fprintf.o)
 .ARM.attributes
                0x000006b8       0x2c c:/freescale/kds_3.0.0/toolchain/bin/../lib/gcc/arm-none-eabi/4.8.4/../../../../arm-none-eabi/lib/armv6-m\libg_s.a(lib_a-impure.o)
 .ARM.attributes
                0x000006e4       0x2c c:/freescale/kds_3.0.0/toolchain/bin/../lib/gcc/arm-none-eabi/4.8.4/../../../../arm-none-eabi/lib/armv6-m\libg_s.a(lib_a-init.o)
 .ARM.attributes
                0x00000710       0x2c c:/freescale/kds_3.0.0/toolchain/bin/../lib/gcc/arm-none-eabi/4.8.4/../../../../arm-none-eabi/lib/armv6-m\libg_s.a(lib_a-malloc.o)
 .ARM.attributes
                0x0000073c       0x2c c:/freescale/kds_3.0.0/toolchain/bin/../lib/gcc/arm-none-eabi/4.8.4/../../../../arm-none-eabi/lib/armv6-m\libg_s.a(lib_a-memcpy-stub.o)
 .ARM.attributes
                0x00000768       0x2c c:/freescale/kds_3.0.0/toolchain/bin/../lib/gcc/arm-none-eabi/4.8.4/../../../../arm-none-eabi/lib/armv6-m\libg_s.a(lib_a-memset.o)
 .ARM.attributes
                0x00000794       0x2c c:/freescale/kds_3.0.0/toolchain/bin/../lib/gcc/arm-none-eabi/4.8.4/../../../../arm-none-eabi/lib/armv6-m\libg_s.a(lib_a-nano-freer.o)
 .ARM.attributes
                0x000007c0       0x2c c:/freescale/kds_3.0.0/toolchain/bin/../lib/gcc/arm-none-eabi/4.8.4/../../../../arm-none-eabi/lib/armv6-m\libg_s.a(lib_a-nano-mallocr.o)
 .ARM.attributes
                0x000007ec       0x2c c:/freescale/kds_3.0.0/toolchain/bin/../lib/gcc/arm-none-eabi/4.8.4/../../../../arm-none-eabi/lib/armv6-m\libg_s.a(lib_a-sbrkr.o)
 .ARM.attributes
                0x00000818       0x2c c:/freescale/kds_3.0.0/toolchain/bin/../lib/gcc/arm-none-eabi/4.8.4/../../../../arm-none-eabi/lib/armv6-m\libg_s.a(lib_a-strlen.o)
 .ARM.attributes
                0x00000844       0x2c c:/freescale/kds_3.0.0/toolchain/bin/../lib/gcc/arm-none-eabi/4.8.4/../../../../arm-none-eabi/lib/armv6-m\libg_s.a(lib_a-vfprintf.o)
 .ARM.attributes
                0x00000870       0x2c c:/freescale/kds_3.0.0/toolchain/bin/../lib/gcc/arm-none-eabi/4.8.4/../../../../arm-none-eabi/lib/armv6-m\libg_s.a(lib_a-vfprintf_i.o)
 .ARM.attributes
                0x0000089c       0x2c c:/freescale/kds_3.0.0/toolchain/bin/../lib/gcc/arm-none-eabi/4.8.4/../../../../arm-none-eabi/lib/armv6-m\libg_s.a(lib_a-wbuf.o)
 .ARM.attributes
                0x000008c8       0x2c c:/freescale/kds_3.0.0/toolchain/bin/../lib/gcc/arm-none-eabi/4.8.4/../../../../arm-none-eabi/lib/armv6-m\libg_s.a(lib_a-wsetup.o)
 .ARM.attributes
                0x000008f4       0x2c c:/freescale/kds_3.0.0/toolchain/bin/../lib/gcc/arm-none-eabi/4.8.4/../../../../arm-none-eabi/lib/armv6-m\libg_s.a(lib_a-abort.o)
 .ARM.attributes
                0x00000920       0x2c c:/freescale/kds_3.0.0/toolchain/bin/../lib/gcc/arm-none-eabi/4.8.4/../../../../arm-none-eabi/lib/armv6-m\libg_s.a(lib_a-fflush.o)
 .ARM.attributes
                0x0000094c       0x2c c:/freescale/kds_3.0.0/toolchain/bin/../lib/gcc/arm-none-eabi/4.8.4/../../../../arm-none-eabi/lib/armv6-m\libg_s.a(lib_a-findfp.o)
 .ARM.attributes
                0x00000978       0x2c c:/freescale/kds_3.0.0/toolchain/bin/../lib/gcc/arm-none-eabi/4.8.4/../../../../arm-none-eabi/lib/armv6-m\libg_s.a(lib_a-makebuf.o)
 .ARM.attributes
                0x000009a4       0x2c c:/freescale/kds_3.0.0/toolchain/bin/../lib/gcc/arm-none-eabi/4.8.4/../../../../arm-none-eabi/lib/armv6-m\libg_s.a(lib_a-memchr-stub.o)
 .ARM.attributes
                0x000009d0       0x2c c:/freescale/kds_3.0.0/toolchain/bin/../lib/gcc/arm-none-eabi/4.8.4/../../../../arm-none-eabi/lib/armv6-m\libg_s.a(lib_a-reent.o)
 .ARM.attributes
                0x000009fc       0x2c c:/freescale/kds_3.0.0/toolchain/bin/../lib/gcc/arm-none-eabi/4.8.4/../../../../arm-none-eabi/lib/armv6-m\libg_s.a(lib_a-signal.o)
 .ARM.attributes
                0x00000a28       0x2c c:/freescale/kds_3.0.0/toolchain/bin/../lib/gcc/arm-none-eabi/4.8.4/../../../../arm-none-eabi/lib/armv6-m\libg_s.a(lib_a-signalr.o)
 .ARM.attributes
                0x00000a54       0x2c c:/freescale/kds_3.0.0/toolchain/bin/../lib/gcc/arm-none-eabi/4.8.4/../../../../arm-none-eabi/lib/armv6-m\libg_s.a(lib_a-stdio.o)
 .ARM.attributes
                0x00000a80       0x2c c:/freescale/kds_3.0.0/toolchain/bin/../lib/gcc/arm-none-eabi/4.8.4/../../../../arm-none-eabi/lib/armv6-m\libg_s.a(lib_a-writer.o)
 .ARM.attributes
                0x00000aac       0x2c c:/freescale/kds_3.0.0/toolchain/bin/../lib/gcc/arm-none-eabi/4.8.4/../../../../arm-none-eabi/lib/armv6-m\libg_s.a(lib_a-closer.o)
 .ARM.attributes
                0x00000ad8       0x2c c:/freescale/kds_3.0.0/toolchain/bin/../lib/gcc/arm-none-eabi/4.8.4/../../../../arm-none-eabi/lib/armv6-m\libg_s.a(lib_a-fstatr.o)
 .ARM.attributes
                0x00000b04       0x2c c:/freescale/kds_3.0.0/toolchain/bin/../lib/gcc/arm-none-eabi/4.8.4/../../../../arm-none-eabi/lib/armv6-m\libg_s.a(lib_a-isattyr.o)
 .ARM.attributes
                0x00000b30       0x2c c:/freescale/kds_3.0.0/toolchain/bin/../lib/gcc/arm-none-eabi/4.8.4/../../../../arm-none-eabi/lib/armv6-m\libg_s.a(lib_a-lseekr.o)
 .ARM.attributes
                0x00000b5c       0x2c c:/freescale/kds_3.0.0/toolchain/bin/../lib/gcc/arm-none-eabi/4.8.4/../../../../arm-none-eabi/lib/armv6-m\libg_s.a(lib_a-readr.o)
 .ARM.attributes
                0x00000b88       0x2c c:/freescale/kds_3.0.0/toolchain/bin/../lib/gcc/arm-none-eabi/4.8.4/../../../../arm-none-eabi/lib/armv6-m\libnosys.a(close.o)
 .ARM.attributes
                0x00000bb4       0x2c c:/freescale/kds_3.0.0/toolchain/bin/../lib/gcc/arm-none-eabi/4.8.4/../../../../arm-none-eabi/lib/armv6-m\libnosys.a(fstat.o)
 .ARM.attributes
                0x00000be0       0x2c c:/freescale/kds_3.0.0/toolchain/bin/../lib/gcc/arm-none-eabi/4.8.4/../../../../arm-none-eabi/lib/armv6-m\libnosys.a(getpid.o)
 .ARM.attributes
                0x00000c0c       0x2c c:/freescale/kds_3.0.0/toolchain/bin/../lib/gcc/arm-none-eabi/4.8.4/../../../../arm-none-eabi/lib/armv6-m\libnosys.a(isatty.o)
 .ARM.attributes
                0x00000c38       0x2c c:/freescale/kds_3.0.0/toolchain/bin/../lib/gcc/arm-none-eabi/4.8.4/../../../../arm-none-eabi/lib/armv6-m\libnosys.a(kill.o)
 .ARM.attributes
                0x00000c64       0x2c c:/freescale/kds_3.0.0/toolchain/bin/../lib/gcc/arm-none-eabi/4.8.4/../../../../arm-none-eabi/lib/armv6-m\libnosys.a(lseek.o)
 .ARM.attributes
                0x00000c90       0x2c c:/freescale/kds_3.0.0/toolchain/bin/../lib/gcc/arm-none-eabi/4.8.4/../../../../arm-none-eabi/lib/armv6-m\libnosys.a(sbrk.o)
 .ARM.attributes
                0x00000cbc       0x2c c:/freescale/kds_3.0.0/toolchain/bin/../lib/gcc/arm-none-eabi/4.8.4/../../../../arm-none-eabi/lib/armv6-m\libnosys.a(_exit.o)
 .ARM.attributes
                0x00000ce8       0x2c c:/freescale/kds_3.0.0/toolchain/bin/../lib/gcc/arm-none-eabi/4.8.4/armv6-m/crtend.o
 .ARM.attributes
                0x00000d14       0x1e c:/freescale/kds_3.0.0/toolchain/bin/../lib/gcc/arm-none-eabi/4.8.4/armv6-m/crtn.o
OUTPUT(lab4.elf elf32-littlearm)

.debug_info     0x00000000     0xb5b5
 .debug_info    0x00000000       0xf3 ./Static_Code/System/PE_low_level_init.o
 .debug_info    0x000000f3      0x3db ./Sources/ledrgb_hal.o
 .debug_info    0x000004ce      0x13f ./Sources/main.o
 .debug_info    0x0000060d      0x1db ./Sources/os_tasks.o
 .debug_info    0x000007e8       0xe0 ./SDK/rtos/FreeRTOS/src/heap_3.o
 .debug_info    0x000008c8      0x2a1 ./SDK/rtos/FreeRTOS/src/list.o
 .debug_info    0x00000b69      0xa65 ./SDK/rtos/FreeRTOS/src/queue.o
 .debug_info    0x000015ce      0xf89 ./SDK/rtos/FreeRTOS/src/tasks.o
 .debug_info    0x00002557      0x92b ./SDK/rtos/FreeRTOS/src/timers.o
 .debug_info    0x00002e82      0x1fa ./SDK/rtos/FreeRTOS/port/gcc/port.o
 .debug_info    0x0000307c      0xa71 ./SDK/platform/utilities/src/fsl_debug_console.o
 .debug_info    0x00003aed     0x17ee ./SDK/platform/system/src/clock/MKL25Z4/fsl_clock_MKL25Z4.o
 .debug_info    0x000052db      0x462 ./SDK/platform/system/src/clock/fsl_clock_manager_common.o
 .debug_info    0x0000573d      0xdf3 ./SDK/platform/osa/src/fsl_os_abstraction_free_rtos.o
 .debug_info    0x00006530      0x83e ./SDK/platform/hal/src/uart/fsl_uart_hal.o
 .debug_info    0x00006d6e      0xb9f ./SDK/platform/hal/src/mcg/fsl_mcg_hal.o
 .debug_info    0x0000790d      0x947 ./SDK/platform/hal/src/lpsci/fsl_lpsci_hal.o
 .debug_info    0x00008254      0x2f0 ./SDK/platform/hal/src/gpio/fsl_gpio_hal.o
 .debug_info    0x00008544      0x397 ./SDK/platform/drivers/src/gpio/fsl_gpio_common.o
 .debug_info    0x000088db      0xe6a ./SDK/platform/drivers/src/gpio/fsl_gpio_driver.o
 .debug_info    0x00009745       0xc5 ./SDK/platform/devices/MKL25Z4/startup/gcc/startup_MKL25Z4.o
 .debug_info    0x0000980a      0x672 ./SDK/platform/devices/MKL25Z4/startup/system_MKL25Z4.o
 .debug_info    0x00009e7c      0x296 ./SDK/platform/devices/startup.o
 .debug_info    0x0000a112      0x575 ./Generated_Code/Cpu.o
 .debug_info    0x0000a687      0x182 ./Generated_Code/Task1.o
 .debug_info    0x0000a809      0x182 ./Generated_Code/Task2.o
 .debug_info    0x0000a98b      0x29e ./Generated_Code/gpio1.o
 .debug_info    0x0000ac29      0x3cf ./Generated_Code/hardware_init.o
 .debug_info    0x0000aff8      0x5bd ./Generated_Code/pin_init.o

.debug_abbrev   0x00000000     0x250d
 .debug_abbrev  0x00000000       0x75 ./Static_Code/System/PE_low_level_init.o
 .debug_abbrev  0x00000075      0x11f ./Sources/ledrgb_hal.o
 .debug_abbrev  0x00000194       0xa7 ./Sources/main.o
 .debug_abbrev  0x0000023b       0xc8 ./Sources/os_tasks.o
 .debug_abbrev  0x00000303       0xa2 ./SDK/rtos/FreeRTOS/src/heap_3.o
 .debug_abbrev  0x000003a5       0xc1 ./SDK/rtos/FreeRTOS/src/list.o
 .debug_abbrev  0x00000466      0x189 ./SDK/rtos/FreeRTOS/src/queue.o
 .debug_abbrev  0x000005ef      0x208 ./SDK/rtos/FreeRTOS/src/tasks.o
 .debug_abbrev  0x000007f7      0x194 ./SDK/rtos/FreeRTOS/src/timers.o
 .debug_abbrev  0x0000098b       0xed ./SDK/rtos/FreeRTOS/port/gcc/port.o
 .debug_abbrev  0x00000a78      0x23a ./SDK/platform/utilities/src/fsl_debug_console.o
 .debug_abbrev  0x00000cb2      0x2f0 ./SDK/platform/system/src/clock/MKL25Z4/fsl_clock_MKL25Z4.o
 .debug_abbrev  0x00000fa2       0xde ./SDK/platform/system/src/clock/fsl_clock_manager_common.o
 .debug_abbrev  0x00001080      0x221 ./SDK/platform/osa/src/fsl_os_abstraction_free_rtos.o
 .debug_abbrev  0x000012a1      0x1ee ./SDK/platform/hal/src/uart/fsl_uart_hal.o
 .debug_abbrev  0x0000148f      0x22c ./SDK/platform/hal/src/mcg/fsl_mcg_hal.o
 .debug_abbrev  0x000016bb      0x211 ./SDK/platform/hal/src/lpsci/fsl_lpsci_hal.o
 .debug_abbrev  0x000018cc      0x11b ./SDK/platform/hal/src/gpio/fsl_gpio_hal.o
 .debug_abbrev  0x000019e7       0xc0 ./SDK/platform/drivers/src/gpio/fsl_gpio_common.o
 .debug_abbrev  0x00001aa7      0x27a ./SDK/platform/drivers/src/gpio/fsl_gpio_driver.o
 .debug_abbrev  0x00001d21       0x14 ./SDK/platform/devices/MKL25Z4/startup/gcc/startup_MKL25Z4.o
 .debug_abbrev  0x00001d35      0x121 ./SDK/platform/devices/MKL25Z4/startup/system_MKL25Z4.o
 .debug_abbrev  0x00001e56       0xe9 ./SDK/platform/devices/startup.o
 .debug_abbrev  0x00001f3f      0x147 ./Generated_Code/Cpu.o
 .debug_abbrev  0x00002086       0xb0 ./Generated_Code/Task1.o
 .debug_abbrev  0x00002136       0xb0 ./Generated_Code/Task2.o
 .debug_abbrev  0x000021e6       0xa7 ./Generated_Code/gpio1.o
 .debug_abbrev  0x0000228d      0x10c ./Generated_Code/hardware_init.o
 .debug_abbrev  0x00002399      0x174 ./Generated_Code/pin_init.o

.debug_aranges  0x00000000      0xde0
 .debug_aranges
                0x00000000       0x28 ./Static_Code/System/PE_low_level_init.o
 .debug_aranges
                0x00000028       0x68 ./Sources/ledrgb_hal.o
 .debug_aranges
                0x00000090       0x20 ./Sources/main.o
 .debug_aranges
                0x000000b0       0x38 ./Sources/os_tasks.o
 .debug_aranges
                0x000000e8       0x28 ./SDK/rtos/FreeRTOS/src/heap_3.o
 .debug_aranges
                0x00000110       0x40 ./SDK/rtos/FreeRTOS/src/list.o
 .debug_aranges
                0x00000150       0xd8 ./SDK/rtos/FreeRTOS/src/queue.o
 .debug_aranges
                0x00000228      0x168 ./SDK/rtos/FreeRTOS/src/tasks.o
 .debug_aranges
                0x00000390       0x98 ./SDK/rtos/FreeRTOS/src/timers.o
 .debug_aranges
                0x00000428       0x80 ./SDK/rtos/FreeRTOS/port/gcc/port.o
 .debug_aranges
                0x000004a8       0xa0 ./SDK/platform/utilities/src/fsl_debug_console.o
 .debug_aranges
                0x00000548      0x218 ./SDK/platform/system/src/clock/MKL25Z4/fsl_clock_MKL25Z4.o
 .debug_aranges
                0x00000760       0x18 ./SDK/platform/system/src/clock/fsl_clock_manager_common.o
 .debug_aranges
                0x00000778      0x148 ./SDK/platform/osa/src/fsl_os_abstraction_free_rtos.o
 .debug_aranges
                0x000008c0       0xb0 ./SDK/platform/hal/src/uart/fsl_uart_hal.o
 .debug_aranges
                0x00000970       0xd8 ./SDK/platform/hal/src/mcg/fsl_mcg_hal.o
 .debug_aranges
                0x00000a48       0xc8 ./SDK/platform/hal/src/lpsci/fsl_lpsci_hal.o
 .debug_aranges
                0x00000b10       0x38 ./SDK/platform/hal/src/gpio/fsl_gpio_hal.o
 .debug_aranges
                0x00000b48       0x18 ./SDK/platform/drivers/src/gpio/fsl_gpio_common.o
 .debug_aranges
                0x00000b60       0xf0 ./SDK/platform/drivers/src/gpio/fsl_gpio_driver.o
 .debug_aranges
                0x00000c50       0x20 ./SDK/platform/devices/MKL25Z4/startup/gcc/startup_MKL25Z4.o
 .debug_aranges
                0x00000c70       0x28 ./SDK/platform/devices/MKL25Z4/startup/system_MKL25Z4.o
 .debug_aranges
                0x00000c98       0x20 ./SDK/platform/devices/startup.o
 .debug_aranges
                0x00000cb8       0x30 ./Generated_Code/Cpu.o
 .debug_aranges
                0x00000ce8       0x20 ./Generated_Code/Task1.o
 .debug_aranges
                0x00000d08       0x20 ./Generated_Code/Task2.o
 .debug_aranges
                0x00000d28       0x18 ./Generated_Code/gpio1.o
 .debug_aranges
                0x00000d40       0x28 ./Generated_Code/hardware_init.o
 .debug_aranges
                0x00000d68       0x78 ./Generated_Code/pin_init.o

.debug_ranges   0x00000000      0xbe8
 .debug_ranges  0x00000000       0x18 ./Static_Code/System/PE_low_level_init.o
 .debug_ranges  0x00000018       0x58 ./Sources/ledrgb_hal.o
 .debug_ranges  0x00000070       0x10 ./Sources/main.o
 .debug_ranges  0x00000080       0x28 ./Sources/os_tasks.o
 .debug_ranges  0x000000a8       0x18 ./SDK/rtos/FreeRTOS/src/heap_3.o
 .debug_ranges  0x000000c0       0x30 ./SDK/rtos/FreeRTOS/src/list.o
 .debug_ranges  0x000000f0       0xc8 ./SDK/rtos/FreeRTOS/src/queue.o
 .debug_ranges  0x000001b8      0x158 ./SDK/rtos/FreeRTOS/src/tasks.o
 .debug_ranges  0x00000310       0x88 ./SDK/rtos/FreeRTOS/src/timers.o
 .debug_ranges  0x00000398       0x70 ./SDK/rtos/FreeRTOS/port/gcc/port.o
 .debug_ranges  0x00000408       0x90 ./SDK/platform/utilities/src/fsl_debug_console.o
 .debug_ranges  0x00000498      0x208 ./SDK/platform/system/src/clock/MKL25Z4/fsl_clock_MKL25Z4.o
 .debug_ranges  0x000006a0      0x138 ./SDK/platform/osa/src/fsl_os_abstraction_free_rtos.o
 .debug_ranges  0x000007d8       0xa0 ./SDK/platform/hal/src/uart/fsl_uart_hal.o
 .debug_ranges  0x00000878       0xc8 ./SDK/platform/hal/src/mcg/fsl_mcg_hal.o
 .debug_ranges  0x00000940       0xb8 ./SDK/platform/hal/src/lpsci/fsl_lpsci_hal.o
 .debug_ranges  0x000009f8       0x28 ./SDK/platform/hal/src/gpio/fsl_gpio_hal.o
 .debug_ranges  0x00000a20       0xe0 ./SDK/platform/drivers/src/gpio/fsl_gpio_driver.o
 .debug_ranges  0x00000b00       0x18 ./SDK/platform/devices/MKL25Z4/startup/system_MKL25Z4.o
 .debug_ranges  0x00000b18       0x10 ./SDK/platform/devices/startup.o
 .debug_ranges  0x00000b28       0x20 ./Generated_Code/Cpu.o
 .debug_ranges  0x00000b48       0x10 ./Generated_Code/Task1.o
 .debug_ranges  0x00000b58       0x10 ./Generated_Code/Task2.o
 .debug_ranges  0x00000b68       0x18 ./Generated_Code/hardware_init.o
 .debug_ranges  0x00000b80       0x68 ./Generated_Code/pin_init.o

.debug_macro    0x00000000    0x16e4f
 .debug_macro   0x00000000      0x3cb ./Static_Code/System/PE_low_level_init.o
 .debug_macro   0x000003cb      0x80e ./Static_Code/System/PE_low_level_init.o
 .debug_macro   0x00000bd9       0x11 ./Static_Code/System/PE_low_level_init.o
 .debug_macro   0x00000bea       0x16 ./Static_Code/System/PE_low_level_init.o
 .debug_macro   0x00000c00       0x16 ./Static_Code/System/PE_low_level_init.o
 .debug_macro   0x00000c16       0x44 ./Static_Code/System/PE_low_level_init.o
 .debug_macro   0x00000c5a      0x209 ./Static_Code/System/PE_low_level_init.o
 .debug_macro   0x00000e63       0x3a ./Static_Code/System/PE_low_level_init.o
 .debug_macro   0x00000e9d       0x3a ./Static_Code/System/PE_low_level_init.o
 .debug_macro   0x00000ed7       0x1f ./Static_Code/System/PE_low_level_init.o
 .debug_macro   0x00000ef6      0x250 ./Static_Code/System/PE_low_level_init.o
 .debug_macro   0x00001146       0xc6 ./Static_Code/System/PE_low_level_init.o
 .debug_macro   0x0000120c     0x8439 ./Static_Code/System/PE_low_level_init.o
 .debug_macro   0x00009645       0x58 ./Static_Code/System/PE_low_level_init.o
 .debug_macro   0x0000969d       0x35 ./Static_Code/System/PE_low_level_init.o
 .debug_macro   0x000096d2       0xa3 ./Static_Code/System/PE_low_level_init.o
 .debug_macro   0x00009775       0x16 ./Static_Code/System/PE_low_level_init.o
 .debug_macro   0x0000978b      0x10e ./Static_Code/System/PE_low_level_init.o
 .debug_macro   0x00009899       0x7f ./Static_Code/System/PE_low_level_init.o
 .debug_macro   0x00009918       0x52 ./Static_Code/System/PE_low_level_init.o
 .debug_macro   0x0000996a       0x16 ./Static_Code/System/PE_low_level_init.o
 .debug_macro   0x00009980       0x43 ./Static_Code/System/PE_low_level_init.o
 .debug_macro   0x000099c3      0x180 ./Static_Code/System/PE_low_level_init.o
 .debug_macro   0x00009b43       0x22 ./Static_Code/System/PE_low_level_init.o
 .debug_macro   0x00009b65       0x7c ./Static_Code/System/PE_low_level_init.o
 .debug_macro   0x00009be1     0x764c ./Static_Code/System/PE_low_level_init.o
 .debug_macro   0x0001122d     0x10b2 ./Static_Code/System/PE_low_level_init.o
 .debug_macro   0x000122df       0x22 ./Static_Code/System/PE_low_level_init.o
 .debug_macro   0x00012301       0x16 ./Static_Code/System/PE_low_level_init.o
 .debug_macro   0x00012317       0x10 ./Static_Code/System/PE_low_level_init.o
 .debug_macro   0x00012327       0x11 ./Static_Code/System/PE_low_level_init.o
 .debug_macro   0x00012338       0x10 ./Static_Code/System/PE_low_level_init.o
 .debug_macro   0x00012348       0x10 ./Static_Code/System/PE_low_level_init.o
 .debug_macro   0x00012358       0x10 ./Static_Code/System/PE_low_level_init.o
 .debug_macro   0x00012368       0x16 ./Static_Code/System/PE_low_level_init.o
 .debug_macro   0x0001237e      0x202 ./Static_Code/System/PE_low_level_init.o
 .debug_macro   0x00012580       0x40 ./Static_Code/System/PE_low_level_init.o
 .debug_macro   0x000125c0       0xce ./Static_Code/System/PE_low_level_init.o
 .debug_macro   0x0001268e       0x12 ./Static_Code/System/PE_low_level_init.o
 .debug_macro   0x000126a0       0x1f ./Static_Code/System/PE_low_level_init.o
 .debug_macro   0x000126bf       0x79 ./Static_Code/System/PE_low_level_init.o
 .debug_macro   0x00012738       0x69 ./Static_Code/System/PE_low_level_init.o
 .debug_macro   0x000127a1      0x2ff ./Static_Code/System/PE_low_level_init.o
 .debug_macro   0x00012aa0       0xb0 ./Static_Code/System/PE_low_level_init.o
 .debug_macro   0x00012b50       0x7e ./Static_Code/System/PE_low_level_init.o
 .debug_macro   0x00012bce       0x97 ./Static_Code/System/PE_low_level_init.o
 .debug_macro   0x00012c65       0x19 ./Static_Code/System/PE_low_level_init.o
 .debug_macro   0x00012c7e       0x35 ./Static_Code/System/PE_low_level_init.o
 .debug_macro   0x00012cb3       0x12 ./Static_Code/System/PE_low_level_init.o
 .debug_macro   0x00012cc5       0x28 ./Static_Code/System/PE_low_level_init.o
 .debug_macro   0x00012ced       0x28 ./Static_Code/System/PE_low_level_init.o
 .debug_macro   0x00012d15       0x22 ./Static_Code/System/PE_low_level_init.o
 .debug_macro   0x00012d37       0x20 ./Static_Code/System/PE_low_level_init.o
 .debug_macro   0x00012d57       0x1c ./Static_Code/System/PE_low_level_init.o
 .debug_macro   0x00012d73       0x1c ./Static_Code/System/PE_low_level_init.o
 .debug_macro   0x00012d8f       0x1c ./Static_Code/System/PE_low_level_init.o
 .debug_macro   0x00012dab      0x212 ./Sources/ledrgb_hal.o
 .debug_macro   0x00012fbd       0x1c ./Sources/ledrgb_hal.o
 .debug_macro   0x00012fd9       0x4c ./Sources/ledrgb_hal.o
 .debug_macro   0x00013025      0x3bb ./Sources/main.o
 .debug_macro   0x000133e0      0x3ce ./Sources/os_tasks.o
 .debug_macro   0x000137ae      0x14f ./SDK/rtos/FreeRTOS/src/heap_3.o
 .debug_macro   0x000138fd      0x143 ./SDK/rtos/FreeRTOS/src/list.o
 .debug_macro   0x00013a40      0x1bf ./SDK/rtos/FreeRTOS/src/queue.o
 .debug_macro   0x00013bff      0x2a6 ./SDK/rtos/FreeRTOS/src/queue.o
 .debug_macro   0x00013ea5       0x10 ./SDK/rtos/FreeRTOS/src/queue.o
 .debug_macro   0x00013eb5       0x35 ./SDK/rtos/FreeRTOS/src/queue.o
 .debug_macro   0x00013eea      0x1f8 ./SDK/rtos/FreeRTOS/src/tasks.o
 .debug_macro   0x000140e2       0x16 ./SDK/rtos/FreeRTOS/src/tasks.o
 .debug_macro   0x000140f8      0x167 ./SDK/rtos/FreeRTOS/src/timers.o
 .debug_macro   0x0001425f      0x196 ./SDK/rtos/FreeRTOS/port/gcc/port.o
 .debug_macro   0x000143f5       0xc8 ./SDK/rtos/FreeRTOS/port/gcc/port.o
 .debug_macro   0x000144bd       0x18 ./SDK/rtos/FreeRTOS/port/gcc/port.o
 .debug_macro   0x000144d5       0x46 ./SDK/rtos/FreeRTOS/port/gcc/port.o
 .debug_macro   0x0001451b      0x35b ./SDK/platform/utilities/src/fsl_debug_console.o
 .debug_macro   0x00014876       0x82 ./SDK/platform/utilities/src/fsl_debug_console.o
 .debug_macro   0x000148f8       0x22 ./SDK/platform/utilities/src/fsl_debug_console.o
 .debug_macro   0x0001491a      0x293 ./SDK/platform/system/src/clock/MKL25Z4/fsl_clock_MKL25Z4.o
 .debug_macro   0x00014bad      0x1e8 ./SDK/platform/system/src/clock/fsl_clock_manager_common.o
 .debug_macro   0x00014d95      0x25b ./SDK/platform/osa/src/fsl_os_abstraction_free_rtos.o
 .debug_macro   0x00014ff0      0x174 ./SDK/platform/hal/src/uart/fsl_uart_hal.o
 .debug_macro   0x00015164      0x174 ./SDK/platform/hal/src/mcg/fsl_mcg_hal.o
 .debug_macro   0x000152d8      0x174 ./SDK/platform/hal/src/lpsci/fsl_lpsci_hal.o
 .debug_macro   0x0001544c      0x16e ./SDK/platform/hal/src/gpio/fsl_gpio_hal.o
 .debug_macro   0x000155ba      0x15d ./SDK/platform/drivers/src/gpio/fsl_gpio_common.o
 .debug_macro   0x00015717      0x225 ./SDK/platform/drivers/src/gpio/fsl_gpio_driver.o
 .debug_macro   0x0001593c       0x22 ./SDK/platform/drivers/src/gpio/fsl_gpio_driver.o
 .debug_macro   0x0001595e      0x158 ./SDK/platform/devices/MKL25Z4/startup/system_MKL25Z4.o
 .debug_macro   0x00015ab6      0x167 ./SDK/platform/devices/startup.o
 .debug_macro   0x00015c1d      0x3cc ./Generated_Code/Cpu.o
 .debug_macro   0x00015fe9       0x19 ./Generated_Code/Cpu.o
 .debug_macro   0x00016002      0x3bd ./Generated_Code/Task1.o
 .debug_macro   0x000163bf      0x3bd ./Generated_Code/Task2.o
 .debug_macro   0x0001677c      0x37d ./Generated_Code/gpio1.o
 .debug_macro   0x00016af9      0x1b1 ./Generated_Code/hardware_init.o
 .debug_macro   0x00016caa      0x1a5 ./Generated_Code/pin_init.o

.debug_line     0x00000000     0xfb48
 .debug_line    0x00000000      0xce3 ./Static_Code/System/PE_low_level_init.o
 .debug_line    0x00000ce3      0x821 ./Sources/ledrgb_hal.o
 .debug_line    0x00001504      0xc4c ./Sources/main.o
 .debug_line    0x00002150      0xca7 ./Sources/os_tasks.o
 .debug_line    0x00002df7      0x3f9 ./SDK/rtos/FreeRTOS/src/heap_3.o
 .debug_line    0x000031f0      0x44f ./SDK/rtos/FreeRTOS/src/list.o
 .debug_line    0x0000363f      0x93f ./SDK/rtos/FreeRTOS/src/queue.o
 .debug_line    0x00003f7e      0xbf5 ./SDK/rtos/FreeRTOS/src/tasks.o
 .debug_line    0x00004b73      0x60e ./SDK/rtos/FreeRTOS/src/timers.o
 .debug_line    0x00005181      0x407 ./SDK/rtos/FreeRTOS/port/gcc/port.o
 .debug_line    0x00005588      0xd0d ./SDK/platform/utilities/src/fsl_debug_console.o
 .debug_line    0x00006295     0x1025 ./SDK/platform/system/src/clock/MKL25Z4/fsl_clock_MKL25Z4.o
 .debug_line    0x000072ba      0x72b ./SDK/platform/system/src/clock/fsl_clock_manager_common.o
 .debug_line    0x000079e5      0xc55 ./SDK/platform/osa/src/fsl_os_abstraction_free_rtos.o
 .debug_line    0x0000863a      0x79a ./SDK/platform/hal/src/uart/fsl_uart_hal.o
 .debug_line    0x00008dd4      0x812 ./SDK/platform/hal/src/mcg/fsl_mcg_hal.o
 .debug_line    0x000095e6      0x7e4 ./SDK/platform/hal/src/lpsci/fsl_lpsci_hal.o
 .debug_line    0x00009dca      0x591 ./SDK/platform/hal/src/gpio/fsl_gpio_hal.o
 .debug_line    0x0000a35b      0x4a0 ./SDK/platform/drivers/src/gpio/fsl_gpio_common.o
 .debug_line    0x0000a7fb      0xab5 ./SDK/platform/drivers/src/gpio/fsl_gpio_driver.o
 .debug_line    0x0000b2b0       0x77 ./SDK/platform/devices/MKL25Z4/startup/gcc/startup_MKL25Z4.o
 .debug_line    0x0000b327      0x549 ./SDK/platform/devices/MKL25Z4/startup/system_MKL25Z4.o
 .debug_line    0x0000b870      0x419 ./SDK/platform/devices/startup.o
 .debug_line    0x0000bc89      0xcf5 ./Generated_Code/Cpu.o
 .debug_line    0x0000c97e      0xcad ./Generated_Code/Task1.o
 .debug_line    0x0000d62b      0xcad ./Generated_Code/Task2.o
 .debug_line    0x0000e2d8      0xb84 ./Generated_Code/gpio1.o
 .debug_line    0x0000ee5c      0x612 ./Generated_Code/hardware_init.o
 .debug_line    0x0000f46e      0x6da ./Generated_Code/pin_init.o

.debug_str      0x00000000    0xa838a
 .debug_str     0x00000000    0xa02e0 ./Static_Code/System/PE_low_level_init.o
                              0xa07d2 (size before relaxing)
 .debug_str     0x000a02e0      0x25a ./Sources/ledrgb_hal.o
                              0x9bda4 (size before relaxing)
 .debug_str     0x000a053a       0x8f ./Sources/main.o
                              0xa080b (size before relaxing)
 .debug_str     0x000a05c9      0x133 ./Sources/os_tasks.o
                              0xa0940 (size before relaxing)
 .debug_str     0x000a06fc       0x97 ./SDK/rtos/FreeRTOS/src/heap_3.o
                               0x6fb6 (size before relaxing)
 .debug_str     0x000a0793      0x142 ./SDK/rtos/FreeRTOS/src/list.o
                               0x708b (size before relaxing)
 .debug_str     0x000a08d5     0x154c ./SDK/rtos/FreeRTOS/src/queue.o
                               0x901f (size before relaxing)
 .debug_str     0x000a1e21      0xd5c ./SDK/rtos/FreeRTOS/src/tasks.o
                               0x9511 (size before relaxing)
 .debug_str     0x000a2b7d      0x442 ./SDK/rtos/FreeRTOS/src/timers.o
                               0x86fb (size before relaxing)
 .debug_str     0x000a2fbf      0x94c ./SDK/rtos/FreeRTOS/port/gcc/port.o
                               0x653a (size before relaxing)
 .debug_str     0x000a390b     0x1430 ./SDK/platform/utilities/src/fsl_debug_console.o
                              0xa27cd (size before relaxing)
 .debug_str     0x000a4d3b     0x12ca ./SDK/platform/system/src/clock/MKL25Z4/fsl_clock_MKL25Z4.o
                              0xa1628 (size before relaxing)
 .debug_str     0x000a6005       0x50 ./SDK/platform/system/src/clock/fsl_clock_manager_common.o
                              0x9bc5d (size before relaxing)
 .debug_str     0x000a6055      0x737 ./SDK/platform/osa/src/fsl_os_abstraction_free_rtos.o
                              0xa19a1 (size before relaxing)
 .debug_str     0x000a678c      0x4cf ./SDK/platform/hal/src/uart/fsl_uart_hal.o
                              0x9c13b (size before relaxing)
 .debug_str     0x000a6c5b      0x78a ./SDK/platform/hal/src/mcg/fsl_mcg_hal.o
                              0x9c322 (size before relaxing)
 .debug_str     0x000a73e5      0x518 ./SDK/platform/hal/src/lpsci/fsl_lpsci_hal.o
                              0x9c243 (size before relaxing)
 .debug_str     0x000a78fd       0x80 ./SDK/platform/hal/src/gpio/fsl_gpio_hal.o
                              0x9bb0f (size before relaxing)