Archive member included because of file (symbol)

c:/freescale/kds_3.0.0/toolchain/bin/../lib/gcc/arm-none-eabi/4.8.4/armv6-m\libgcc.a(_udivsi3.o)
                              ./SDK/platform/utilities/src/print_scan.o (__aeabi_uidiv)
c:/freescale/kds_3.0.0/toolchain/bin/../lib/gcc/arm-none-eabi/4.8.4/armv6-m\libgcc.a(_divsi3.o)
                              ./SDK/platform/utilities/src/print_scan.o (__aeabi_idiv)
c:/freescale/kds_3.0.0/toolchain/bin/../lib/gcc/arm-none-eabi/4.8.4/armv6-m\libgcc.a(_dvmd_tls.o)
                              c:/freescale/kds_3.0.0/toolchain/bin/../lib/gcc/arm-none-eabi/4.8.4/armv6-m\libgcc.a(_udivsi3.o) (__aeabi_idiv0)
c:/freescale/kds_3.0.0/toolchain/bin/../lib/gcc/arm-none-eabi/4.8.4/../../../../arm-none-eabi/lib/armv6-m\libg_s.a(lib_a-assert.o)
                              ./Sources/ledrgb_hal.o (__assert_func)
c:/freescale/kds_3.0.0/toolchain/bin/../lib/gcc/arm-none-eabi/4.8.4/../../../../arm-none-eabi/lib/armv6-m\libg_s.a(lib_a-exit.o)
                              c:/freescale/kds_3.0.0/toolchain/bin/../lib/gcc/arm-none-eabi/4.8.4/../../../../arm-none-eabi/lib/armv6-m/crt0.o (exit)
c:/freescale/kds_3.0.0/toolchain/bin/../lib/gcc/arm-none-eabi/4.8.4/../../../../arm-none-eabi/lib/armv6-m\libg_s.a(lib_a-fprintf.o)
                              c:/freescale/kds_3.0.0/toolchain/bin/../lib/gcc/arm-none-eabi/4.8.4/../../../../arm-none-eabi/lib/armv6-m\libg_s.a(lib_a-assert.o) (fiprintf)
c:/freescale/kds_3.0.0/toolchain/bin/../lib/gcc/arm-none-eabi/4.8.4/../../../../arm-none-eabi/lib/armv6-m\libg_s.a(lib_a-impure.o)
                              c:/freescale/kds_3.0.0/toolchain/bin/../lib/gcc/arm-none-eabi/4.8.4/../../../../arm-none-eabi/lib/armv6-m\libg_s.a(lib_a-exit.o) (_global_impure_ptr)
c:/freescale/kds_3.0.0/toolchain/bin/../lib/gcc/arm-none-eabi/4.8.4/../../../../arm-none-eabi/lib/armv6-m\libg_s.a(lib_a-init.o)
                              c:/freescale/kds_3.0.0/toolchain/bin/../lib/gcc/arm-none-eabi/4.8.4/../../../../arm-none-eabi/lib/armv6-m/crt0.o (__libc_init_array)
c:/freescale/kds_3.0.0/toolchain/bin/../lib/gcc/arm-none-eabi/4.8.4/../../../../arm-none-eabi/lib/armv6-m\libg_s.a(lib_a-malloc.o)
                              ./SDK/rtos/FreeRTOS/src/heap_3.o (malloc)
c:/freescale/kds_3.0.0/toolchain/bin/../lib/gcc/arm-none-eabi/4.8.4/../../../../arm-none-eabi/lib/armv6-m\libg_s.a(lib_a-memcpy-stub.o)
                              ./SDK/rtos/FreeRTOS/src/queue.o (memcpy)
c:/freescale/kds_3.0.0/toolchain/bin/../lib/gcc/arm-none-eabi/4.8.4/../../../../arm-none-eabi/lib/armv6-m\libg_s.a(lib_a-memset.o)
                              c:/freescale/kds_3.0.0/toolchain/bin/../lib/gcc/arm-none-eabi/4.8.4/../../../../arm-none-eabi/lib/armv6-m/crt0.o (memset)
c:/freescale/kds_3.0.0/toolchain/bin/../lib/gcc/arm-none-eabi/4.8.4/../../../../arm-none-eabi/lib/armv6-m\libg_s.a(lib_a-nano-freer.o)
                              c:/freescale/kds_3.0.0/toolchain/bin/../lib/gcc/arm-none-eabi/4.8.4/../../../../arm-none-eabi/lib/armv6-m\libg_s.a(lib_a-malloc.o) (_free_r)
c:/freescale/kds_3.0.0/toolchain/bin/../lib/gcc/arm-none-eabi/4.8.4/../../../../arm-none-eabi/lib/armv6-m\libg_s.a(lib_a-nano-mallocr.o)
                              c:/freescale/kds_3.0.0/toolchain/bin/../lib/gcc/arm-none-eabi/4.8.4/../../../../arm-none-eabi/lib/armv6-m\libg_s.a(lib_a-malloc.o) (_malloc_r)
c:/freescale/kds_3.0.0/toolchain/bin/../lib/gcc/arm-none-eabi/4.8.4/../../../../arm-none-eabi/lib/armv6-m\libg_s.a(lib_a-sbrkr.o)
                              c:/freescale/kds_3.0.0/toolchain/bin/../lib/gcc/arm-none-eabi/4.8.4/../../../../arm-none-eabi/lib/armv6-m\libg_s.a(lib_a-nano-mallocr.o) (_sbrk_r)
c:/freescale/kds_3.0.0/toolchain/bin/../lib/gcc/arm-none-eabi/4.8.4/../../../../arm-none-eabi/lib/armv6-m\libg_s.a(lib_a-strlen.o)
                              ./SDK/platform/utilities/src/print_scan.o (strlen)
c:/freescale/kds_3.0.0/toolchain/bin/../lib/gcc/arm-none-eabi/4.8.4/../../../../arm-none-eabi/lib/armv6-m\libg_s.a(lib_a-vfprintf.o)
                              c:/freescale/kds_3.0.0/toolchain/bin/../lib/gcc/arm-none-eabi/4.8.4/../../../../arm-none-eabi/lib/armv6-m\libg_s.a(lib_a-fprintf.o) (_vfprintf_r)
c:/freescale/kds_3.0.0/toolchain/bin/../lib/gcc/arm-none-eabi/4.8.4/../../../../arm-none-eabi/lib/armv6-m\libg_s.a(lib_a-vfprintf_i.o)
                              c:/freescale/kds_3.0.0/toolchain/bin/../lib/gcc/arm-none-eabi/4.8.4/../../../../arm-none-eabi/lib/armv6-m\libg_s.a(lib_a-vfprintf.o) (_printf_i)
c:/freescale/kds_3.0.0/toolchain/bin/../lib/gcc/arm-none-eabi/4.8.4/../../../../arm-none-eabi/lib/armv6-m\libg_s.a(lib_a-vprintf.o)
                              ./Sources/dbgwrap.o (vprintf)
c:/freescale/kds_3.0.0/toolchain/bin/../lib/gcc/arm-none-eabi/4.8.4/../../../../arm-none-eabi/lib/armv6-m\libg_s.a(lib_a-wbuf.o)
                              c:/freescale/kds_3.0.0/toolchain/bin/../lib/gcc/arm-none-eabi/4.8.4/../../../../arm-none-eabi/lib/armv6-m\libg_s.a(lib_a-vfprintf.o) (__swbuf_r)
[...]
Memory Configuration

Name             Origin             Length             Attributes
m_interrupts     0x00000000         0x00000200         xr
m_flash_config   0x00000400         0x00000010         xr
m_interrupts_ram 0x1ffff000         0x00000200         rw
m_text           0x00000410         0x0001fbf0         xr
m_data           0x1ffff200         0x00003e00         rw
*default*        0x00000000         0xffffffff

Linker script and memory map

LOAD c:/freescale/kds_3.0.0/toolchain/bin/../lib/gcc/arm-none-eabi/4.8.4/armv6-m/crti.o
LOAD c:/freescale/kds_3.0.0/toolchain/bin/../lib/gcc/arm-none-eabi/4.8.4/armv6-m/crtbegin.o
LOAD c:/freescale/kds_3.0.0/toolchain/bin/../lib/gcc/arm-none-eabi/4.8.4/../../../../arm-none-eabi/lib/armv6-m/crt0.o
LOAD ./Static_Code/System/PE_low_level_init.o
LOAD ./Sources/Events.o
LOAD ./Sources/dbgwrap.o
LOAD ./Sources/ledrgb_hal.o
LOAD ./Sources/main.o
LOAD ./Sources/os_tasks.o
LOAD ./SDK/rtos/FreeRTOS/src/croutine.o
LOAD ./SDK/rtos/FreeRTOS/src/event_groups.o
LOAD ./SDK/rtos/FreeRTOS/src/heap_1.o
LOAD ./SDK/rtos/FreeRTOS/src/heap_2.o
LOAD ./SDK/rtos/FreeRTOS/src/heap_3.o
LOAD ./SDK/rtos/FreeRTOS/src/heap_4.o
LOAD ./SDK/rtos/FreeRTOS/src/list.o
LOAD ./SDK/rtos/FreeRTOS/src/queue.o
LOAD ./SDK/rtos/FreeRTOS/src/tasks.o
LOAD ./SDK/rtos/FreeRTOS/src/timers.o
LOAD ./SDK/rtos/FreeRTOS/port/gcc/port.o
LOAD ./SDK/rtos/FreeRTOS/port/gcc/portasm.o
LOAD ./SDK/platform/utilities/src/fsl_debug_console.o
LOAD ./SDK/platform/utilities/src/print_scan.o
LOAD ./SDK/platform/system/src/interrupt/fsl_interrupt_manager.o
LOAD ./SDK/platform/system/src/clock/MKL25Z4/fsl_clock_MKL25Z4.o
LOAD ./SDK/platform/system/src/clock/fsl_clock_manager.o
LOAD ./SDK/platform/system/src/clock/fsl_clock_manager_common.o
LOAD ./SDK/platform/osa/src/fsl_os_abstraction_free_rtos.o
LOAD ./SDK/platform/hal/src/uart/fsl_uart_hal.o
LOAD ./SDK/platform/hal/src/sim/MKL25Z4/fsl_sim_hal_MKL25Z4.o
LOAD ./SDK/platform/hal/src/rtc/fsl_rtc_hal.o
LOAD ./SDK/platform/hal/src/port/fsl_port_hal.o
LOAD ./SDK/platform/hal/src/osc/fsl_osc_hal.o
LOAD ./SDK/platform/hal/src/mcg/fsl_mcg_hal.o
LOAD ./SDK/platform/hal/src/mcg/fsl_mcg_hal_modes.o
LOAD ./SDK/platform/hal/src/lpsci/fsl_lpsci_hal.o
LOAD ./SDK/platform/hal/src/gpio/fsl_gpio_hal.o
LOAD ./SDK/platform/drivers/src/rtc/fsl_rtc_common.o
LOAD ./SDK/platform/drivers/src/gpio/fsl_gpio_common.o
LOAD ./SDK/platform/drivers/src/gpio/fsl_gpio_driver.o
LOAD ./SDK/platform/devices/MKL25Z4/startup/gcc/startup_MKL25Z4.o
LOAD ./SDK/platform/devices/MKL25Z4/startup/system_MKL25Z4.o
LOAD ./SDK/platform/devices/startup.o
LOAD ./Generated_Code/Cpu.o
LOAD ./Generated_Code/DbgCs1.o
LOAD ./Generated_Code/Task1.o
LOAD ./Generated_Code/Task2.o
LOAD ./Generated_Code/clockMan1.o
LOAD ./Generated_Code/free_rtos.o
LOAD ./Generated_Code/gpio1.o
LOAD ./Generated_Code/hardware_init.o
LOAD ./Generated_Code/osa1.o
LOAD ./Generated_Code/pin_init.o
LOAD c:/freescale/kds_3.0.0/toolchain/bin/../lib/gcc/arm-none-eabi/4.8.4/../../../../arm-none-eabi/lib/armv6-m\libstdc++_s.a
LOAD c:/freescale/kds_3.0.0/toolchain/bin/../lib/gcc/arm-none-eabi/4.8.4/../../../../arm-none-eabi/lib/armv6-m\libm.a
START GROUP
LOAD c:/freescale/kds_3.0.0/toolchain/bin/../lib/gcc/arm-none-eabi/4.8.4/armv6-m\libgcc.a
LOAD c:/freescale/kds_3.0.0/toolchain/bin/../lib/gcc/arm-none-eabi/4.8.4/../../../../arm-none-eabi/lib/armv6-m\libg_s.a
LOAD c:/freescale/kds_3.0.0/toolchain/bin/../lib/gcc/arm-none-eabi/4.8.4/../../../../arm-none-eabi/lib/armv6-m\libc_s.a
END GROUP
START GROUP
LOAD c:/freescale/kds_3.0.0/toolchain/bin/../lib/gcc/arm-none-eabi/4.8.4/armv6-m\libgcc.a
LOAD c:/freescale/kds_3.0.0/toolchain/bin/../lib/gcc/arm-none-eabi/4.8.4/../../../../arm-none-eabi/lib/armv6-m\libc_s.a
LOAD c:/freescale/kds_3.0.0/toolchain/bin/../lib/gcc/arm-none-eabi/4.8.4/../../../../arm-none-eabi/lib/armv6-m\libnosys.a
END GROUP
START GROUP
LOAD c:/freescale/kds_3.0.0/toolchain/bin/../lib/gcc/arm-none-eabi/4.8.4/armv6-m\libgcc.a
LOAD c:/freescale/kds_3.0.0/toolchain/bin/../lib/gcc/arm-none-eabi/4.8.4/../../../../arm-none-eabi/lib/armv6-m\libc_s.a
LOAD c:/freescale/kds_3.0.0/toolchain/bin/../lib/gcc/arm-none-eabi/4.8.4/../../../../arm-none-eabi/lib/armv6-m\libnosys.a
END GROUP
LOAD c:/freescale/kds_3.0.0/toolchain/bin/../lib/gcc/arm-none-eabi/4.8.4/armv6-m/crtend.o
LOAD c:/freescale/kds_3.0.0/toolchain/bin/../lib/gcc/arm-none-eabi/4.8.4/armv6-m/crtn.o
                0x00000000                HEAP_SIZE = DEFINED (__heap_size__)?__heap_size__:0x0
                0x00000400                STACK_SIZE = DEFINED (__stack_size__)?__stack_size__:0x400

.interrupts     0x00000000       0xc0
                0x00000000                __VECTOR_TABLE = .
                0x00000000                . = ALIGN (0x4)
 *(.isr_vector)
 .isr_vector    0x00000000       0xc0 ./SDK/platform/devices/MKL25Z4/startup/gcc/startup_MKL25Z4.o
                0x00000000                __isr_vector
                0x000000c0                . = ALIGN (0x4)
                0x1ffff000                __VECTOR_RAM = ORIGIN (m_interrupts_ram)

.flash_config   0x00000400       0x10
                0x00000400                . = ALIGN (0x4)
 *(.FlashConfig)
 .FlashConfig   0x00000400       0x10 ./SDK/platform/devices/MKL25Z4/startup/gcc/startup_MKL25Z4.o
                0x00000410                . = ALIGN (0x4)

.text           0x00000410     0x586c
                0x00000410                . = ALIGN (0x4)
 *(.text)
 .text          0x00000410       0x60 c:/freescale/kds_3.0.0/toolchain/bin/../lib/gcc/arm-none-eabi/4.8.4/armv6-m/crtbegin.o
 .text          0x00000470       0x78 c:/freescale/kds_3.0.0/toolchain/bin/../lib/gcc/arm-none-eabi/4.8.4/../../../../arm-none-eabi/lib/armv6-m/crt0.o
                0x00000470                _start
                0x00000470                _mainCRTStartup
 .text          0x000004e8       0x18 ./SDK/platform/devices/MKL25Z4/startup/gcc/startup_MKL25Z4.o
                0x000004e8                Reset_Handler
                0x000004f8                HardFault_Handler
                0x000004f8                NMI_Handler
                0x000004f8                I2C1_IRQHandler
                0x000004f8                UART1_IRQHandler
                0x000004f8                DMA2_IRQHandler
                0x000004f8                TPM0_IRQHandler
                0x000004f8                LLWU_IRQHandler
                0x000004f8                TSI0_IRQHandler
                0x000004f8                UART0_IRQHandler
                0x000004f8                ADC0_IRQHandler
                0x000004f8                Reserved39_IRQHandler
                0x000004f8                SPI1_IRQHandler
                0x000004f8                DefaultISR
                0x000004f8                PORTD_IRQHandler
                0x000004f8                TPM2_IRQHandler
                0x000004f8                RTC_IRQHandler
                0x000004f8                I2C0_IRQHandler
                0x000004f8                RTC_Seconds_IRQHandler
                0x000004f8                MCG_IRQHandler
                0x000004f8                UART2_IRQHandler
                0x000004f8                Reserved20_IRQHandler
                0x000004f8                USB0_IRQHandler
                0x000004f8                PIT_IRQHandler
                0x000004f8                DMA3_IRQHandler
                0x000004f8                DMA0_IRQHandler
                0x000004f8                DAC0_IRQHandler
                0x000004f8                Reserved45_IRQHandler
                0x000004f8                TPM1_IRQHandler
                0x000004f8                LVD_LVW_IRQHandler
                0x000004f8                SPI0_IRQHandler
                0x000004f8                PORTA_IRQHandler
                0x000004f8                FTFA_IRQHandler
                0x000004f8                LPTMR0_IRQHandler
                0x000004f8                CMP0_IRQHandler
                0x000004f8                DMA1_IRQHandler
 .text          0x00000500       0x9c c:/freescale/kds_3.0.0/toolchain/bin/../lib/gcc/arm-none-eabi/4.8.4/armv6-m\libgcc.a(_udivsi3.o)
                0x00000500                __aeabi_uidiv
                0x00000500                __udivsi3
                0x00000588                __aeabi_uidivmod
 .text          0x0000059c        0x4 c:/freescale/kds_3.0.0/toolchain/bin/../lib/gcc/arm-none-eabi/4.8.4/armv6-m\libgcc.a(_dvmd_tls.o)
                0x0000059c                __aeabi_idiv0
                0x0000059c                __aeabi_ldiv0
 *(.text*)
 .text.PEX_components_init
                0x000005a0        0xc ./Static_Code/System/PE_low_level_init.o
                0x000005a0                PEX_components_init
 .text.PE_low_level_init
                0x000005ac       0x14 ./Static_Code/System/PE_low_level_init.o
                0x000005ac                PE_low_level_init
 .text.PORT_HAL_SetMuxMode
                0x000005c0       0x4c ./Sources/ledrgb_hal.o
 .text.GPIO_HAL_SetPinOutput
                0x0000060c       0x3c ./Sources/ledrgb_hal.o
 .text.GPIO_HAL_ClearPinOutput
                0x00000648       0x3c ./Sources/ledrgb_hal.o
 .text.ledrgb_init
                0x00000684       0x78 ./Sources/ledrgb_hal.o
                0x00000684                ledrgb_init
 .text.ledrgb_clearRedLed
                0x000006fc       0x18 ./Sources/ledrgb_hal.o
                0x000006fc                ledrgb_clearRedLed
 .text.ledrgb_setRedLed
                0x00000714       0x18 ./Sources/ledrgb_hal.o
                0x00000714                ledrgb_setRedLed
 .text.ledrgb_clearGreenLed
                0x0000072c       0x18 ./Sources/ledrgb_hal.o
                0x0000072c                ledrgb_clearGreenLed
 .text.ledrgb_clearBlueLed
                0x00000744       0x18 ./Sources/ledrgb_hal.o
                0x00000744                ledrgb_clearBlueLed
 .text.main     0x0000075c       0x3c ./Sources/main.o
                0x0000075c                main
 .text.led_mutex_lock
                0x00000798       0x1c ./Sources/os_tasks.o
 .text.led_mutex_unlock
                0x000007b4       0x14 ./Sources/os_tasks.o
 .text.Task1_task
                0x000007c8       0x88 ./Sources/os_tasks.o
                0x000007c8                Task1_task
 .text.Task2_task
                0x00000850       0xc0 ./Sources/os_tasks.o
                0x00000850                Task2_task
 .text.pvPortMalloc
                0x00000910       0x28 ./SDK/rtos/FreeRTOS/src/heap_3.o
                0x00000910                pvPortMalloc
 .text.vPortFree
                0x00000938       0x24 ./SDK/rtos/FreeRTOS/src/heap_3.o
                0x00000938                vPortFree
 .text.vListInitialise
                0x0000095c       0x3c ./SDK/rtos/FreeRTOS/src/list.o
                0x0000095c                vListInitialise
 .text.vListInitialiseItem
                0x00000998       0x14 ./SDK/rtos/FreeRTOS/src/list.o
                0x00000998                vListInitialiseItem
 .text.vListInsertEnd
                0x000009ac       0x44 ./SDK/rtos/FreeRTOS/src/list.o
                0x000009ac                vListInsertEnd
 .text.vListInsert
                0x000009f0       0x6c ./SDK/rtos/FreeRTOS/src/list.o
                0x000009f0                vListInsert
 .text.uxListRemove
                0x00000a5c       0x50 ./SDK/rtos/FreeRTOS/src/list.o
                0x00000a5c                uxListRemove
 .text.xQueueGenericReset
                0x00000aac       0xac ./SDK/rtos/FreeRTOS/src/queue.o
                0x00000aac                xQueueGenericReset
 .text.xQueueGenericCreate
                0x00000b58       0x80 ./SDK/rtos/FreeRTOS/src/queue.o
                0x00000b58                xQueueGenericCreate
 .text.xQueueCreateMutex
                0x00000bd8       0x8c ./SDK/rtos/FreeRTOS/src/queue.o
                0x00000bd8                xQueueCreateMutex
 .text.xQueueGetMutexHolder
                0x00000c64       0x30 ./SDK/rtos/FreeRTOS/src/queue.o
                0x00000c64                xQueueGetMutexHolder
 .text.xQueueGenericSend
                0x00000c94      0x180 ./SDK/rtos/FreeRTOS/src/queue.o
                0x00000c94                xQueueGenericSend
 .text.xQueueGenericSendFromISR
                0x00000e14       0xcc ./SDK/rtos/FreeRTOS/src/queue.o
                0x00000e14                xQueueGenericSendFromISR
 .text.xQueueGenericReceive
                0x00000ee0      0x1bc ./SDK/rtos/FreeRTOS/src/queue.o
                0x00000ee0                xQueueGenericReceive
 .text.prvCopyDataToQueue
                0x0000109c       0xd4 ./SDK/rtos/FreeRTOS/src/queue.o
 .text.prvCopyDataFromQueue
                0x00001170       0x50 ./SDK/rtos/FreeRTOS/src/queue.o
 .text.prvUnlockQueue
                0x000011c0       0x98 ./SDK/rtos/FreeRTOS/src/queue.o
 .text.prvIsQueueEmpty
                0x00001258       0x2c ./SDK/rtos/FreeRTOS/src/queue.o
 .text.prvIsQueueFull
                0x00001284       0x30 ./SDK/rtos/FreeRTOS/src/queue.o
 .text.vQueueWaitForMessageRestricted
                0x000012b4       0x58 ./SDK/rtos/FreeRTOS/src/queue.o
                0x000012b4                vQueueWaitForMessageRestricted
 .text.xTaskGenericCreate
                0x0000130c      0x16c ./SDK/rtos/FreeRTOS/src/tasks.o
                0x0000130c                xTaskGenericCreate
 .text.vTaskDelay
                0x00001478       0x64 ./SDK/rtos/FreeRTOS/src/tasks.o
                0x00001478                vTaskDelay
 .text.vTaskStartScheduler
                0x000014dc       0x74 ./SDK/rtos/FreeRTOS/src/tasks.o
                0x000014dc                vTaskStartScheduler
 .text.vTaskSuspendAll
                0x00001550       0x18 ./SDK/rtos/FreeRTOS/src/tasks.o
                0x00001550                vTaskSuspendAll
 .text.xTaskResumeAll
                0x00001568      0x108 ./SDK/rtos/FreeRTOS/src/tasks.o
                0x00001568                xTaskResumeAll
 .text.xTaskGetTickCount
                0x00001670       0x24 ./SDK/rtos/FreeRTOS/src/tasks.o
                0x00001670                xTaskGetTickCount
 .text.xTaskIncrementTick
                0x00001694      0x16c ./SDK/rtos/FreeRTOS/src/tasks.o
                0x00001694                xTaskIncrementTick
 .text.vTaskSwitchContext
                0x00001800       0xa0 ./SDK/rtos/FreeRTOS/src/tasks.o
                0x00001800                vTaskSwitchContext
 .text.vTaskPlaceOnEventList
                0x000018a0       0x6c ./SDK/rtos/FreeRTOS/src/tasks.o
                0x000018a0                vTaskPlaceOnEventList
 .text.vTaskPlaceOnEventListRestricted
                0x0000190c       0x50 ./SDK/rtos/FreeRTOS/src/tasks.o
                0x0000190c                vTaskPlaceOnEventListRestricted
 .text.xTaskRemoveFromEventList
                0x0000195c       0xb8 ./SDK/rtos/FreeRTOS/src/tasks.o
                0x0000195c                xTaskRemoveFromEventList
 .text.vTaskSetTimeOutState
                0x00001a14       0x30 ./SDK/rtos/FreeRTOS/src/tasks.o
                0x00001a14                vTaskSetTimeOutState
 .text.xTaskCheckForTimeOut
                0x00001a44       0x9c ./SDK/rtos/FreeRTOS/src/tasks.o
                0x00001a44                xTaskCheckForTimeOut
 .text.vTaskMissedYield
                0x00001ae0       0x14 ./SDK/rtos/FreeRTOS/src/tasks.o
                0x00001ae0                vTaskMissedYield
 .text.prvIdleTask
                0x00001af4       0x20 ./SDK/rtos/FreeRTOS/src/tasks.o
 .text.prvInitialiseTCBVariables
                0x00001b14       0x90 ./SDK/rtos/FreeRTOS/src/tasks.o
 .text.prvInitialiseTaskLists
                0x00001ba4       0x88 ./SDK/rtos/FreeRTOS/src/tasks.o
 .text.prvCheckTasksWaitingTermination
                0x00001c2c       0x74 ./SDK/rtos/FreeRTOS/src/tasks.o
 .text.prvAddCurrentTaskToDelayedList
                0x00001ca0       0x6c ./SDK/rtos/FreeRTOS/src/tasks.o
 .text.prvAllocateTCBAndStack
                0x00001d0c       0x70 ./SDK/rtos/FreeRTOS/src/tasks.o
 .text.prvDeleteTCB
                0x00001d7c       0x20 ./SDK/rtos/FreeRTOS/src/tasks.o
 .text.prvResetNextTaskUnblockTime
                0x00001d9c       0x44 ./SDK/rtos/FreeRTOS/src/tasks.o
 .text.xTaskGetCurrentTaskHandle
                0x00001de0       0x1c ./SDK/rtos/FreeRTOS/src/tasks.o
                0x00001de0                xTaskGetCurrentTaskHandle
 .text.xTaskGetSchedulerState
                0x00001dfc       0x38 ./SDK/rtos/FreeRTOS/src/tasks.o
                0x00001dfc                xTaskGetSchedulerState
 .text.vTaskPriorityInherit
                0x00001e34       0xbc ./SDK/rtos/FreeRTOS/src/tasks.o
                0x00001e34                vTaskPriorityInherit
 .text.vTaskPriorityDisinherit
                0x00001ef0       0x84 ./SDK/rtos/FreeRTOS/src/tasks.o
                0x00001ef0                vTaskPriorityDisinherit
 .text.xTimerCreateTimerTask
                0x00001f74       0x60 ./SDK/rtos/FreeRTOS/src/timers.o
                0x00001f74                xTimerCreateTimerTask
 .text.xTimerGenericCommand
                0x00001fd4       0xa0 ./SDK/rtos/FreeRTOS/src/timers.o
                0x00001fd4                xTimerGenericCommand
 .text.prvProcessExpiredTimer
                0x00002074       0x74 ./SDK/rtos/FreeRTOS/src/timers.o
 .text.prvTimerTask
                0x000020e8       0x28 ./SDK/rtos/FreeRTOS/src/timers.o
 .text.prvProcessTimerOrBlockTask
                0x00002110       0x74 ./SDK/rtos/FreeRTOS/src/timers.o
 .text.prvGetNextExpireTime
                0x00002184       0x40 ./SDK/rtos/FreeRTOS/src/timers.o
 .text.prvSampleTimeNow
                0x000021c4       0x40 ./SDK/rtos/FreeRTOS/src/timers.o
 .text.prvInsertTimerInActiveList
                0x00002204       0x84 ./SDK/rtos/FreeRTOS/src/timers.o
 .text.prvProcessReceivedCommands
                0x00002288      0x140 ./SDK/rtos/FreeRTOS/src/timers.o
 .text.prvSwitchTimerLists
                0x000023c8       0xb8 ./SDK/rtos/FreeRTOS/src/timers.o
 .text.prvCheckForValidListAndQueue
                0x00002480       0x64 ./SDK/rtos/FreeRTOS/src/timers.o
 .text.pxPortInitialiseStack
                0x000024e4       0x50 ./SDK/rtos/FreeRTOS/port/gcc/port.o
                0x000024e4                pxPortInitialiseStack
 .text.vPortInitTickTimer
                0x00002534       0x3c ./SDK/rtos/FreeRTOS/port/gcc/port.o
                0x00002534                vPortInitTickTimer
 .text.vPortStartTickTimer
                0x00002570       0x14 ./SDK/rtos/FreeRTOS/port/gcc/port.o
                0x00002570                vPortStartTickTimer
 .text.xPortStartScheduler
                0x00002584       0x34 ./SDK/rtos/FreeRTOS/port/gcc/port.o
                0x00002584                xPortStartScheduler
 .text.vPortEnterCritical
                0x000025b8       0x20 ./SDK/rtos/FreeRTOS/port/gcc/port.o
                0x000025b8                vPortEnterCritical
 .text.vPortExitCritical
                0x000025d8       0x20 ./SDK/rtos/FreeRTOS/port/gcc/port.o
                0x000025d8                vPortExitCritical
 .text.vPortYieldFromISR
                0x000025f8       0x1c ./SDK/rtos/FreeRTOS/port/gcc/port.o
                0x000025f8                vPortYieldFromISR
 .text.SysTick_Handler
                0x00002614       0x1c ./SDK/rtos/FreeRTOS/port/gcc/port.o
                0x00002614                SysTick_Handler
 .text.vPortStartFirstTask
                0x00002630       0x1c ./SDK/rtos/FreeRTOS/port/gcc/port.o
                0x00002630                vPortStartFirstTask
 .text.SVC_Handler
                0x0000264c       0x28 ./SDK/rtos/FreeRTOS/port/gcc/port.o
                0x0000264c                SVC_Handler
 .text.PendSV_Handler
                0x00002674       0x44 ./SDK/rtos/FreeRTOS/port/gcc/port.o
                0x00002674                PendSV_Handler
 .text.UART_HAL_EnableTransmitter
                0x000026b8       0x1c ./SDK/platform/utilities/src/fsl_debug_console.o
 .text.UART_HAL_EnableReceiver
                0x000026d4       0x1c ./SDK/platform/utilities/src/fsl_debug_console.o
 .text.UART_HAL_SetBitCountPerChar
                0x000026f0       0x28 ./SDK/platform/utilities/src/fsl_debug_console.o
 .text.UART_HAL_SetStopBitCount
                0x00002718       0x28 ./SDK/platform/utilities/src/fsl_debug_console.o
 .text.LPSCI_HAL_EnableTransmitter
                0x00002740       0x1c ./SDK/platform/utilities/src/fsl_debug_console.o
 .text.LPSCI_HAL_EnableReceiver
                0x0000275c       0x1c ./SDK/platform/utilities/src/fsl_debug_console.o
 .text.LPSCI_HAL_SetBitCountPerChar
                0x00002778       0x28 ./SDK/platform/utilities/src/fsl_debug_console.o
 .text.LPSCI_HAL_SetStopBitCount
                0x000027a0       0x28 ./SDK/platform/utilities/src/fsl_debug_console.o
 .text.DbgConsole_Init
                0x000027c8      0x160 ./SDK/platform/utilities/src/fsl_debug_console.o
                0x000027c8                DbgConsole_Init
 .text._write   0x00002928       0x5c ./SDK/platform/utilities/src/fsl_debug_console.o
                0x00002928                _write
 .text._read    0x00002984       0x48 ./SDK/platform/utilities/src/fsl_debug_console.o
                0x00002984                _read
 .text.SIM_HAL_EnableClock
                0x000029cc       0x58 ./SDK/platform/system/src/clock/MKL25Z4/fsl_clock_MKL25Z4.o
 .text.CLOCK_HAL_GetLpsciSrc
                0x00002a24       0x28 ./SDK/platform/system/src/clock/MKL25Z4/fsl_clock_MKL25Z4.o
 .text.CLOCK_HAL_GetPllfllSel
                0x00002a4c       0x24 ./SDK/platform/system/src/clock/MKL25Z4/fsl_clock_MKL25Z4.o
 .text.CLOCK_HAL_GetOutDiv1
                0x00002a70       0x28 ./SDK/platform/system/src/clock/MKL25Z4/fsl_clock_MKL25Z4.o
 .text.CLOCK_HAL_GetOutDiv4
                0x00002a98       0x28 ./SDK/platform/system/src/clock/MKL25Z4/fsl_clock_MKL25Z4.o
 .text.OSC_HAL_GetExternalRefClkCmd
                0x00002ac0       0x24 ./SDK/platform/system/src/clock/MKL25Z4/fsl_clock_MKL25Z4.o
 .text.CLOCK_SYS_GetSystemClockFreq
                0x00002ae4       0x34 ./SDK/platform/system/src/clock/MKL25Z4/fsl_clock_MKL25Z4.o
                0x00002ae4                CLOCK_SYS_GetSystemClockFreq
 .text.CLOCK_SYS_GetBusClockFreq
                0x00002b18       0x2c ./SDK/platform/system/src/clock/MKL25Z4/fsl_clock_MKL25Z4.o
                0x00002b18                CLOCK_SYS_GetBusClockFreq
 .text.CLOCK_SYS_GetPllFllClockFreq
                0x00002b44       0x5c ./SDK/platform/system/src/clock/MKL25Z4/fsl_clock_MKL25Z4.o
                0x00002b44                CLOCK_SYS_GetPllFllClockFreq
 .text.CLOCK_SYS_GetOsc0ExternalRefClockFreq
                0x00002ba0       0x2c ./SDK/platform/system/src/clock/MKL25Z4/fsl_clock_MKL25Z4.o
                0x00002ba0                CLOCK_SYS_GetOsc0ExternalRefClockFreq
 .text.CLOCK_SYS_GetLpsciFreq
                0x00002bcc       0x68 ./SDK/platform/system/src/clock/MKL25Z4/fsl_clock_MKL25Z4.o
                0x00002bcc                CLOCK_SYS_GetLpsciFreq
 .text.CLOCK_SYS_GetUartFreq
                0x00002c34       0x2c ./SDK/platform/system/src/clock/MKL25Z4/fsl_clock_MKL25Z4.o
                0x00002c34                CLOCK_SYS_GetUartFreq
 .text.CLOCK_SYS_EnablePortClock
                0x00002c60       0x4c ./SDK/platform/system/src/clock/MKL25Z4/fsl_clock_MKL25Z4.o
                0x00002c60                CLOCK_SYS_EnablePortClock
 .text.CLOCK_SYS_EnableLpsciClock
                0x00002cac       0x40 ./SDK/platform/system/src/clock/MKL25Z4/fsl_clock_MKL25Z4.o
                0x00002cac                CLOCK_SYS_EnableLpsciClock
 .text.CLOCK_SYS_EnableUartClock
                0x00002cec       0x4c ./SDK/platform/system/src/clock/MKL25Z4/fsl_clock_MKL25Z4.o
                0x00002cec                CLOCK_SYS_EnableUartClock
 .text.OSA_MutexCreate
                0x00002d38       0x4c ./SDK/platform/osa/src/fsl_os_abstraction_free_rtos.o
                0x00002d38                OSA_MutexCreate
 .text.OSA_MutexLock
                0x00002d84       0x90 ./SDK/platform/osa/src/fsl_os_abstraction_free_rtos.o
                0x00002d84                OSA_MutexLock
 .text.OSA_MutexUnlock
                0x00002e14       0x68 ./SDK/platform/osa/src/fsl_os_abstraction_free_rtos.o
                0x00002e14                OSA_MutexUnlock
 .text.OSA_TaskCreate
                0x00002e7c       0x50 ./SDK/platform/osa/src/fsl_os_abstraction_free_rtos.o
                0x00002e7c                OSA_TaskCreate
 .text.OSA_MsgQCreate
                0x00002ecc       0x30 ./SDK/platform/osa/src/fsl_os_abstraction_free_rtos.o
                0x00002ecc                OSA_MsgQCreate
 .text.OSA_MessageQueuePutFromTask
                0x00002efc       0x30 ./SDK/platform/osa/src/fsl_os_abstraction_free_rtos.o
 .text.OSA_MessageQueuePutFromISR
                0x00002f2c       0x40 ./SDK/platform/osa/src/fsl_os_abstraction_free_rtos.o
 .text.OSA_MsgQPut
                0x00002f6c       0x3c ./SDK/platform/osa/src/fsl_os_abstraction_free_rtos.o
                0x00002f6c                OSA_MsgQPut
 .text.OSA_MsgQGet
                0x00002fa8       0x58 ./SDK/platform/osa/src/fsl_os_abstraction_free_rtos.o
                0x00002fa8                OSA_MsgQGet
 .text.OSA_Init
                0x00003000        0xc ./SDK/platform/osa/src/fsl_os_abstraction_free_rtos.o
                0x00003000                OSA_Init
 .text.OSA_Start
                0x0000300c       0x10 ./SDK/platform/osa/src/fsl_os_abstraction_free_rtos.o
                0x0000300c                OSA_Start
 .text.UART_HAL_SetBaudRate
                0x0000301c       0x6c ./SDK/platform/hal/src/uart/fsl_uart_hal.o
                0x0000301c                UART_HAL_SetBaudRate
 .text.UART_HAL_SetParityMode
                0x00003088       0x40 ./SDK/platform/hal/src/uart/fsl_uart_hal.o
                0x00003088                UART_HAL_SetParityMode
 .text.UART_HAL_Putchar
                0x000030c8       0x34 ./SDK/platform/hal/src/uart/fsl_uart_hal.o
                0x000030c8                UART_HAL_Putchar
 .text.UART_HAL_Getchar
                0x000030fc       0x34 ./SDK/platform/hal/src/uart/fsl_uart_hal.o
                0x000030fc                UART_HAL_Getchar
 .text.UART_HAL_SendDataPolling
                0x00003130       0x44 ./SDK/platform/hal/src/uart/fsl_uart_hal.o
                0x00003130                UART_HAL_SendDataPolling
 .text.UART_HAL_ReceiveDataPolling
                0x00003174       0xa4 ./SDK/platform/hal/src/uart/fsl_uart_hal.o
                0x00003174                UART_HAL_ReceiveDataPolling
 .text.CLOCK_HAL_GetClkOutStat
                0x00003218       0x20 ./SDK/platform/hal/src/mcg/fsl_mcg_hal.o
 .text.CLOCK_HAL_IsPllSelected
                0x00003238       0x24 ./SDK/platform/hal/src/mcg/fsl_mcg_hal.o
 .text.CLOCK_HAL_GetMcgExternalClkFreq
                0x0000325c       0x18 ./SDK/platform/hal/src/mcg/fsl_mcg_hal.o
 .text.CLOCK_HAL_TestFllExternalRefFreq
                0x00003274       0x7c ./SDK/platform/hal/src/mcg/fsl_mcg_hal.o
                0x00003274                CLOCK_HAL_TestFllExternalRefFreq
 .text.CLOCK_HAL_GetFllRefClk
                0x000032f0       0x8c ./SDK/platform/hal/src/mcg/fsl_mcg_hal.o
                0x000032f0                CLOCK_HAL_GetFllRefClk
 .text.CLOCK_HAL_TestFllFreq
                0x0000337c       0x6c ./SDK/platform/hal/src/mcg/fsl_mcg_hal.o
                0x0000337c                CLOCK_HAL_TestFllFreq
 .text.CLOCK_HAL_GetFllClk
                0x000033e8       0x7c ./SDK/platform/hal/src/mcg/fsl_mcg_hal.o
                0x000033e8                CLOCK_HAL_GetFllClk
 .text.CLOCK_HAL_GetPll0RefFreq
                0x00003464       0x1c ./SDK/platform/hal/src/mcg/fsl_mcg_hal.o
                0x00003464                CLOCK_HAL_GetPll0RefFreq
 .text.CLOCK_HAL_GetPll0Clk
                0x00003480       0x90 ./SDK/platform/hal/src/mcg/fsl_mcg_hal.o
                0x00003480                CLOCK_HAL_GetPll0Clk
 .text.CLOCK_HAL_GetInternalRefClk
                0x00003510       0x64 ./SDK/platform/hal/src/mcg/fsl_mcg_hal.o
                0x00003510                CLOCK_HAL_GetInternalRefClk
 .text.CLOCK_HAL_GetOutClk
                0x00003574       0x7c ./SDK/platform/hal/src/mcg/fsl_mcg_hal.o
                0x00003574                CLOCK_HAL_GetOutClk
 .text.LPSCI_HAL_Putchar
                0x000035f0       0x1c ./SDK/platform/hal/src/lpsci/fsl_lpsci_hal.o
 .text.LPSCI_HAL_Getchar
                0x0000360c       0x1c ./SDK/platform/hal/src/lpsci/fsl_lpsci_hal.o
 .text.LPSCI_HAL_SetBaudRate
                0x00003628      0x14c ./SDK/platform/hal/src/lpsci/fsl_lpsci_hal.o
                0x00003628                LPSCI_HAL_SetBaudRate
 .text.LPSCI_HAL_SetParityMode
                0x00003774       0x40 ./SDK/platform/hal/src/lpsci/fsl_lpsci_hal.o
                0x00003774                LPSCI_HAL_SetParityMode
 .text.LPSCI_HAL_SendDataPolling
                0x000037b4       0x44 ./SDK/platform/hal/src/lpsci/fsl_lpsci_hal.o
                0x000037b4                LPSCI_HAL_SendDataPolling
 .text.LPSCI_HAL_ReceiveDataPolling
                0x000037f8       0x88 ./SDK/platform/hal/src/lpsci/fsl_lpsci_hal.o
                0x000037f8                LPSCI_HAL_ReceiveDataPolling
 .text.GPIO_HAL_SetPinDir
                0x00003880       0x6c ./SDK/platform/hal/src/gpio/fsl_gpio_hal.o
                0x00003880                GPIO_HAL_SetPinDir
 .text.GPIO_HAL_WritePinOutput
                0x000038ec       0x50 ./SDK/platform/hal/src/gpio/fsl_gpio_hal.o
                0x000038ec                GPIO_HAL_WritePinOutput
 .text.NVIC_EnableIRQ
                0x0000393c       0x2c ./SDK/platform/drivers/src/gpio/fsl_gpio_driver.o
 .text.PORT_HAL_SetPullCmd
                0x00003968       0x4c ./SDK/platform/drivers/src/gpio/fsl_gpio_driver.o
 .text.PORT_HAL_SetSlewRateMode
                0x000039b4       0x4c ./SDK/platform/drivers/src/gpio/fsl_gpio_driver.o
 .text.PORT_HAL_SetPassiveFilterCmd
                0x00003a00       0x4c ./SDK/platform/drivers/src/gpio/fsl_gpio_driver.o
 .text.PORT_HAL_SetDriveStrengthMode
                0x00003a4c       0x4c ./SDK/platform/drivers/src/gpio/fsl_gpio_driver.o
 .text.PORT_HAL_SetMuxMode
                0x00003a98       0x4c ./SDK/platform/drivers/src/gpio/fsl_gpio_driver.o
 .text.PORT_HAL_SetPinIntMode
                0x00003ae4       0x4c ./SDK/platform/drivers/src/gpio/fsl_gpio_driver.o
 .text.INT_SYS_EnableIRQ
                0x00003b30       0x5c ./SDK/platform/drivers/src/gpio/fsl_gpio_driver.o
 .text.GPIO_DRV_Init
                0x00003b8c       0x4c ./SDK/platform/drivers/src/gpio/fsl_gpio_driver.o
                0x00003b8c                GPIO_DRV_Init
 .text.GPIO_DRV_InputPinInit
                0x00003bd8       0xc4 ./SDK/platform/drivers/src/gpio/fsl_gpio_driver.o
                0x00003bd8                GPIO_DRV_InputPinInit
 .text.GPIO_DRV_OutputPinInit
                0x00003c9c       0x9c ./SDK/platform/drivers/src/gpio/fsl_gpio_driver.o
                0x00003c9c                GPIO_DRV_OutputPinInit
 .text.SystemInit
                0x00003d38      0x178 ./SDK/platform/devices/MKL25Z4/startup/system_MKL25Z4.o
                0x00003d38                SystemInit
 .text.init_data_bss
                0x00003eb0       0xc8 ./SDK/platform/devices/startup.o
                0x00003eb0                init_data_bss
 .text.CLOCK_HAL_SetLpsciSrc
                0x00003f78       0x30 ./Generated_Code/Cpu.o
 .text.CLOCK_SYS_SetLpsciSrc
                0x00003fa8       0x2c ./Generated_Code/Cpu.o
 .text.Components_Init
                0x00003fd4       0x3c ./Generated_Code/Cpu.o
                0x00003fd4                Components_Init
 .text.Task1_Init
                0x00004010       0x4c ./Generated_Code/Task1.o
                0x00004010                Task1_Init
 .text.Task2_Init
                0x0000405c       0x4c ./Generated_Code/Task2.o
                0x0000405c                Task2_Init
 .text.SIM_HAL_EnableClock
                0x000040a8       0x58 ./Generated_Code/hardware_init.o
 .text.hardware_init
                0x00004100       0x4c ./Generated_Code/hardware_init.o
                0x00004100                hardware_init
 .text.PORT_HAL_SetMuxMode
                0x0000414c       0x4c ./Generated_Code/pin_init.o
 .text.SIM_HAL_SetLpsciRxSrcMode
                0x00004198       0x2c ./Generated_Code/pin_init.o
 .text.init_gpio_pins
                0x000041c4       0x34 ./Generated_Code/pin_init.o
                0x000041c4                init_gpio_pins
 .text.init_osc_pins
                0x000041f8       0x2c ./Generated_Code/pin_init.o
                0x000041f8                init_osc_pins
 .text.init_rcm_pins
                0x00004224       0x20 ./Generated_Code/pin_init.o
                0x00004224                init_rcm_pins
 .text.init_swd_pins
                0x00004244       0x2c ./Generated_Code/pin_init.o
                0x00004244                init_swd_pins
 .text.init_uart0_pins
                0x00004270       0x3c ./Generated_Code/pin_init.o
                0x00004270                init_uart0_pins
 .text.__assert_func
                0x000042ac       0x3c c:/freescale/kds_3.0.0/toolchain/bin/../lib/gcc/arm-none-eabi/4.8.4/../../../../arm-none-eabi/lib/armv6-m\libg_s.a(lib_a-assert.o)
                0x000042ac                __assert_func
 .text.exit     0x000042e8       0x2c c:/freescale/kds_3.0.0/toolchain/bin/../lib/gcc/arm-none-eabi/4.8.4/../../../../arm-none-eabi/lib/armv6-m\libg_s.a(lib_a-exit.o)
                0x000042e8                exit
 .text.fprintf  0x00004314       0x24 c:/freescale/kds_3.0.0/toolchain/bin/../lib/gcc/arm-none-eabi/4.8.4/../../../../arm-none-eabi/lib/armv6-m\libg_s.a(lib_a-fprintf.o)
                0x00004314                fiprintf
                0x00004314                fprintf
 .text.__libc_init_array
                0x00004338       0x4c c:/freescale/kds_3.0.0/toolchain/bin/../lib/gcc/arm-none-eabi/4.8.4/../../../../arm-none-eabi/lib/armv6-m\libg_s.a(lib_a-init.o)
                0x00004338                __libc_init_array
 .text.malloc   0x00004384       0x14 c:/freescale/kds_3.0.0/toolchain/bin/../lib/gcc/arm-none-eabi/4.8.4/../../../../arm-none-eabi/lib/armv6-m\libg_s.a(lib_a-malloc.o)
                0x00004384                malloc
 .text.free     0x00004398       0x14 c:/freescale/kds_3.0.0/toolchain/bin/../lib/gcc/arm-none-eabi/4.8.4/../../../../arm-none-eabi/lib/armv6-m\libg_s.a(lib_a-malloc.o)
                0x00004398                free
 .text.memcpy   0x000043ac       0x12 c:/freescale/kds_3.0.0/toolchain/bin/../lib/gcc/arm-none-eabi/4.8.4/../../../../arm-none-eabi/lib/armv6-m\libg_s.a(lib_a-memcpy-stub.o)
                0x000043ac                memcpy
 .text.memset   0x000043be       0x10 c:/freescale/kds_3.0.0/toolchain/bin/../lib/gcc/arm-none-eabi/4.8.4/../../../../arm-none-eabi/lib/armv6-m\libg_s.a(lib_a-memset.o)
                0x000043be                memset
 *fill*         0x000043ce        0x2 
 .text._free_r  0x000043d0       0x90 c:/freescale/kds_3.0.0/toolchain/bin/../lib/gcc/arm-none-eabi/4.8.4/../../../../arm-none-eabi/lib/armv6-m\libg_s.a(lib_a-nano-freer.o)
                0x000043d0                _free_r
 .text._malloc_r
                0x00004460       0xa8 c:/freescale/kds_3.0.0/toolchain/bin/../lib/gcc/arm-none-eabi/4.8.4/../../../../arm-none-eabi/lib/armv6-m\libg_s.a(lib_a-nano-mallocr.o)
                0x00004460                _malloc_r
 .text._sbrk_r  0x00004508       0x24 c:/freescale/kds_3.0.0/toolchain/bin/../lib/gcc/arm-none-eabi/4.8.4/../../../../arm-none-eabi/lib/armv6-m\libg_s.a(lib_a-sbrkr.o)
                0x00004508                _sbrk_r
 .text.strlen   0x0000452c        0xe c:/freescale/kds_3.0.0/toolchain/bin/../lib/gcc/arm-none-eabi/4.8.4/../../../../arm-none-eabi/lib/armv6-m\libg_s.a(lib_a-strlen.o)
                0x0000452c                strlen
 .text.__sfputc_r
                0x0000453a       0x2a c:/freescale/kds_3.0.0/toolchain/bin/../lib/gcc/arm-none-eabi/4.8.4/../../../../arm-none-eabi/lib/armv6-m\libg_s.a(lib_a-vfprintf.o)
 .text.__sfputs_r
                0x00004564       0x24 c:/freescale/kds_3.0.0/toolchain/bin/../lib/gcc/arm-none-eabi/4.8.4/../../../../arm-none-eabi/lib/armv6-m\libg_s.a(lib_a-vfprintf.o)
                0x00004564                __sfputs_r
 .text._vfprintf_r
                0x00004588      0x210 c:/freescale/kds_3.0.0/toolchain/bin/../lib/gcc/arm-none-eabi/4.8.4/../../../../arm-none-eabi/lib/armv6-m\libg_s.a(lib_a-vfprintf.o)
                0x00004588                _vfprintf_r
                0x00004588                _vfiprintf_r
 .text._printf_common
                0x00004798       0xe8 c:/freescale/kds_3.0.0/toolchain/bin/../lib/gcc/arm-none-eabi/4.8.4/../../../../arm-none-eabi/lib/armv6-m\libg_s.a(lib_a-vfprintf_i.o)
                0x00004798                _printf_common
 .text._printf_i
                0x00004880      0x22c c:/freescale/kds_3.0.0/toolchain/bin/../lib/gcc/arm-none-eabi/4.8.4/../../../../arm-none-eabi/lib/armv6-m\libg_s.a(lib_a-vfprintf_i.o)
                0x00004880                _printf_i
 .text.__swbuf_r
                0x00004aac       0xb0 c:/freescale/kds_3.0.0/toolchain/bin/../lib/gcc/arm-none-eabi/4.8.4/../../../../arm-none-eabi/lib/armv6-m\libg_s.a(lib_a-wbuf.o)
                0x00004aac                __swbuf_r
 .text.__swsetup_r
                0x00004b5c       0xe4 c:/freescale/kds_3.0.0/toolchain/bin/../lib/gcc/arm-none-eabi/4.8.4/../../../../arm-none-eabi/lib/armv6-m\libg_s.a(lib_a-wsetup.o)
                0x00004b5c                __swsetup_r
 .text.abort    0x00004c40        0xe c:/freescale/kds_3.0.0/toolchain/bin/../lib/gcc/arm-none-eabi/4.8.4/../../../../arm-none-eabi/lib/armv6-m\libg_s.a(lib_a-abort.o)
                0x00004c40                abort
 .text.__sflush_r
                0x00004c4e      0x112 c:/freescale/kds_3.0.0/toolchain/bin/../lib/gcc/arm-none-eabi/4.8.4/../../../../arm-none-eabi/lib/armv6-m\libg_s.a(lib_a-fflush.o)
                0x00004c4e                __sflush_r
 .text._fflush_r
                0x00004d60       0x58 c:/freescale/kds_3.0.0/toolchain/bin/../lib/gcc/arm-none-eabi/4.8.4/../../../../arm-none-eabi/lib/armv6-m\libg_s.a(lib_a-fflush.o)
                0x00004d60                _fflush_r
 .text._cleanup_r
                0x00004db8       0x34 c:/freescale/kds_3.0.0/toolchain/bin/../lib/gcc/arm-none-eabi/4.8.4/../../../../arm-none-eabi/lib/armv6-m\libg_s.a(lib_a-findfp.o)
                0x00004db8                _cleanup_r
 .text.std.isra.0
                0x00004dec       0x48 c:/freescale/kds_3.0.0/toolchain/bin/../lib/gcc/arm-none-eabi/4.8.4/../../../../arm-none-eabi/lib/armv6-m\libg_s.a(lib_a-findfp.o)
 .text.__sfmoreglue
                0x00004e34       0x2c c:/freescale/kds_3.0.0/toolchain/bin/../lib/gcc/arm-none-eabi/4.8.4/../../../../arm-none-eabi/lib/armv6-m\libg_s.a(lib_a-findfp.o)
                0x00004e34                __sfmoreglue
 .text.__sinit  0x00004e60       0x64 c:/freescale/kds_3.0.0/toolchain/bin/../lib/gcc/arm-none-eabi/4.8.4/../../../../arm-none-eabi/lib/armv6-m\libg_s.a(lib_a-findfp.o)
                0x00004e60                __sinit
 .text.__sfp    0x00004ec4       0x7c c:/freescale/kds_3.0.0/toolchain/bin/../lib/gcc/arm-none-eabi/4.8.4/../../../../arm-none-eabi/lib/armv6-m\libg_s.a(lib_a-findfp.o)
                0x00004ec4                __sfp
 .text.__smakebuf_r
                0x00004f40       0xa0 c:/freescale/kds_3.0.0/toolchain/bin/../lib/gcc/arm-none-eabi/4.8.4/../../../../arm-none-eabi/lib/armv6-m\libg_s.a(lib_a-makebuf.o)
                0x00004f40                __smakebuf_r
 .text.memchr   0x00004fe0       0x16 c:/freescale/kds_3.0.0/toolchain/bin/../lib/gcc/arm-none-eabi/4.8.4/../../../../arm-none-eabi/lib/armv6-m\libg_s.a(lib_a-memchr-stub.o)
                0x00004fe0                memchr
 .text._raise_r
                0x00004ff6       0x56 c:/freescale/kds_3.0.0/toolchain/bin/../lib/gcc/arm-none-eabi/4.8.4/../../../../arm-none-eabi/lib/armv6-m\libg_s.a(lib_a-signal.o)
                0x00004ff6                _raise_r
 .text.raise    0x0000504c       0x14 c:/freescale/kds_3.0.0/toolchain/bin/../lib/gcc/arm-none-eabi/4.8.4/../../../../arm-none-eabi/lib/armv6-m\libg_s.a(lib_a-signal.o)
                0x0000504c                raise
 .text._kill_r  0x00005060       0x24 c:/freescale/kds_3.0.0/toolchain/bin/../lib/gcc/arm-none-eabi/4.8.4/../../../../arm-none-eabi/lib/armv6-m\libg_s.a(lib_a-signalr.o)
                0x00005060                _kill_r
 .text._getpid_r
                0x00005084        0x8 c:/freescale/kds_3.0.0/toolchain/bin/../lib/gcc/arm-none-eabi/4.8.4/../../../../arm-none-eabi/lib/armv6-m\libg_s.a(lib_a-signalr.o)
                0x00005084                _getpid_r
 .text.__sread  0x0000508c       0x28 c:/freescale/kds_3.0.0/toolchain/bin/../lib/gcc/arm-none-eabi/4.8.4/../../../../arm-none-eabi/lib/armv6-m\libg_s.a(lib_a-stdio.o)
                0x0000508c                __sread
 .text.__swrite
                0x000050b4       0x38 c:/freescale/kds_3.0.0/toolchain/bin/../lib/gcc/arm-none-eabi/4.8.4/../../../../arm-none-eabi/lib/armv6-m\libg_s.a(lib_a-stdio.o)
                0x000050b4                __swrite
 .text.__sseek  0x000050ec       0x2c c:/freescale/kds_3.0.0/toolchain/bin/../lib/gcc/arm-none-eabi/4.8.4/../../../../arm-none-eabi/lib/armv6-m\libg_s.a(lib_a-stdio.o)
                0x000050ec                __sseek
 .text.__sclose
                0x00005118        0xc c:/freescale/kds_3.0.0/toolchain/bin/../lib/gcc/arm-none-eabi/4.8.4/../../../../arm-none-eabi/lib/armv6-m\libg_s.a(lib_a-stdio.o)
                0x00005118                __sclose
 .text._write_r
                0x00005124       0x28 c:/freescale/kds_3.0.0/toolchain/bin/../lib/gcc/arm-none-eabi/4.8.4/../../../../arm-none-eabi/lib/armv6-m\libg_s.a(lib_a-writer.o)
                0x00005124                _write_r
 .text._close_r
                0x0000514c       0x24 c:/freescale/kds_3.0.0/toolchain/bin/../lib/gcc/arm-none-eabi/4.8.4/../../../../arm-none-eabi/lib/armv6-m\libg_s.a(lib_a-closer.o)
                0x0000514c                _close_r
 .text._fstat_r
                0x00005170       0x24 c:/freescale/kds_3.0.0/toolchain/bin/../lib/gcc/arm-none-eabi/4.8.4/../../../../arm-none-eabi/lib/armv6-m\libg_s.a(lib_a-fstatr.o)
                0x00005170                _fstat_r
 .text._isatty_r
                0x00005194       0x24 c:/freescale/kds_3.0.0/toolchain/bin/../lib/gcc/arm-none-eabi/4.8.4/../../../../arm-none-eabi/lib/armv6-m\libg_s.a(lib_a-isattyr.o)
                0x00005194                _isatty_r
 .text._lseek_r
                0x000051b8       0x28 c:/freescale/kds_3.0.0/toolchain/bin/../lib/gcc/arm-none-eabi/4.8.4/../../../../arm-none-eabi/lib/armv6-m\libg_s.a(lib_a-lseekr.o)
                0x000051b8                _lseek_r
 .text._read_r  0x000051e0       0x28 c:/freescale/kds_3.0.0/toolchain/bin/../lib/gcc/arm-none-eabi/4.8.4/../../../../arm-none-eabi/lib/armv6-m\libg_s.a(lib_a-readr.o)
                0x000051e0                _read_r
 .text._close   0x00005208       0x10 c:/freescale/kds_3.0.0/toolchain/bin/../lib/gcc/arm-none-eabi/4.8.4/../../../../arm-none-eabi/lib/armv6-m\libnosys.a(close.o)
                0x00005208                _close
 .text._fstat   0x00005218       0x10 c:/freescale/kds_3.0.0/toolchain/bin/../lib/gcc/arm-none-eabi/4.8.4/../../../../arm-none-eabi/lib/armv6-m\libnosys.a(fstat.o)
                0x00005218                _fstat
 .text._getpid  0x00005228       0x10 c:/freescale/kds_3.0.0/toolchain/bin/../lib/gcc/arm-none-eabi/4.8.4/../../../../arm-none-eabi/lib/armv6-m\libnosys.a(getpid.o)
                0x00005228                _getpid
 .text._isatty  0x00005238       0x10 c:/freescale/kds_3.0.0/toolchain/bin/../lib/gcc/arm-none-eabi/4.8.4/../../../../arm-none-eabi/lib/armv6-m\libnosys.a(isatty.o)
                0x00005238                _isatty
 .text._kill    0x00005248       0x10 c:/freescale/kds_3.0.0/toolchain/bin/../lib/gcc/arm-none-eabi/4.8.4/../../../../arm-none-eabi/lib/armv6-m\libnosys.a(kill.o)
                0x00005248                _kill
 .text._lseek   0x00005258       0x10 c:/freescale/kds_3.0.0/toolchain/bin/../lib/gcc/arm-none-eabi/4.8.4/../../../../arm-none-eabi/lib/armv6-m\libnosys.a(lseek.o)
                0x00005258                _lseek
 .text._sbrk    0x00005268       0x34 c:/freescale/kds_3.0.0/toolchain/bin/../lib/gcc/arm-none-eabi/4.8.4/../../../../arm-none-eabi/lib/armv6-m\libnosys.a(sbrk.o)
                0x00005268                _sbrk
 .text._exit    0x0000529c        0x4 c:/freescale/kds_3.0.0/toolchain/bin/../lib/gcc/arm-none-eabi/4.8.4/../../../../arm-none-eabi/lib/armv6-m\libnosys.a(_exit.o)
                0x0000529c                _exit
 *(.rodata)
 .rodata        0x000052a0      0x128 ./Sources/ledrgb_hal.o
 .rodata        0x000053c8        0x8 ./SDK/rtos/FreeRTOS/src/tasks.o
 .rodata        0x000053d0        0x8 ./SDK/rtos/FreeRTOS/src/timers.o
 .rodata        0x000053d8        0xc ./SDK/platform/utilities/src/fsl_debug_console.o
 .rodata        0x000053e4      0x21c ./SDK/platform/system/src/clock/MKL25Z4/fsl_clock_MKL25Z4.o
 .rodata        0x00005600       0x60 ./SDK/platform/osa/src/fsl_os_abstraction_free_rtos.o
 .rodata        0x00005660       0x38 ./SDK/platform/hal/src/gpio/fsl_gpio_hal.o
 .rodata        0x00005698      0x1f8 ./SDK/platform/drivers/src/gpio/fsl_gpio_driver.o
 .rodata        0x00005890        0x8 ./Generated_Code/Task1.o
 .rodata        0x00005898        0x8 ./Generated_Code/Task2.o
 .rodata        0x000058a0       0x94 ./Generated_Code/pin_init.o
 *(.rodata*)
 .rodata.__func__.6331
                0x00005934       0x14 ./Sources/ledrgb_hal.o
 .rodata.__func__.6409
                0x00005948       0x18 ./Sources/ledrgb_hal.o
 .rodata.__func__.6414
                0x00005960       0x18 ./Sources/ledrgb_hal.o
 .rodata.prvProcessReceivedCommands
                0x00005978       0x28 ./SDK/rtos/FreeRTOS/src/timers.o
 .rodata.portGateTable
                0x000059a0        0x8 ./SDK/platform/system/src/clock/MKL25Z4/fsl_clock_MKL25Z4.o
 .rodata.uartGateTable
                0x000059a8        0x4 ./SDK/platform/system/src/clock/MKL25Z4/fsl_clock_MKL25Z4.o
 .rodata.__func__.6937
                0x000059ac       0x1c ./SDK/platform/system/src/clock/MKL25Z4/fsl_clock_MKL25Z4.o
 .rodata.__func__.7010
                0x000059c8       0x1c ./SDK/platform/system/src/clock/MKL25Z4/fsl_clock_MKL25Z4.o
 .rodata.__func__.7015
                0x000059e4       0x1c ./SDK/platform/system/src/clock/MKL25Z4/fsl_clock_MKL25Z4.o
 .rodata.g_oscBase
                0x00005a00        0x4 ./SDK/platform/system/src/clock/fsl_clock_manager_common.o
                0x00005a00                g_oscBase
 .rodata.__func__.5689
                0x00005a04       0x10 ./SDK/platform/osa/src/fsl_os_abstraction_free_rtos.o
 .rodata.__func__.5695
                0x00005a14       0x10 ./SDK/platform/osa/src/fsl_os_abstraction_free_rtos.o
 .rodata.__func__.5699
                0x00005a24       0x10 ./SDK/platform/osa/src/fsl_os_abstraction_free_rtos.o
 .rodata.fllFactorTable.5299
                0x00005a34       0x10 ./SDK/platform/hal/src/mcg/fsl_mcg_hal.o
 .rodata.__func__.5170
                0x00005a44       0x14 ./SDK/platform/hal/src/gpio/fsl_gpio_hal.o
 .rodata.__func__.5176
                0x00005a58       0x18 ./SDK/platform/hal/src/gpio/fsl_gpio_hal.o
 .rodata.g_gpioBase
                0x00005a70       0x14 ./SDK/platform/drivers/src/gpio/fsl_gpio_common.o
                0x00005a70                g_gpioBase
 .rodata.g_portBase
                0x00005a84       0x14 ./SDK/platform/drivers/src/gpio/fsl_gpio_common.o
                0x00005a84                g_portBase
 .rodata.g_portIrqId
                0x00005a98        0x8 ./SDK/platform/drivers/src/gpio/fsl_gpio_common.o
                0x00005a98                g_portIrqId
 .rodata.__func__.5089
                0x00005aa0       0x14 ./SDK/platform/drivers/src/gpio/fsl_gpio_driver.o
 .rodata.__func__.5065
                0x00005ab4       0x14 ./SDK/platform/drivers/src/gpio/fsl_gpio_driver.o
 .rodata.__func__.5077
                0x00005ac8       0x20 ./SDK/platform/drivers/src/gpio/fsl_gpio_driver.o
 .rodata.__func__.5103
                0x00005ae8       0x18 ./SDK/platform/drivers/src/gpio/fsl_gpio_driver.o
 .rodata.__func__.6568
                0x00005b00       0x14 ./SDK/platform/drivers/src/gpio/fsl_gpio_driver.o
 .rodata.__func__.5071
                0x00005b14       0x1c ./SDK/platform/drivers/src/gpio/fsl_gpio_driver.o
 .rodata.__func__.5083
                0x00005b30       0x20 ./SDK/platform/drivers/src/gpio/fsl_gpio_driver.o
 .rodata.gpio1_InpConfig0
                0x00005b50       0x10 ./Generated_Code/gpio1.o
                0x00005b50                gpio1_InpConfig0
 .rodata.gpio1_OutConfig0
                0x00005b60       0x18 ./Generated_Code/gpio1.o
                0x00005b60                gpio1_OutConfig0
 .rodata.__func__.5089
                0x00005b78       0x14 ./Generated_Code/pin_init.o
 .rodata.str1.1
                0x00005b8c       0x3c c:/freescale/kds_3.0.0/toolchain/bin/../lib/gcc/arm-none-eabi/4.8.4/../../../../arm-none-eabi/lib/armv6-m\libg_s.a(lib_a-assert.o)
                                 0x3d (size before relaxing)
 .rodata.str1.1
                0x00005bc8        0x2 c:/freescale/kds_3.0.0/toolchain/bin/../lib/gcc/arm-none-eabi/4.8.4/../../../../arm-none-eabi/lib/armv6-m\libg_s.a(lib_a-impure.o)
 *fill*         0x00005bca        0x2 
 .rodata._global_impure_ptr
                0x00005bcc        0x4 c:/freescale/kds_3.0.0/toolchain/bin/../lib/gcc/arm-none-eabi/4.8.4/../../../../arm-none-eabi/lib/armv6-m\libg_s.a(lib_a-impure.o)
                0x00005bcc                _global_impure_ptr
 .rodata.str1.1
                0x00005bd0       0x11 c:/freescale/kds_3.0.0/toolchain/bin/../lib/gcc/arm-none-eabi/4.8.4/../../../../arm-none-eabi/lib/armv6-m\libg_s.a(lib_a-vfprintf.o)
 .rodata.str1.1
                0x00005be1       0x22 c:/freescale/kds_3.0.0/toolchain/bin/../lib/gcc/arm-none-eabi/4.8.4/../../../../arm-none-eabi/lib/armv6-m\libg_s.a(lib_a-vfprintf_i.o)
 *fill*         0x00005c03        0x1 
 .rodata.__sf_fake_stdin
                0x00005c04       0x20 c:/freescale/kds_3.0.0/toolchain/bin/../lib/gcc/arm-none-eabi/4.8.4/../../../../arm-none-eabi/lib/armv6-m\libg_s.a(lib_a-findfp.o)
                0x00005c04                __sf_fake_stdin
 .rodata.__sf_fake_stdout
                0x00005c24       0x20 c:/freescale/kds_3.0.0/toolchain/bin/../lib/gcc/arm-none-eabi/4.8.4/../../../../arm-none-eabi/lib/armv6-m\libg_s.a(lib_a-findfp.o)
                0x00005c24                __sf_fake_stdout
 .rodata.__sf_fake_stderr
                0x00005c44       0x20 c:/freescale/kds_3.0.0/toolchain/bin/../lib/gcc/arm-none-eabi/4.8.4/../../../../arm-none-eabi/lib/armv6-m\libg_s.a(lib_a-findfp.o)
                0x00005c44                __sf_fake_stderr
 *(.glue_7)
 .glue_7        0x00000000        0x0 linker stubs
 *(.glue_7t)
 .glue_7t       0x00000000        0x0 linker stubs
 *(.eh_frame)
 .eh_frame      0x00005c64        0x0 c:/freescale/kds_3.0.0/toolchain/bin/../lib/gcc/arm-none-eabi/4.8.4/armv6-m/crtbegin.o
 *(.init)
 .init          0x00005c64        0x4 c:/freescale/kds_3.0.0/toolchain/bin/../lib/gcc/arm-none-eabi/4.8.4/armv6-m/crti.o
                0x00005c64                _init
 .init          0x00005c68        0x8 c:/freescale/kds_3.0.0/toolchain/bin/../lib/gcc/arm-none-eabi/4.8.4/armv6-m/crtn.o
 *(.fini)
 .fini          0x00005c70        0x4 c:/freescale/kds_3.0.0/toolchain/bin/../lib/gcc/arm-none-eabi/4.8.4/armv6-m/crti.o
                0x00005c70                _fini
 .fini          0x00005c74        0x8 c:/freescale/kds_3.0.0/toolchain/bin/../lib/gcc/arm-none-eabi/4.8.4/armv6-m/crtn.o
                0x00005c7c                . = ALIGN (0x4)

.vfp11_veneer   0x00005c7c        0x0
 .vfp11_veneer  0x00000000        0x0 linker stubs

.v4_bx          0x00005c7c        0x0
 .v4_bx         0x00000000        0x0 linker stubs

.iplt           0x00005c7c        0x0
 .iplt          0x00000000        0x0 c:/freescale/kds_3.0.0/toolchain/bin/../lib/gcc/arm-none-eabi/4.8.4/armv6-m/crtbegin.o

.ARM.extab
 *(.ARM.extab* .gnu.linkonce.armextab.*)

.ARM            0x00005c7c        0x8
                0x00005c7c                __exidx_start = .
 *(.ARM.exidx*)
 .ARM.exidx     0x00005c7c        0x8 c:/freescale/kds_3.0.0/toolchain/bin/../lib/gcc/arm-none-eabi/4.8.4/../../../../arm-none-eabi/lib/armv6-m/crt0.o
                0x00005c84                __exidx_end = .

.rel.dyn        0x00005c84        0x0
 .rel.iplt      0x00000000        0x0 c:/freescale/kds_3.0.0/toolchain/bin/../lib/gcc/arm-none-eabi/4.8.4/armv6-m/crtbegin.o

.ctors          0x00005c84        0x0
                0x00005c84                __CTOR_LIST__ = .
 *crtbegin.o(.ctors)
 *crtbegin?.o(.ctors)
 *(EXCLUDE_FILE(*crtend.o *crtend?.o) .ctors)
 *(SORT(.ctors.*))
 *(.ctors)
                0x00005c84                __CTOR_END__ = .

.dtors          0x00005c84        0x0
                0x00005c84                __DTOR_LIST__ = .
 *crtbegin.o(.dtors)
 *crtbegin?.o(.dtors)
 *(EXCLUDE_FILE(*crtend.o *crtend?.o) .dtors)
 *(SORT(.dtors.*))
 *(.dtors)
                0x00005c84                __DTOR_END__ = .

.preinit_array  0x00005c84        0x0
                0x00005c84                PROVIDE (__preinit_array_start, .)
 *(.preinit_array*)
                0x00005c84                PROVIDE (__preinit_array_end, .)

.init_array     0x00005c84        0x4
                0x00005c84                PROVIDE (__init_array_start, .)
 *(SORT(.init_array.*))
 *(.init_array*)
 .init_array    0x00005c84        0x4 c:/freescale/kds_3.0.0/toolchain/bin/../lib/gcc/arm-none-eabi/4.8.4/armv6-m/crtbegin.o
                0x00005c88                PROVIDE (__init_array_end, .)

.fini_array     0x00005c88        0x4
                0x00005c88                PROVIDE (__fini_array_start, .)
 *(SORT(.fini_array.*))
 *(.fini_array*)
 .fini_array    0x00005c88        0x4 c:/freescale/kds_3.0.0/toolchain/bin/../lib/gcc/arm-none-eabi/4.8.4/armv6-m/crtbegin.o
                0x00005c8c                PROVIDE (__fini_array_end, .)
                0x00005c8c                __etext = .
                0x00005c8c                __DATA_ROM = .

.mtb            0x1ffff200        0x0
                0x1ffff200                . = ALIGN (0x8)
                0x1ffff200                _mtb_start = .
 *(.mtb_buf)
                0x1ffff200                . = ALIGN (0x8)
                0x1ffff200                _mtb_end = .

.data           0x1ffff200       0x78 load address 0x00005c8c
                0x1ffff200                . = ALIGN (0x4)
                0x1ffff200                __DATA_RAM = .
                0x1ffff200                __data_start__ = .
 *(.data)
 *(.data*)
 .data.xNextTaskUnblockTime
                0x1ffff200        0x4 ./SDK/rtos/FreeRTOS/src/tasks.o
 .data.uxCriticalNesting
                0x1ffff204        0x4 ./SDK/rtos/FreeRTOS/port/gcc/port.o
 .data.g_fastInternalRefClkFreq
                0x1ffff208        0x4 ./SDK/platform/hal/src/mcg/fsl_mcg_hal.o
                0x1ffff208                g_fastInternalRefClkFreq
 .data.g_slowInternalRefClkFreq
                0x1ffff20c        0x4 ./SDK/platform/hal/src/mcg/fsl_mcg_hal.o
                0x1ffff20c                g_slowInternalRefClkFreq
 .data.impure_data
                0x1ffff210       0x60 c:/freescale/kds_3.0.0/toolchain/bin/../lib/gcc/arm-none-eabi/4.8.4/../../../../arm-none-eabi/lib/armv6-m\libg_s.a(lib_a-impure.o)
 .data._impure_ptr
                0x1ffff270        0x4 c:/freescale/kds_3.0.0/toolchain/bin/../lib/gcc/arm-none-eabi/4.8.4/../../../../arm-none-eabi/lib/armv6-m\libg_s.a(lib_a-impure.o)
                0x1ffff270                _impure_ptr
 *(.jcr*)
 .jcr           0x1ffff274        0x0 c:/freescale/kds_3.0.0/toolchain/bin/../lib/gcc/arm-none-eabi/4.8.4/armv6-m/crtbegin.o
 .jcr           0x1ffff274        0x4 c:/freescale/kds_3.0.0/toolchain/bin/../lib/gcc/arm-none-eabi/4.8.4/armv6-m/crtend.o
                0x1ffff278                . = ALIGN (0x4)
                0x1ffff278                __data_end__ = .
                0x00005d04                __DATA_END = (__DATA_ROM + (__data_end__ - __data_start__))
                0x00005d04                __m_interrupts_ram_ROMStart = (__DATA_ROM + SIZEOF (.data))

.igot.plt       0x1ffff278        0x0 load address 0x00005d04
 .igot.plt      0x00000000        0x0 c:/freescale/kds_3.0.0/toolchain/bin/../lib/gcc/arm-none-eabi/4.8.4/armv6-m/crtbegin.o

.m_interrupts_ram
                0x1ffff000      0x200 load address 0x00005d04
                0x1ffff000                . = ALIGN (0x4)
                0x1ffff000                __m_interrupts_ram_RAMStart = .
 *(.m_interrupts_ram)
                0x1ffff200                . = (. + 0x200)
 *fill*         0x1ffff000      0x200 
                0x1ffff200                __m_interrupts_ram_RAMEnd = .
                0x1ffff200                . = ALIGN (0x4)
                0x00000200                __m_interrupts_ram_ROMSize = (__m_interrupts_ram_RAMEnd - __m_interrupts_ram_RAMStart)
                0x00000200                __RAM_VECTOR_TABLE_SIZE_BYTES = (__m_interrupts_ram_RAMEnd - __m_interrupts_ram_RAMStart)

.bss            0x1ffff278      0x62c load address 0x00005d04
                0x1ffff278                . = ALIGN (0x4)
                0x1ffff278                __START_BSS = .
                0x1ffff278                __bss_start__ = .
 *(.bss)
 .bss           0x1ffff278       0x1c c:/freescale/kds_3.0.0/toolchain/bin/../lib/gcc/arm-none-eabi/4.8.4/armv6-m/crtbegin.o
 *(.bss*)
 .bss.ledQueue  0x1ffff294        0x4 ./Sources/main.o
                0x1ffff294                ledQueue
 .bss.pxCurrentTCB
                0x1ffff298        0x4 ./SDK/rtos/FreeRTOS/src/tasks.o
                0x1ffff298                pxCurrentTCB
 .bss.pxReadyTasksLists
                0x1ffff29c      0x500 ./SDK/rtos/FreeRTOS/src/tasks.o
 .bss.xDelayedTaskList1
                0x1ffff79c       0x14 ./SDK/rtos/FreeRTOS/src/tasks.o
 .bss.xDelayedTaskList2
                0x1ffff7b0       0x14 ./SDK/rtos/FreeRTOS/src/tasks.o
 .bss.pxDelayedTaskList
                0x1ffff7c4        0x4 ./SDK/rtos/FreeRTOS/src/tasks.o
 .bss.pxOverflowDelayedTaskList
                0x1ffff7c8        0x4 ./SDK/rtos/FreeRTOS/src/tasks.o
 .bss.xPendingReadyList
                0x1ffff7cc       0x14 ./SDK/rtos/FreeRTOS/src/tasks.o
 .bss.xTasksWaitingTermination
                0x1ffff7e0       0x14 ./SDK/rtos/FreeRTOS/src/tasks.o
 .bss.uxTasksDeleted
                0x1ffff7f4        0x4 ./SDK/rtos/FreeRTOS/src/tasks.o
 .bss.xSuspendedTaskList
                0x1ffff7f8       0x14 ./SDK/rtos/FreeRTOS/src/tasks.o
 .bss.uxCurrentNumberOfTasks
                0x1ffff80c        0x4 ./SDK/rtos/FreeRTOS/src/tasks.o
 .bss.xTickCount
                0x1ffff810        0x4 ./SDK/rtos/FreeRTOS/src/tasks.o
 .bss.uxTopReadyPriority
                0x1ffff814        0x4 ./SDK/rtos/FreeRTOS/src/tasks.o
 .bss.xSchedulerRunning
                0x1ffff818        0x4 ./SDK/rtos/FreeRTOS/src/tasks.o
 .bss.uxPendedTicks
                0x1ffff81c        0x4 ./SDK/rtos/FreeRTOS/src/tasks.o
 .bss.xYieldPending
                0x1ffff820        0x4 ./SDK/rtos/FreeRTOS/src/tasks.o
 .bss.xNumOfOverflows
                0x1ffff824        0x4 ./SDK/rtos/FreeRTOS/src/tasks.o
 .bss.uxTaskNumber
                0x1ffff828        0x4 ./SDK/rtos/FreeRTOS/src/tasks.o
 .bss.uxSchedulerSuspended
                0x1ffff82c        0x4 ./SDK/rtos/FreeRTOS/src/tasks.o
 .bss.xActiveTimerList1
                0x1ffff830       0x14 ./SDK/rtos/FreeRTOS/src/timers.o
 .bss.xActiveTimerList2
                0x1ffff844       0x14 ./SDK/rtos/FreeRTOS/src/timers.o
 .bss.pxCurrentTimerList
                0x1ffff858        0x4 ./SDK/rtos/FreeRTOS/src/timers.o
 .bss.pxOverflowTimerList
                0x1ffff85c        0x4 ./SDK/rtos/FreeRTOS/src/timers.o
 .bss.xTimerQueue
                0x1ffff860        0x4 ./SDK/rtos/FreeRTOS/src/timers.o
 .bss.xLastTime.4816
                0x1ffff864        0x4 ./SDK/rtos/FreeRTOS/src/timers.o
 .bss.s_debugConsole
                0x1ffff868       0x10 ./SDK/platform/utilities/src/fsl_debug_console.o
 .bss.Task1_stack
                0x1ffff878        0x4 ./Generated_Code/Task1.o
                0x1ffff878                Task1_stack
 .bss.Task2_stack
                0x1ffff87c        0x4 ./Generated_Code/Task2.o
                0x1ffff87c                Task2_stack
 .bss.__malloc_sbrk_start
                0x1ffff880        0x4 c:/freescale/kds_3.0.0/toolchain/bin/../lib/gcc/arm-none-eabi/4.8.4/../../../../arm-none-eabi/lib/armv6-m\libg_s.a(lib_a-nano-mallocr.o)
                0x1ffff880                __malloc_sbrk_start
 .bss.__malloc_free_list
                0x1ffff884        0x4 c:/freescale/kds_3.0.0/toolchain/bin/../lib/gcc/arm-none-eabi/4.8.4/../../../../arm-none-eabi/lib/armv6-m\libg_s.a(lib_a-nano-mallocr.o)
                0x1ffff884                __malloc_free_list
 .bss.heap_end.4246
                0x1ffff888        0x4 c:/freescale/kds_3.0.0/toolchain/bin/../lib/gcc/arm-none-eabi/4.8.4/../../../../arm-none-eabi/lib/armv6-m\libnosys.a(sbrk.o)
 *(COMMON)
 COMMON         0x1ffff88c        0x4 ./Sources/main.o
                0x1ffff88c                ledMutex
 COMMON         0x1ffff890        0x8 ./SDK/platform/hal/src/mcg/fsl_mcg_hal.o
                0x1ffff890                g_xtal0ClkFreq
                0x1ffff894                g_xtalRtcClkFreq
 COMMON         0x1ffff898        0x4 ./Generated_Code/Task1.o
                0x1ffff898                Task1_task_handler
 COMMON         0x1ffff89c        0x4 ./Generated_Code/Task2.o
                0x1ffff89c                Task2_task_handler
 COMMON         0x1ffff8a0        0x4 c:/freescale/kds_3.0.0/toolchain/bin/../lib/gcc/arm-none-eabi/4.8.4/../../../../arm-none-eabi/lib/armv6-m\libg_s.a(lib_a-reent.o)
                0x1ffff8a0                errno
                0x1ffff8a4                . = ALIGN (0x4)
                0x1ffff8a4                __bss_end__ = .
                0x1ffff8a4                __END_BSS = .

.heap           0x1ffff8a4        0x4 load address 0x00006330
                0x1ffff8a8                . = ALIGN (0x8)
 *fill*         0x1ffff8a4        0x4 
                0x1ffff8a8                __end__ = .
                0x1ffff8a8                PROVIDE (end, .)
                0x1ffff8a8                __HeapBase = .
                0x1ffff8a8                . = (. + HEAP_SIZE)
                0x1ffff8a8                __HeapLimit = .

.stack          0x1ffff8a8      0x400 load address 0x00006334
                0x1ffff8a8                . = ALIGN (0x8)
                0x1ffffca8                . = (. + STACK_SIZE)
 *fill*         0x1ffff8a8      0x400 
                0x20003000                __StackTop = (ORIGIN (m_data) + 0x3e00)
                0x20002c00                __StackLimit = (__StackTop - STACK_SIZE)
                0x20003000                PROVIDE (__stack, __StackTop)

.ARM.attributes
                0x00000000       0x28
 *(.ARM.attributes)
 .ARM.attributes
                0x00000000       0x1e c:/freescale/kds_3.0.0/toolchain/bin/../lib/gcc/arm-none-eabi/4.8.4/armv6-m/crti.o
 .ARM.attributes
                0x0000001e       0x2c c:/freescale/kds_3.0.0/toolchain/bin/../lib/gcc/arm-none-eabi/4.8.4/armv6-m/crtbegin.o
 .ARM.attributes
                0x0000004a       0x1b c:/freescale/kds_3.0.0/toolchain/bin/../lib/gcc/arm-none-eabi/4.8.4/../../../../arm-none-eabi/lib/armv6-m/crt0.o
 .ARM.attributes
                0x00000065       0x32 ./Static_Code/System/PE_low_level_init.o
 .ARM.attributes
                0x00000097       0x32 ./Sources/ledrgb_hal.o
 .ARM.attributes
                0x000000c9       0x32 ./Sources/main.o
 .ARM.attributes
                0x000000fb       0x32 ./Sources/os_tasks.o
 .ARM.attributes
                0x0000012d       0x32 ./SDK/rtos/FreeRTOS/src/heap_3.o
 .ARM.attributes
                0x0000015f       0x32 ./SDK/rtos/FreeRTOS/src/list.o
 .ARM.attributes
                0x00000191       0x32 ./SDK/rtos/FreeRTOS/src/queue.o
 .ARM.attributes
                0x000001c3       0x32 ./SDK/rtos/FreeRTOS/src/tasks.o
 .ARM.attributes
                0x000001f5       0x32 ./SDK/rtos/FreeRTOS/src/timers.o
 .ARM.attributes
                0x00000227       0x32 ./SDK/rtos/FreeRTOS/port/gcc/port.o
 .ARM.attributes
                0x00000259       0x32 ./SDK/platform/utilities/src/fsl_debug_console.o
 .ARM.attributes
                0x0000028b       0x32 ./SDK/platform/system/src/clock/MKL25Z4/fsl_clock_MKL25Z4.o
 .ARM.attributes
                0x000002bd       0x32 ./SDK/platform/system/src/clock/fsl_clock_manager_common.o
 .ARM.attributes
                0x000002ef       0x32 ./SDK/platform/osa/src/fsl_os_abstraction_free_rtos.o
 .ARM.attributes
                0x00000321       0x32 ./SDK/platform/hal/src/uart/fsl_uart_hal.o
 .ARM.attributes
                0x00000353       0x32 ./SDK/platform/hal/src/mcg/fsl_mcg_hal.o
 .ARM.attributes
                0x00000385       0x32 ./SDK/platform/hal/src/lpsci/fsl_lpsci_hal.o
 .ARM.attributes
                0x000003b7       0x32 ./SDK/platform/hal/src/gpio/fsl_gpio_hal.o
 .ARM.attributes
                0x000003e9       0x32 ./SDK/platform/drivers/src/gpio/fsl_gpio_common.o
 .ARM.attributes
                0x0000041b       0x32 ./SDK/platform/drivers/src/gpio/fsl_gpio_driver.o
 .ARM.attributes
                0x0000044d       0x1b ./SDK/platform/devices/MKL25Z4/startup/gcc/startup_MKL25Z4.o
 .ARM.attributes
                0x00000468       0x32 ./SDK/platform/devices/MKL25Z4/startup/system_MKL25Z4.o
 .ARM.attributes
                0x0000049a       0x32 ./SDK/platform/devices/startup.o
 .ARM.attributes
                0x000004cc       0x32 ./Generated_Code/Cpu.o
 .ARM.attributes
                0x000004fe       0x32 ./Generated_Code/Task1.o
 .ARM.attributes
                0x00000530       0x32 ./Generated_Code/Task2.o
 .ARM.attributes
                0x00000562       0x32 ./Generated_Code/gpio1.o
 .ARM.attributes
                0x00000594       0x32 ./Generated_Code/hardware_init.o
 .ARM.attributes
                0x000005c6       0x32 ./Generated_Code/pin_init.o
 .ARM.attributes
                0x000005f8       0x1e c:/freescale/kds_3.0.0/toolchain/bin/../lib/gcc/arm-none-eabi/4.8.4/armv6-m\libgcc.a(_udivsi3.o)
 .ARM.attributes
                0x00000616       0x1e c:/freescale/kds_3.0.0/toolchain/bin/../lib/gcc/arm-none-eabi/4.8.4/armv6-m\libgcc.a(_dvmd_tls.o)
 .ARM.attributes
                0x00000634       0x2c c:/freescale/kds_3.0.0/toolchain/bin/../lib/gcc/arm-none-eabi/4.8.4/../../../../arm-none-eabi/lib/armv6-m\libg_s.a(lib_a-assert.o)
 .ARM.attributes
                0x00000660       0x2c c:/freescale/kds_3.0.0/toolchain/bin/../lib/gcc/arm-none-eabi/4.8.4/../../../../arm-none-eabi/lib/armv6-m\libg_s.a(lib_a-exit.o)
 .ARM.attributes
                0x0000068c       0x2c c:/freescale/kds_3.0.0/toolchain/bin/../lib/gcc/arm-none-eabi/4.8.4/../../../../arm-none-eabi/lib/armv6-m\libg_s.a(lib_a-fprintf.o)
 .ARM.attributes
                0x000006b8       0x2c c:/freescale/kds_3.0.0/toolchain/bin/../lib/gcc/arm-none-eabi/4.8.4/../../../../arm-none-eabi/lib/armv6-m\libg_s.a(lib_a-impure.o)
 .ARM.attributes
                0x000006e4       0x2c c:/freescale/kds_3.0.0/toolchain/bin/../lib/gcc/arm-none-eabi/4.8.4/../../../../arm-none-eabi/lib/armv6-m\libg_s.a(lib_a-init.o)
 .ARM.attributes
                0x00000710       0x2c c:/freescale/kds_3.0.0/toolchain/bin/../lib/gcc/arm-none-eabi/4.8.4/../../../../arm-none-eabi/lib/armv6-m\libg_s.a(lib_a-malloc.o)
 .ARM.attributes
                0x0000073c       0x2c c:/freescale/kds_3.0.0/toolchain/bin/../lib/gcc/arm-none-eabi/4.8.4/../../../../arm-none-eabi/lib/armv6-m\libg_s.a(lib_a-memcpy-stub.o)
 .ARM.attributes
                0x00000768       0x2c c:/freescale/kds_3.0.0/toolchain/bin/../lib/gcc/arm-none-eabi/4.8.4/../../../../arm-none-eabi/lib/armv6-m\libg_s.a(lib_a-memset.o)
 .ARM.attributes
                0x00000794       0x2c c:/freescale/kds_3.0.0/toolchain/bin/../lib/gcc/arm-none-eabi/4.8.4/../../../../arm-none-eabi/lib/armv6-m\libg_s.a(lib_a-nano-freer.o)
 .ARM.attributes
                0x000007c0       0x2c c:/freescale/kds_3.0.0/toolchain/bin/../lib/gcc/arm-none-eabi/4.8.4/../../../../arm-none-eabi/lib/armv6-m\libg_s.a(lib_a-nano-mallocr.o)
 .ARM.attributes
                0x000007ec       0x2c c:/freescale/kds_3.0.0/toolchain/bin/../lib/gcc/arm-none-eabi/4.8.4/../../../../arm-none-eabi/lib/armv6-m\libg_s.a(lib_a-sbrkr.o)
 .ARM.attributes
                0x00000818       0x2c c:/freescale/kds_3.0.0/toolchain/bin/../lib/gcc/arm-none-eabi/4.8.4/../../../../arm-none-eabi/lib/armv6-m\libg_s.a(lib_a-strlen.o)
 .ARM.attributes
                0x00000844       0x2c c:/freescale/kds_3.0.0/toolchain/bin/../lib/gcc/arm-none-eabi/4.8.4/../../../../arm-none-eabi/lib/armv6-m\libg_s.a(lib_a-vfprintf.o)
 .ARM.attributes
                0x00000870       0x2c c:/freescale/kds_3.0.0/toolchain/bin/../lib/gcc/arm-none-eabi/4.8.4/../../../../arm-none-eabi/lib/armv6-m\libg_s.a(lib_a-vfprintf_i.o)
 .ARM.attributes
                0x0000089c       0x2c c:/freescale/kds_3.0.0/toolchain/bin/../lib/gcc/arm-none-eabi/4.8.4/../../../../arm-none-eabi/lib/armv6-m\libg_s.a(lib_a-wbuf.o)
 .ARM.attributes
                0x000008c8       0x2c c:/freescale/kds_3.0.0/toolchain/bin/../lib/gcc/arm-none-eabi/4.8.4/../../../../arm-none-eabi/lib/armv6-m\libg_s.a(lib_a-wsetup.o)
 .ARM.attributes
                0x000008f4       0x2c c:/freescale/kds_3.0.0/toolchain/bin/../lib/gcc/arm-none-eabi/4.8.4/../../../../arm-none-eabi/lib/armv6-m\libg_s.a(lib_a-abort.o)
 .ARM.attributes
                0x00000920       0x2c c:/freescale/kds_3.0.0/toolchain/bin/../lib/gcc/arm-none-eabi/4.8.4/../../../../arm-none-eabi/lib/armv6-m\libg_s.a(lib_a-fflush.o)
 .ARM.attributes
                0x0000094c       0x2c c:/freescale/kds_3.0.0/toolchain/bin/../lib/gcc/arm-none-eabi/4.8.4/../../../../arm-none-eabi/lib/armv6-m\libg_s.a(lib_a-findfp.o)
 .ARM.attributes
                0x00000978       0x2c c:/freescale/kds_3.0.0/toolchain/bin/../lib/gcc/arm-none-eabi/4.8.4/../../../../arm-none-eabi/lib/armv6-m\libg_s.a(lib_a-makebuf.o)
 .ARM.attributes
                0x000009a4       0x2c c:/freescale/kds_3.0.0/toolchain/bin/../lib/gcc/arm-none-eabi/4.8.4/../../../../arm-none-eabi/lib/armv6-m\libg_s.a(lib_a-memchr-stub.o)
 .ARM.attributes
                0x000009d0       0x2c c:/freescale/kds_3.0.0/toolchain/bin/../lib/gcc/arm-none-eabi/4.8.4/../../../../arm-none-eabi/lib/armv6-m\libg_s.a(lib_a-reent.o)
 .ARM.attributes
                0x000009fc       0x2c c:/freescale/kds_3.0.0/toolchain/bin/../lib/gcc/arm-none-eabi/4.8.4/../../../../arm-none-eabi/lib/armv6-m\libg_s.a(lib_a-signal.o)
 .ARM.attributes
                0x00000a28       0x2c c:/freescale/kds_3.0.0/toolchain/bin/../lib/gcc/arm-none-eabi/4.8.4/../../../../arm-none-eabi/lib/armv6-m\libg_s.a(lib_a-signalr.o)
 .ARM.attributes
                0x00000a54       0x2c c:/freescale/kds_3.0.0/toolchain/bin/../lib/gcc/arm-none-eabi/4.8.4/../../../../arm-none-eabi/lib/armv6-m\libg_s.a(lib_a-stdio.o)
 .ARM.attributes
                0x00000a80       0x2c c:/freescale/kds_3.0.0/toolchain/bin/../lib/gcc/arm-none-eabi/4.8.4/../../../../arm-none-eabi/lib/armv6-m\libg_s.a(lib_a-writer.o)
 .ARM.attributes
                0x00000aac       0x2c c:/freescale/kds_3.0.0/toolchain/bin/../lib/gcc/arm-none-eabi/4.8.4/../../../../arm-none-eabi/lib/armv6-m\libg_s.a(lib_a-closer.o)
 .ARM.attributes
                0x00000ad8       0x2c c:/freescale/kds_3.0.0/toolchain/bin/../lib/gcc/arm-none-eabi/4.8.4/../../../../arm-none-eabi/lib/armv6-m\libg_s.a(lib_a-fstatr.o)
 .ARM.attributes
                0x00000b04       0x2c c:/freescale/kds_3.0.0/toolchain/bin/../lib/gcc/arm-none-eabi/4.8.4/../../../../arm-none-eabi/lib/armv6-m\libg_s.a(lib_a-isattyr.o)
 .ARM.attributes
                0x00000b30       0x2c c:/freescale/kds_3.0.0/toolchain/bin/../lib/gcc/arm-none-eabi/4.8.4/../../../../arm-none-eabi/lib/armv6-m\libg_s.a(lib_a-lseekr.o)
 .ARM.attributes
                0x00000b5c       0x2c c:/freescale/kds_3.0.0/toolchain/bin/../lib/gcc/arm-none-eabi/4.8.4/../../../../arm-none-eabi/lib/armv6-m\libg_s.a(lib_a-readr.o)
 .ARM.attributes
                0x00000b88       0x2c c:/freescale/kds_3.0.0/toolchain/bin/../lib/gcc/arm-none-eabi/4.8.4/../../../../arm-none-eabi/lib/armv6-m\libnosys.a(close.o)
 .ARM.attributes
                0x00000bb4       0x2c c:/freescale/kds_3.0.0/toolchain/bin/../lib/gcc/arm-none-eabi/4.8.4/../../../../arm-none-eabi/lib/armv6-m\libnosys.a(fstat.o)
 .ARM.attributes
                0x00000be0       0x2c c:/freescale/kds_3.0.0/toolchain/bin/../lib/gcc/arm-none-eabi/4.8.4/../../../../arm-none-eabi/lib/armv6-m\libnosys.a(getpid.o)
 .ARM.attributes
                0x00000c0c       0x2c c:/freescale/kds_3.0.0/toolchain/bin/../lib/gcc/arm-none-eabi/4.8.4/../../../../arm-none-eabi/lib/armv6-m\libnosys.a(isatty.o)
 .ARM.attributes
                0x00000c38       0x2c c:/freescale/kds_3.0.0/toolchain/bin/../lib/gcc/arm-none-eabi/4.8.4/../../../../arm-none-eabi/lib/armv6-m\libnosys.a(kill.o)
 .ARM.attributes
                0x00000c64       0x2c c:/freescale/kds_3.0.0/toolchain/bin/../lib/gcc/arm-none-eabi/4.8.4/../../../../arm-none-eabi/lib/armv6-m\libnosys.a(lseek.o)
 .ARM.attributes
                0x00000c90       0x2c c:/freescale/kds_3.0.0/toolchain/bin/../lib/gcc/arm-none-eabi/4.8.4/../../../../arm-none-eabi/lib/armv6-m\libnosys.a(sbrk.o)
 .ARM.attributes
                0x00000cbc       0x2c c:/freescale/kds_3.0.0/toolchain/bin/../lib/gcc/arm-none-eabi/4.8.4/../../../../arm-none-eabi/lib/armv6-m\libnosys.a(_exit.o)
 .ARM.attributes
                0x00000ce8       0x2c c:/freescale/kds_3.0.0/toolchain/bin/../lib/gcc/arm-none-eabi/4.8.4/armv6-m/crtend.o
 .ARM.attributes
                0x00000d14       0x1e c:/freescale/kds_3.0.0/toolchain/bin/../lib/gcc/arm-none-eabi/4.8.4/armv6-m/crtn.o
OUTPUT(lab4.elf elf32-littlearm)

.debug_info     0x00000000     0xb673
 .debug_info    0x00000000       0xf3 ./Static_Code/System/PE_low_level_init.o
 .debug_info    0x000000f3      0x3db ./Sources/ledrgb_hal.o
 .debug_info    0x000004ce      0x161 ./Sources/main.o
 .debug_info    0x0000062f      0x26d ./Sources/os_tasks.o
 .debug_info    0x0000089c       0xe0 ./SDK/rtos/FreeRTOS/src/heap_3.o
 .debug_info    0x0000097c      0x2a1 ./SDK/rtos/FreeRTOS/src/list.o
 .debug_info    0x00000c1d      0xa65 ./SDK/rtos/FreeRTOS/src/queue.o
 .debug_info    0x00001682      0xf89 ./SDK/rtos/FreeRTOS/src/tasks.o
 .debug_info    0x0000260b      0x92b ./SDK/rtos/FreeRTOS/src/timers.o
 .debug_info    0x00002f36      0x1fa ./SDK/rtos/FreeRTOS/port/gcc/port.o
 .debug_info    0x00003130      0xa71 ./SDK/platform/utilities/src/fsl_debug_console.o
 .debug_info    0x00003ba1     0x17ee ./SDK/platform/system/src/clock/MKL25Z4/fsl_clock_MKL25Z4.o
 .debug_info    0x0000538f      0x462 ./SDK/platform/system/src/clock/fsl_clock_manager_common.o
 .debug_info    0x000057f1      0xdf3 ./SDK/platform/osa/src/fsl_os_abstraction_free_rtos.o
 .debug_info    0x000065e4      0x83e ./SDK/platform/hal/src/uart/fsl_uart_hal.o
 .debug_info    0x00006e22      0xb9f ./SDK/platform/hal/src/mcg/fsl_mcg_hal.o
 .debug_info    0x000079c1      0x947 ./SDK/platform/hal/src/lpsci/fsl_lpsci_hal.o
 .debug_info    0x00008308      0x2f0 ./SDK/platform/hal/src/gpio/fsl_gpio_hal.o
 .debug_info    0x000085f8      0x397 ./SDK/platform/drivers/src/gpio/fsl_gpio_common.o
 .debug_info    0x0000898f      0xe6a ./SDK/platform/drivers/src/gpio/fsl_gpio_driver.o
 .debug_info    0x000097f9       0xcf ./SDK/platform/devices/MKL25Z4/startup/gcc/startup_MKL25Z4.o
 .debug_info    0x000098c8      0x672 ./SDK/platform/devices/MKL25Z4/startup/system_MKL25Z4.o
 .debug_info    0x00009f3a      0x296 ./SDK/platform/devices/startup.o
 .debug_info    0x0000a1d0      0x575 ./Generated_Code/Cpu.o
 .debug_info    0x0000a745      0x182 ./Generated_Code/Task1.o
 .debug_info    0x0000a8c7      0x182 ./Generated_Code/Task2.o
 .debug_info    0x0000aa49      0x29e ./Generated_Code/gpio1.o
 .debug_info    0x0000ace7      0x3cf ./Generated_Code/hardware_init.o
 .debug_info    0x0000b0b6      0x5bd ./Generated_Code/pin_init.o

.debug_abbrev   0x00000000     0x2546
 .debug_abbrev  0x00000000       0x75 ./Static_Code/System/PE_low_level_init.o
 .debug_abbrev  0x00000075      0x11f ./Sources/ledrgb_hal.o
 .debug_abbrev  0x00000194       0xb0 ./Sources/main.o
 .debug_abbrev  0x00000244       0xf8 ./Sources/os_tasks.o
 .debug_abbrev  0x0000033c       0xa2 ./SDK/rtos/FreeRTOS/src/heap_3.o
 .debug_abbrev  0x000003de       0xc1 ./SDK/rtos/FreeRTOS/src/list.o
 .debug_abbrev  0x0000049f      0x189 ./SDK/rtos/FreeRTOS/src/queue.o
 .debug_abbrev  0x00000628      0x208 ./SDK/rtos/FreeRTOS/src/tasks.o
 .debug_abbrev  0x00000830      0x194 ./SDK/rtos/FreeRTOS/src/timers.o
 .debug_abbrev  0x000009c4       0xed ./SDK/rtos/FreeRTOS/port/gcc/port.o
 .debug_abbrev  0x00000ab1      0x23a ./SDK/platform/utilities/src/fsl_debug_console.o
 .debug_abbrev  0x00000ceb      0x2f0 ./SDK/platform/system/src/clock/MKL25Z4/fsl_clock_MKL25Z4.o
 .debug_abbrev  0x00000fdb       0xde ./SDK/platform/system/src/clock/fsl_clock_manager_common.o
 .debug_abbrev  0x000010b9      0x221 ./SDK/platform/osa/src/fsl_os_abstraction_free_rtos.o
 .debug_abbrev  0x000012da      0x1ee ./SDK/platform/hal/src/uart/fsl_uart_hal.o
 .debug_abbrev  0x000014c8      0x22c ./SDK/platform/hal/src/mcg/fsl_mcg_hal.o
 .debug_abbrev  0x000016f4      0x211 ./SDK/platform/hal/src/lpsci/fsl_lpsci_hal.o
 .debug_abbrev  0x00001905      0x11b ./SDK/platform/hal/src/gpio/fsl_gpio_hal.o
 .debug_abbrev  0x00001a20       0xc0 ./SDK/platform/drivers/src/gpio/fsl_gpio_common.o
 .debug_abbrev  0x00001ae0      0x27a ./SDK/platform/drivers/src/gpio/fsl_gpio_driver.o
 .debug_abbrev  0x00001d5a       0x14 ./SDK/platform/devices/MKL25Z4/startup/gcc/startup_MKL25Z4.o
 .debug_abbrev  0x00001d6e      0x121 ./SDK/platform/devices/MKL25Z4/startup/system_MKL25Z4.o
 .debug_abbrev  0x00001e8f       0xe9 ./SDK/platform/devices/startup.o
 .debug_abbrev  0x00001f78      0x147 ./Generated_Code/Cpu.o
 .debug_abbrev  0x000020bf       0xb0 ./Generated_Code/Task1.o
 .debug_abbrev  0x0000216f       0xb0 ./Generated_Code/Task2.o
 .debug_abbrev  0x0000221f       0xa7 ./Generated_Code/gpio1.o
 .debug_abbrev  0x000022c6      0x10c ./Generated_Code/hardware_init.o
 .debug_abbrev  0x000023d2      0x174 ./Generated_Code/pin_init.o

.debug_aranges  0x00000000      0xde0
 .debug_aranges
                0x00000000       0x28 ./Static_Code/System/PE_low_level_init.o
 .debug_aranges
                0x00000028       0x68 ./Sources/ledrgb_hal.o
 .debug_aranges
                0x00000090       0x20 ./Sources/main.o
 .debug_aranges
                0x000000b0       0x38 ./Sources/os_tasks.o
 .debug_aranges
                0x000000e8       0x28 ./SDK/rtos/FreeRTOS/src/heap_3.o
 .debug_aranges
                0x00000110       0x40 ./SDK/rtos/FreeRTOS/src/list.o
 .debug_aranges
                0x00000150       0xd8 ./SDK/rtos/FreeRTOS/src/queue.o
 .debug_aranges
                0x00000228      0x168 ./SDK/rtos/FreeRTOS/src/tasks.o
 .debug_aranges
                0x00000390       0x98 ./SDK/rtos/FreeRTOS/src/timers.o
 .debug_aranges
                0x00000428       0x80 ./SDK/rtos/FreeRTOS/port/gcc/port.o
 .debug_aranges
                0x000004a8       0xa0 ./SDK/platform/utilities/src/fsl_debug_console.o
 .debug_aranges
                0x00000548      0x218 ./SDK/platform/system/src/clock/MKL25Z4/fsl_clock_MKL25Z4.o
 .debug_aranges
                0x00000760       0x18 ./SDK/platform/system/src/clock/fsl_clock_manager_common.o
 .debug_aranges
                0x00000778      0x148 ./SDK/platform/osa/src/fsl_os_abstraction_free_rtos.o
 .debug_aranges
                0x000008c0       0xb0 ./SDK/platform/hal/src/uart/fsl_uart_hal.o
 .debug_aranges
                0x00000970       0xd8 ./SDK/platform/hal/src/mcg/fsl_mcg_hal.o
 .debug_aranges
                0x00000a48       0xc8 ./SDK/platform/hal/src/lpsci/fsl_lpsci_hal.o
 .debug_aranges
                0x00000b10       0x38 ./SDK/platform/hal/src/gpio/fsl_gpio_hal.o
 .debug_aranges
                0x00000b48       0x18 ./SDK/platform/drivers/src/gpio/fsl_gpio_common.o
 .debug_aranges
                0x00000b60       0xf0 ./SDK/platform/drivers/src/gpio/fsl_gpio_driver.o
 .debug_aranges
                0x00000c50       0x20 ./SDK/platform/devices/MKL25Z4/startup/gcc/startup_MKL25Z4.o
 .debug_aranges
                0x00000c70       0x28 ./SDK/platform/devices/MKL25Z4/startup/system_MKL25Z4.o
 .debug_aranges
                0x00000c98       0x20 ./SDK/platform/devices/startup.o
 .debug_aranges
                0x00000cb8       0x30 ./Generated_Code/Cpu.o
 .debug_aranges
                0x00000ce8       0x20 ./Generated_Code/Task1.o
 .debug_aranges
                0x00000d08       0x20 ./Generated_Code/Task2.o
 .debug_aranges
                0x00000d28       0x18 ./Generated_Code/gpio1.o
 .debug_aranges
                0x00000d40       0x28 ./Generated_Code/hardware_init.o
 .debug_aranges
                0x00000d68       0x78 ./Generated_Code/pin_init.o

.debug_ranges   0x00000000      0xbe8
 .debug_ranges  0x00000000       0x18 ./Static_Code/System/PE_low_level_init.o
 .debug_ranges  0x00000018       0x58 ./Sources/ledrgb_hal.o
 .debug_ranges  0x00000070       0x10 ./Sources/main.o
 .debug_ranges  0x00000080       0x28 ./Sources/os_tasks.o
 .debug_ranges  0x000000a8       0x18 ./SDK/rtos/FreeRTOS/src/heap_3.o
 .debug_ranges  0x000000c0       0x30 ./SDK/rtos/FreeRTOS/src/list.o
 .debug_ranges  0x000000f0       0xc8 ./SDK/rtos/FreeRTOS/src/queue.o
 .debug_ranges  0x000001b8      0x158 ./SDK/rtos/FreeRTOS/src/tasks.o
 .debug_ranges  0x00000310       0x88 ./SDK/rtos/FreeRTOS/src/timers.o
 .debug_ranges  0x00000398       0x70 ./SDK/rtos/FreeRTOS/port/gcc/port.o
 .debug_ranges  0x00000408       0x90 ./SDK/platform/utilities/src/fsl_debug_console.o
 .debug_ranges  0x00000498      0x208 ./SDK/platform/system/src/clock/MKL25Z4/fsl_clock_MKL25Z4.o
 .debug_ranges  0x000006a0      0x138 ./SDK/platform/osa/src/fsl_os_abstraction_free_rtos.o
 .debug_ranges  0x000007d8       0xa0 ./SDK/platform/hal/src/uart/fsl_uart_hal.o
 .debug_ranges  0x00000878       0xc8 ./SDK/platform/hal/src/mcg/fsl_mcg_hal.o
 .debug_ranges  0x00000940       0xb8 ./SDK/platform/hal/src/lpsci/fsl_lpsci_hal.o
 .debug_ranges  0x000009f8       0x28 ./SDK/platform/hal/src/gpio/fsl_gpio_hal.o
 .debug_ranges  0x00000a20       0xe0 ./SDK/platform/drivers/src/gpio/fsl_gpio_driver.o
 .debug_ranges  0x00000b00       0x18 ./SDK/platform/devices/MKL25Z4/startup/system_MKL25Z4.o
 .debug_ranges  0x00000b18       0x10 ./SDK/platform/devices/startup.o
 .debug_ranges  0x00000b28       0x20 ./Generated_Code/Cpu.o
 .debug_ranges  0x00000b48       0x10 ./Generated_Code/Task1.o
 .debug_ranges  0x00000b58       0x10 ./Generated_Code/Task2.o
 .debug_ranges  0x00000b68       0x18 ./Generated_Code/hardware_init.o
 .debug_ranges  0x00000b80       0x68 ./Generated_Code/pin_init.o

.debug_macro    0x00000000    0x16e67
 .debug_macro   0x00000000      0x3cb ./Static_Code/System/PE_low_level_init.o
 .debug_macro   0x000003cb      0x80e ./Static_Code/System/PE_low_level_init.o
 .debug_macro   0x00000bd9       0x11 ./Static_Code/System/PE_low_level_init.o
 .debug_macro   0x00000bea       0x16 ./Static_Code/System/PE_low_level_init.o
 .debug_macro   0x00000c00       0x16 ./Static_Code/System/PE_low_level_init.o
 .debug_macro   0x00000c16       0x44 ./Static_Code/System/PE_low_level_init.o
 .debug_macro   0x00000c5a      0x209 ./Static_Code/System/PE_low_level_init.o
 .debug_macro   0x00000e63       0x3a ./Static_Code/System/PE_low_level_init.o
 .debug_macro   0x00000e9d       0x3a ./Static_Code/System/PE_low_level_init.o
 .debug_macro   0x00000ed7       0x1f ./Static_Code/System/PE_low_level_init.o
 .debug_macro   0x00000ef6      0x250 ./Static_Code/System/PE_low_level_init.o
 .debug_macro   0x00001146       0xc6 ./Static_Code/System/PE_low_level_init.o
 .debug_macro   0x0000120c     0x8439 ./Static_Code/System/PE_low_level_init.o
 .debug_macro   0x00009645       0x58 ./Static_Code/System/PE_low_level_init.o
 .debug_macro   0x0000969d       0x35 ./Static_Code/System/PE_low_level_init.o
 .debug_macro   0x000096d2       0xa3 ./Static_Code/System/PE_low_level_init.o
 .debug_macro   0x00009775       0x16 ./Static_Code/System/PE_low_level_init.o
 .debug_macro   0x0000978b      0x10e ./Static_Code/System/PE_low_level_init.o
 .debug_macro   0x00009899       0x7f ./Static_Code/System/PE_low_level_init.o
 .debug_macro   0x00009918       0x52 ./Static_Code/System/PE_low_level_init.o
 .debug_macro   0x0000996a       0x16 ./Static_Code/System/PE_low_level_init.o
 .debug_macro   0x00009980       0x43 ./Static_Code/System/PE_low_level_init.o
 .debug_macro   0x000099c3      0x180 ./Static_Code/System/PE_low_level_init.o
 .debug_macro   0x00009b43       0x22 ./Static_Code/System/PE_low_level_init.o
 .debug_macro   0x00009b65       0x7c ./Static_Code/System/PE_low_level_init.o
 .debug_macro   0x00009be1     0x764c ./Static_Code/System/PE_low_level_init.o
 .debug_macro   0x0001122d     0x10b2 ./Static_Code/System/PE_low_level_init.o
 .debug_macro   0x000122df       0x22 ./Static_Code/System/PE_low_level_init.o
 .debug_macro   0x00012301       0x16 ./Static_Code/System/PE_low_level_init.o
 .debug_macro   0x00012317       0x10 ./Static_Code/System/PE_low_level_init.o
 .debug_macro   0x00012327       0x11 ./Static_Code/System/PE_low_level_init.o
 .debug_macro   0x00012338       0x10 ./Static_Code/System/PE_low_level_init.o
 .debug_macro   0x00012348       0x10 ./Static_Code/System/PE_low_level_init.o
 .debug_macro   0x00012358       0x10 ./Static_Code/System/PE_low_level_init.o
 .debug_macro   0x00012368       0x16 ./Static_Code/System/PE_low_level_init.o
 .debug_macro   0x0001237e      0x202 ./Static_Code/System/PE_low_level_init.o
 .debug_macro   0x00012580       0x40 ./Static_Code/System/PE_low_level_init.o
 .debug_macro   0x000125c0       0xce ./Static_Code/System/PE_low_level_init.o
 .debug_macro   0x0001268e       0x12 ./Static_Code/System/PE_low_level_init.o
 .debug_macro   0x000126a0       0x1f ./Static_Code/System/PE_low_level_init.o
 .debug_macro   0x000126bf       0x79 ./Static_Code/System/PE_low_level_init.o
 .debug_macro   0x00012738       0x69 ./Static_Code/System/PE_low_level_init.o
 .debug_macro   0x000127a1      0x2ff ./Static_Code/System/PE_low_level_init.o
 .debug_macro   0x00012aa0       0xb0 ./Static_Code/System/PE_low_level_init.o
 .debug_macro   0x00012b50       0x7e ./Static_Code/System/PE_low_level_init.o
 .debug_macro   0x00012bce       0x97 ./Static_Code/System/PE_low_level_init.o
 .debug_macro   0x00012c65       0x19 ./Static_Code/System/PE_low_level_init.o
 .debug_macro   0x00012c7e       0x35 ./Static_Code/System/PE_low_level_init.o
 .debug_macro   0x00012cb3       0x12 ./Static_Code/System/PE_low_level_init.o
 .debug_macro   0x00012cc5       0x28 ./Static_Code/System/PE_low_level_init.o
 .debug_macro   0x00012ced       0x28 ./Static_Code/System/PE_low_level_init.o
 .debug_macro   0x00012d15       0x22 ./Static_Code/System/PE_low_level_init.o
 .debug_macro   0x00012d37       0x20 ./Static_Code/System/PE_low_level_init.o
 .debug_macro   0x00012d57       0x1c ./Static_Code/System/PE_low_level_init.o
 .debug_macro   0x00012d73       0x1c ./Static_Code/System/PE_low_level_init.o
 .debug_macro   0x00012d8f       0x1c ./Static_Code/System/PE_low_level_init.o
 .debug_macro   0x00012dab      0x212 ./Sources/ledrgb_hal.o
 .debug_macro   0x00012fbd       0x1c ./Sources/ledrgb_hal.o
 .debug_macro   0x00012fd9       0x4c ./Sources/ledrgb_hal.o
 .debug_macro   0x00013025      0x3c7 ./Sources/main.o
 .debug_macro   0x000133ec      0x3da ./Sources/os_tasks.o
 .debug_macro   0x000137c6      0x14f ./SDK/rtos/FreeRTOS/src/heap_3.o
 .debug_macro   0x00013915      0x143 ./SDK/rtos/FreeRTOS/src/list.o
 .debug_macro   0x00013a58      0x1bf ./SDK/rtos/FreeRTOS/src/queue.o
 .debug_macro   0x00013c17      0x2a6 ./SDK/rtos/FreeRTOS/src/queue.o
 .debug_macro   0x00013ebd       0x10 ./SDK/rtos/FreeRTOS/src/queue.o
 .debug_macro   0x00013ecd       0x35 ./SDK/rtos/FreeRTOS/src/queue.o
 .debug_macro   0x00013f02      0x1f8 ./SDK/rtos/FreeRTOS/src/tasks.o
 .debug_macro   0x000140fa       0x16 ./SDK/rtos/FreeRTOS/src/tasks.o
 .debug_macro   0x00014110      0x167 ./SDK/rtos/FreeRTOS/src/timers.o
 .debug_macro   0x00014277      0x196 ./SDK/rtos/FreeRTOS/port/gcc/port.o
 .debug_macro   0x0001440d       0xc8 ./SDK/rtos/FreeRTOS/port/gcc/port.o
 .debug_macro   0x000144d5       0x18 ./SDK/rtos/FreeRTOS/port/gcc/port.o
 .debug_macro   0x000144ed       0x46 ./SDK/rtos/FreeRTOS/port/gcc/port.o
 .debug_macro   0x00014533      0x35b ./SDK/platform/utilities/src/fsl_debug_console.o
 .debug_macro   0x0001488e       0x82 ./SDK/platform/utilities/src/fsl_debug_console.o
 .debug_macro   0x00014910       0x22 ./SDK/platform/utilities/src/fsl_debug_console.o
 .debug_macro   0x00014932      0x293 ./SDK/platform/system/src/clock/MKL25Z4/fsl_clock_MKL25Z4.o
 .debug_macro   0x00014bc5      0x1e8 ./SDK/platform/system/src/clock/fsl_clock_manager_common.o
 .debug_macro   0x00014dad      0x25b ./SDK/platform/osa/src/fsl_os_abstraction_free_rtos.o
 .debug_macro   0x00015008      0x174 ./SDK/platform/hal/src/uart/fsl_uart_hal.o
 .debug_macro   0x0001517c      0x174 ./SDK/platform/hal/src/mcg/fsl_mcg_hal.o
 .debug_macro   0x000152f0      0x174 ./SDK/platform/hal/src/lpsci/fsl_lpsci_hal.o
 .debug_macro   0x00015464      0x16e ./SDK/platform/hal/src/gpio/fsl_gpio_hal.o
 .debug_macro   0x000155d2      0x15d ./SDK/platform/drivers/src/gpio/fsl_gpio_common.o
 .debug_macro   0x0001572f      0x225 ./SDK/platform/drivers/src/gpio/fsl_gpio_driver.o
 .debug_macro   0x00015954       0x22 ./SDK/platform/drivers/src/gpio/fsl_gpio_driver.o
 .debug_macro   0x00015976      0x158 ./SDK/platform/devices/MKL25Z4/startup/system_MKL25Z4.o
 .debug_macro   0x00015ace      0x167 ./SDK/platform/devices/startup.o
 .debug_macro   0x00015c35      0x3cc ./Generated_Code/Cpu.o
 .debug_macro   0x00016001       0x19 ./Generated_Code/Cpu.o
 .debug_macro   0x0001601a      0x3bd ./Generated_Code/Task1.o
 .debug_macro   0x000163d7      0x3bd ./Generated_Code/Task2.o
 .debug_macro   0x00016794      0x37d ./Generated_Code/gpio1.o
 .debug_macro   0x00016b11      0x1b1 ./Generated_Code/hardware_init.o
 .debug_macro   0x00016cc2      0x1a5 ./Generated_Code/pin_init.o

.debug_line     0x00000000    0x10432
 .debug_line    0x00000000      0xd83 ./Static_Code/System/PE_low_level_init.o
 .debug_line    0x00000d83      0x871 ./Sources/ledrgb_hal.o
 .debug_line    0x000015f4      0xce8 ./Sources/main.o
 .debug_line    0x000022dc      0xd4d ./Sources/os_tasks.o
 .debug_line    0x00003029      0x417 ./SDK/rtos/FreeRTOS/src/heap_3.o
 .debug_line    0x00003440      0x46d ./SDK/rtos/FreeRTOS/src/list.o
 .debug_line    0x000038ad      0x95d ./SDK/rtos/FreeRTOS/src/queue.o
 .debug_line    0x0000420a      0xc13 ./SDK/rtos/FreeRTOS/src/tasks.o
 .debug_line    0x00004e1d      0x62c ./SDK/rtos/FreeRTOS/src/timers.o
 .debug_line    0x00005449      0x41b ./SDK/rtos/FreeRTOS/port/gcc/port.o
 .debug_line    0x00005864      0xd8f ./SDK/platform/utilities/src/fsl_debug_console.o
 .debug_line    0x000065f3     0x109d ./SDK/platform/system/src/clock/MKL25Z4/fsl_clock_MKL25Z4.o
 .debug_line    0x00007690      0x77b ./SDK/platform/system/src/clock/fsl_clock_manager_common.o
 .debug_line    0x00007e0b      0xcaf ./SDK/platform/osa/src/fsl_os_abstraction_free_rtos.o
 .debug_line    0x00008aba      0x7cc ./SDK/platform/hal/src/uart/fsl_uart_hal.o
 .debug_line    0x00009286      0x844 ./SDK/platform/hal/src/mcg/fsl_mcg_hal.o
 .debug_line    0x00009aca      0x816 ./SDK/platform/hal/src/lpsci/fsl_lpsci_hal.o
 .debug_line    0x0000a2e0      0x5c3 ./SDK/platform/hal/src/gpio/fsl_gpio_hal.o
 .debug_line    0x0000a8a3      0x4c8 ./SDK/platform/drivers/src/gpio/fsl_gpio_common.o
 .debug_line    0x0000ad6b      0xb0f ./SDK/platform/drivers/src/gpio/fsl_gpio_driver.o
 .debug_line    0x0000b87a       0x77 ./SDK/platform/devices/MKL25Z4/startup/gcc/startup_MKL25Z4.o
 .debug_line    0x0000b8f1      0x571 ./SDK/platform/devices/MKL25Z4/startup/system_MKL25Z4.o
 .debug_line    0x0000be62      0x42d ./SDK/platform/devices/startup.o
 .debug_line    0x0000c28f      0xd95 ./Generated_Code/Cpu.o
 .debug_line    0x0000d024      0xd4d ./Generated_Code/Task1.o
 .debug_line    0x0000dd71      0xd4d ./Generated_Code/Task2.o
 .debug_line    0x0000eabe      0xc10 ./Generated_Code/gpio1.o
 .debug_line    0x0000f6ce      0x64e ./Generated_Code/hardware_init.o
 .debug_line    0x0000fd1c      0x716 ./Generated_Code/pin_init.o

.debug_str      0x00000000    0xa83dc
 .debug_str     0x00000000    0xa02ea ./Static_Code/System/PE_low_level_init.o
                              0xa07dc (size before relaxing)
 .debug_str     0x000a02ea      0x25a ./Sources/ledrgb_hal.o
                              0x9bdae (size before relaxing)
 .debug_str     0x000a0544       0xc7 ./Sources/main.o
                              0xa084d (size before relaxing)
 .debug_str     0x000a060b      0x14f ./Sources/os_tasks.o
                              0xa0a04 (size before relaxing)
 .debug_str     0x000a075a       0x97 ./SDK/rtos/FreeRTOS/src/heap_3.o
                               0x6fc0 (size before relaxing)
 .debug_str     0x000a07f1      0x142 ./SDK/rtos/FreeRTOS/src/list.o
                               0x7095 (size before relaxing)
 .debug_str     0x000a0933     0x154c ./SDK/rtos/FreeRTOS/src/queue.o
                               0x9029 (size before relaxing)
 .debug_str     0x000a1e7f      0xd5c ./SDK/rtos/FreeRTOS/src/tasks.o
                               0x951b (size before relaxing)
 .debug_str     0x000a2bdb      0x442 ./SDK/rtos/FreeRTOS/src/timers.o
                               0x8705 (size before relaxing)
 .debug_str     0x000a301d      0x94c ./SDK/rtos/FreeRTOS/port/gcc/port.o
                               0x6544 (size before relaxing)
 .debug_str     0x000a3969     0x1430 ./SDK/platform/utilities/src/fsl_debug_console.o
                              0xa27d7 (size before relaxing)
 .debug_str     0x000a4d99     0x12ca ./SDK/platform/system/src/clock/MKL25Z4/fsl_clock_MKL25Z4.o
                              0xa1632 (size before relaxing)
 .debug_str     0x000a6063       0x50 ./SDK/platform/system/src/clock/fsl_clock_manager_common.o