Archive member included because of file (symbol)

c:/freescale/kds_3.0.0/toolchain/bin/../lib/gcc/arm-none-eabi/4.8.4/armv6-m\libgcc.a(_udivsi3.o)
                              ./SDK/platform/utilities/src/print_scan.o (__aeabi_uidiv)
c:/freescale/kds_3.0.0/toolchain/bin/../lib/gcc/arm-none-eabi/4.8.4/armv6-m\libgcc.a(_divsi3.o)
                              ./SDK/platform/utilities/src/print_scan.o (__aeabi_idiv)
c:/freescale/kds_3.0.0/toolchain/bin/../lib/gcc/arm-none-eabi/4.8.4/armv6-m\libgcc.a(_dvmd_tls.o)
                              c:/freescale/kds_3.0.0/toolchain/bin/../lib/gcc/arm-none-eabi/4.8.4/armv6-m\libgcc.a(_udivsi3.o) (__aeabi_idiv0)
c:/freescale/kds_3.0.0/toolchain/bin/../lib/gcc/arm-none-eabi/4.8.4/../../../../arm-none-eabi/lib/armv6-m\libg_s.a(lib_a-assert.o)
                              ./Sources/ledrgb_hal.o (__assert_func)
c:/freescale/kds_3.0.0/toolchain/bin/../lib/gcc/arm-none-eabi/4.8.4/../../../../arm-none-eabi/lib/armv6-m\libg_s.a(lib_a-exit.o)
                              c:/freescale/kds_3.0.0/toolchain/bin/../lib/gcc/arm-none-eabi/4.8.4/../../../../arm-none-eabi/lib/armv6-m/crt0.o (exit)
c:/freescale/kds_3.0.0/toolchain/bin/../lib/gcc/arm-none-eabi/4.8.4/../../../../arm-none-eabi/lib/armv6-m\libg_s.a(lib_a-fprintf.o)
                              c:/freescale/kds_3.0.0/toolchain/bin/../lib/gcc/arm-none-eabi/4.8.4/../../../../arm-none-eabi/lib/armv6-m\libg_s.a(lib_a-assert.o) (fiprintf)
c:/freescale/kds_3.0.0/toolchain/bin/../lib/gcc/arm-none-eabi/4.8.4/../../../../arm-none-eabi/lib/armv6-m\libg_s.a(lib_a-impure.o)
                              c:/freescale/kds_3.0.0/toolchain/bin/../lib/gcc/arm-none-eabi/4.8.4/../../../../arm-none-eabi/lib/armv6-m\libg_s.a(lib_a-exit.o) (_global_impure_ptr)
c:/freescale/kds_3.0.0/toolchain/bin/../lib/gcc/arm-none-eabi/4.8.4/../../../../arm-none-eabi/lib/armv6-m\libg_s.a(lib_a-init.o)
                              c:/freescale/kds_3.0.0/toolchain/bin/../lib/gcc/arm-none-eabi/4.8.4/../../../../arm-none-eabi/lib/armv6-m/crt0.o (__libc_init_array)
c:/freescale/kds_3.0.0/toolchain/bin/../lib/gcc/arm-none-eabi/4.8.4/../../../../arm-none-eabi/lib/armv6-m\libg_s.a(lib_a-malloc.o)
                              ./SDK/rtos/FreeRTOS/src/heap_3.o (malloc)
c:/freescale/kds_3.0.0/toolchain/bin/../lib/gcc/arm-none-eabi/4.8.4/../../../../arm-none-eabi/lib/armv6-m\libg_s.a(lib_a-memcpy-stub.o)
                              ./SDK/rtos/FreeRTOS/src/queue.o (memcpy)
c:/freescale/kds_3.0.0/toolchain/bin/../lib/gcc/arm-none-eabi/4.8.4/../../../../arm-none-eabi/lib/armv6-m\libg_s.a(lib_a-memset.o)
                              c:/freescale/kds_3.0.0/toolchain/bin/../lib/gcc/arm-none-eabi/4.8.4/../../../../arm-none-eabi/lib/armv6-m/crt0.o (memset)
c:/freescale/kds_3.0.0/toolchain/bin/../lib/gcc/arm-none-eabi/4.8.4/../../../../arm-none-eabi/lib/armv6-m\libg_s.a(lib_a-nano-freer.o)
                              c:/freescale/kds_3.0.0/toolchain/bin/../lib/gcc/arm-none-eabi/4.8.4/../../../../arm-none-eabi/lib/armv6-m\libg_s.a(lib_a-malloc.o) (_free_r)
c:/freescale/kds_3.0.0/toolchain/bin/../lib/gcc/arm-none-eabi/4.8.4/../../../../arm-none-eabi/lib/armv6-m\libg_s.a(lib_a-nano-mallocr.o)
                              c:/freescale/kds_3.0.0/toolchain/bin/../lib/gcc/arm-none-eabi/4.8.4/../../../../arm-none-eabi/lib/armv6-m\libg_s.a(lib_a-malloc.o) (_malloc_r)
c:/freescale/kds_3.0.0/toolchain/bin/../lib/gcc/arm-none-eabi/4.8.4/../../../../arm-none-eabi/lib/armv6-m\libg_s.a(lib_a-sbrkr.o)
                              c:/freescale/kds_3.0.0/toolchain/bin/../lib/gcc/arm-none-eabi/4.8.4/../../../../arm-none-eabi/lib/armv6-m\libg_s.a(lib_a-nano-mallocr.o) (_sbrk_r)
c:/freescale/kds_3.0.0/toolchain/bin/../lib/gcc/arm-none-eabi/4.8.4/../../../../arm-none-eabi/lib/armv6-m\libg_s.a(lib_a-strlen.o)
                              ./SDK/platform/utilities/src/print_scan.o (strlen)
c:/freescale/kds_3.0.0/toolchain/bin/../lib/gcc/arm-none-eabi/4.8.4/../../../../arm-none-eabi/lib/armv6-m\libg_s.a(lib_a-vfprintf.o)
                              c:/freescale/kds_3.0.0/toolchain/bin/../lib/gcc/arm-none-eabi/4.8.4/../../../../arm-none-eabi/lib/armv6-m\libg_s.a(lib_a-fprintf.o) (_vfprintf_r)
c:/freescale/kds_3.0.0/toolchain/bin/../lib/gcc/arm-none-eabi/4.8.4/../../../../arm-none-eabi/lib/armv6-m\libg_s.a(lib_a-vfprintf_i.o)
                              c:/freescale/kds_3.0.0/toolchain/bin/../lib/gcc/arm-none-eabi/4.8.4/../../../../arm-none-eabi/lib/armv6-m\libg_s.a(lib_a-vfprintf.o) (_printf_i)
c:/freescale/kds_3.0.0/toolchain/bin/../lib/gcc/arm-none-eabi/4.8.4/../../../../arm-none-eabi/lib/armv6-m\libg_s.a(lib_a-vprintf.o)
                              ./Sources/dbgwrap.o (vprintf)
c:/freescale/kds_3.0.0/toolchain/bin/../lib/gcc/arm-none-eabi/4.8.4/../../../../arm-none-eabi/lib/armv6-m\libg_s.a(lib_a-wbuf.o)
                              c:/freescale/kds_3.0.0/toolchain/bin/../lib/gcc/arm-none-eabi/4.8.4/../../../../arm-none-eabi/lib/armv6-m\libg_s.a(lib_a-vfprintf.o) (__swbuf_r)
[...]
Memory Configuration

Name             Origin             Length             Attributes
m_interrupts     0x00000000         0x00000200         xr
m_flash_config   0x00000400         0x00000010         xr
m_interrupts_ram 0x1ffff000         0x00000200         rw
m_text           0x00000410         0x0001fbf0         xr
m_data           0x1ffff200         0x00003e00         rw
*default*        0x00000000         0xffffffff

Linker script and memory map

LOAD c:/freescale/kds_3.0.0/toolchain/bin/../lib/gcc/arm-none-eabi/4.8.4/armv6-m/crti.o
LOAD c:/freescale/kds_3.0.0/toolchain/bin/../lib/gcc/arm-none-eabi/4.8.4/armv6-m/crtbegin.o
LOAD c:/freescale/kds_3.0.0/toolchain/bin/../lib/gcc/arm-none-eabi/4.8.4/../../../../arm-none-eabi/lib/armv6-m/crt0.o
LOAD ./Static_Code/System/PE_low_level_init.o
LOAD ./Sources/Events.o
LOAD ./Sources/dbgwrap.o
LOAD ./Sources/ledrgb_hal.o
LOAD ./Sources/main.o
LOAD ./Sources/os_tasks.o
LOAD ./SDK/rtos/FreeRTOS/src/croutine.o
LOAD ./SDK/rtos/FreeRTOS/src/event_groups.o
LOAD ./SDK/rtos/FreeRTOS/src/heap_1.o
LOAD ./SDK/rtos/FreeRTOS/src/heap_2.o
LOAD ./SDK/rtos/FreeRTOS/src/heap_3.o
LOAD ./SDK/rtos/FreeRTOS/src/heap_4.o
LOAD ./SDK/rtos/FreeRTOS/src/list.o
LOAD ./SDK/rtos/FreeRTOS/src/queue.o
LOAD ./SDK/rtos/FreeRTOS/src/tasks.o
LOAD ./SDK/rtos/FreeRTOS/src/timers.o
LOAD ./SDK/rtos/FreeRTOS/port/gcc/port.o
LOAD ./SDK/rtos/FreeRTOS/port/gcc/portasm.o
LOAD ./SDK/platform/utilities/src/fsl_debug_console.o
LOAD ./SDK/platform/utilities/src/print_scan.o
LOAD ./SDK/platform/system/src/interrupt/fsl_interrupt_manager.o
LOAD ./SDK/platform/system/src/clock/MKL25Z4/fsl_clock_MKL25Z4.o
LOAD ./SDK/platform/system/src/clock/fsl_clock_manager.o
LOAD ./SDK/platform/system/src/clock/fsl_clock_manager_common.o
LOAD ./SDK/platform/osa/src/fsl_os_abstraction_free_rtos.o
LOAD ./SDK/platform/hal/src/uart/fsl_uart_hal.o
LOAD ./SDK/platform/hal/src/sim/MKL25Z4/fsl_sim_hal_MKL25Z4.o
LOAD ./SDK/platform/hal/src/rtc/fsl_rtc_hal.o
LOAD ./SDK/platform/hal/src/port/fsl_port_hal.o
LOAD ./SDK/platform/hal/src/osc/fsl_osc_hal.o
LOAD ./SDK/platform/hal/src/mcg/fsl_mcg_hal.o
LOAD ./SDK/platform/hal/src/mcg/fsl_mcg_hal_modes.o
LOAD ./SDK/platform/hal/src/lpsci/fsl_lpsci_hal.o
LOAD ./SDK/platform/hal/src/gpio/fsl_gpio_hal.o
LOAD ./SDK/platform/drivers/src/rtc/fsl_rtc_common.o
LOAD ./SDK/platform/drivers/src/gpio/fsl_gpio_common.o
LOAD ./SDK/platform/drivers/src/gpio/fsl_gpio_driver.o
LOAD ./SDK/platform/devices/MKL25Z4/startup/gcc/startup_MKL25Z4.o
LOAD ./SDK/platform/devices/MKL25Z4/startup/system_MKL25Z4.o
LOAD ./SDK/platform/devices/startup.o
LOAD ./Generated_Code/Cpu.o
LOAD ./Generated_Code/DbgCs1.o
LOAD ./Generated_Code/Task1.o
LOAD ./Generated_Code/Task2.o
LOAD ./Generated_Code/clockMan1.o
LOAD ./Generated_Code/free_rtos.o
LOAD ./Generated_Code/gpio1.o
LOAD ./Generated_Code/hardware_init.o
LOAD ./Generated_Code/osa1.o
LOAD ./Generated_Code/pin_init.o
LOAD c:/freescale/kds_3.0.0/toolchain/bin/../lib/gcc/arm-none-eabi/4.8.4/../../../../arm-none-eabi/lib/armv6-m\libstdc++_s.a
LOAD c:/freescale/kds_3.0.0/toolchain/bin/../lib/gcc/arm-none-eabi/4.8.4/../../../../arm-none-eabi/lib/armv6-m\libm.a
START GROUP
LOAD c:/freescale/kds_3.0.0/toolchain/bin/../lib/gcc/arm-none-eabi/4.8.4/armv6-m\libgcc.a
LOAD c:/freescale/kds_3.0.0/toolchain/bin/../lib/gcc/arm-none-eabi/4.8.4/../../../../arm-none-eabi/lib/armv6-m\libg_s.a
LOAD c:/freescale/kds_3.0.0/toolchain/bin/../lib/gcc/arm-none-eabi/4.8.4/../../../../arm-none-eabi/lib/armv6-m\libc_s.a
END GROUP
START GROUP
LOAD c:/freescale/kds_3.0.0/toolchain/bin/../lib/gcc/arm-none-eabi/4.8.4/armv6-m\libgcc.a
LOAD c:/freescale/kds_3.0.0/toolchain/bin/../lib/gcc/arm-none-eabi/4.8.4/../../../../arm-none-eabi/lib/armv6-m\libc_s.a
LOAD c:/freescale/kds_3.0.0/toolchain/bin/../lib/gcc/arm-none-eabi/4.8.4/../../../../arm-none-eabi/lib/armv6-m\libnosys.a
END GROUP
START GROUP
LOAD c:/freescale/kds_3.0.0/toolchain/bin/../lib/gcc/arm-none-eabi/4.8.4/armv6-m\libgcc.a
LOAD c:/freescale/kds_3.0.0/toolchain/bin/../lib/gcc/arm-none-eabi/4.8.4/../../../../arm-none-eabi/lib/armv6-m\libc_s.a
LOAD c:/freescale/kds_3.0.0/toolchain/bin/../lib/gcc/arm-none-eabi/4.8.4/../../../../arm-none-eabi/lib/armv6-m\libnosys.a
END GROUP
LOAD c:/freescale/kds_3.0.0/toolchain/bin/../lib/gcc/arm-none-eabi/4.8.4/armv6-m/crtend.o
LOAD c:/freescale/kds_3.0.0/toolchain/bin/../lib/gcc/arm-none-eabi/4.8.4/armv6-m/crtn.o
                0x00000000                HEAP_SIZE = DEFINED (__heap_size__)?__heap_size__:0x0
                0x00000400                STACK_SIZE = DEFINED (__stack_size__)?__stack_size__:0x400

.interrupts     0x00000000       0xc0
                0x00000000                __VECTOR_TABLE = .
                0x00000000                . = ALIGN (0x4)
 *(.isr_vector)
 .isr_vector    0x00000000       0xc0 ./SDK/platform/devices/MKL25Z4/startup/gcc/startup_MKL25Z4.o
                0x00000000                __isr_vector
                0x000000c0                . = ALIGN (0x4)
                0x1ffff000                __VECTOR_RAM = ORIGIN (m_interrupts_ram)

.flash_config   0x00000400       0x10
                0x00000400                . = ALIGN (0x4)
 *(.FlashConfig)
 .FlashConfig   0x00000400       0x10 ./SDK/platform/devices/MKL25Z4/startup/gcc/startup_MKL25Z4.o
                0x00000410                . = ALIGN (0x4)

.text           0x00000410     0x53a4
                0x00000410                . = ALIGN (0x4)
 *(.text)
 .text          0x00000410       0x60 c:/freescale/kds_3.0.0/toolchain/bin/../lib/gcc/arm-none-eabi/4.8.4/armv6-m/crtbegin.o
 .text          0x00000470       0x78 c:/freescale/kds_3.0.0/toolchain/bin/../lib/gcc/arm-none-eabi/4.8.4/../../../../arm-none-eabi/lib/armv6-m/crt0.o
                0x00000470                _start
                0x00000470                _mainCRTStartup
 .text          0x000004e8       0x18 ./SDK/platform/devices/MKL25Z4/startup/gcc/startup_MKL25Z4.o
                0x000004e8                Reset_Handler
                0x000004f8                HardFault_Handler
                0x000004f8                NMI_Handler
                0x000004f8                I2C1_IRQHandler
                0x000004f8                UART1_IRQHandler
                0x000004f8                DMA2_IRQHandler
                0x000004f8                TPM0_IRQHandler
                0x000004f8                LLWU_IRQHandler
                0x000004f8                TSI0_IRQHandler
                0x000004f8                UART0_IRQHandler
                0x000004f8                ADC0_IRQHandler
                0x000004f8                Reserved39_IRQHandler
                0x000004f8                SPI1_IRQHandler
                0x000004f8                DefaultISR
                0x000004f8                PORTD_IRQHandler
                0x000004f8                TPM2_IRQHandler
                0x000004f8                RTC_IRQHandler
                0x000004f8                I2C0_IRQHandler
                0x000004f8                RTC_Seconds_IRQHandler
                0x000004f8                MCG_IRQHandler
                0x000004f8                UART2_IRQHandler
                0x000004f8                Reserved20_IRQHandler
                0x000004f8                USB0_IRQHandler
                0x000004f8                PIT_IRQHandler
                0x000004f8                DMA3_IRQHandler
                0x000004f8                DMA0_IRQHandler
                0x000004f8                DAC0_IRQHandler
                0x000004f8                Reserved45_IRQHandler
                0x000004f8                TPM1_IRQHandler
                0x000004f8                LVD_LVW_IRQHandler
                0x000004f8                SPI0_IRQHandler
                0x000004f8                PORTA_IRQHandler
                0x000004f8                FTFA_IRQHandler
                0x000004f8                LPTMR0_IRQHandler
                0x000004f8                CMP0_IRQHandler
                0x000004f8                DMA1_IRQHandler
 .text          0x00000500       0x9c c:/freescale/kds_3.0.0/toolchain/bin/../lib/gcc/arm-none-eabi/4.8.4/armv6-m\libgcc.a(_udivsi3.o)
                0x00000500                __aeabi_uidiv
                0x00000500                __udivsi3
                0x00000588                __aeabi_uidivmod
 .text          0x0000059c        0x4 c:/freescale/kds_3.0.0/toolchain/bin/../lib/gcc/arm-none-eabi/4.8.4/armv6-m\libgcc.a(_dvmd_tls.o)
                0x0000059c                __aeabi_idiv0
                0x0000059c                __aeabi_ldiv0
 *(.text*)
 .text.PEX_components_init
                0x000005a0        0xc ./Static_Code/System/PE_low_level_init.o
                0x000005a0                PEX_components_init
 .text.PE_low_level_init
                0x000005ac       0x14 ./Static_Code/System/PE_low_level_init.o
                0x000005ac                PE_low_level_init
 .text.PORT_HAL_SetMuxMode
                0x000005c0       0x4c ./Sources/ledrgb_hal.o
 .text.GPIO_HAL_SetPinOutput
                0x0000060c       0x3c ./Sources/ledrgb_hal.o
 .text.GPIO_HAL_ClearPinOutput
                0x00000648       0x3c ./Sources/ledrgb_hal.o
 .text.ledrgb_init
                0x00000684       0x78 ./Sources/ledrgb_hal.o
                0x00000684                ledrgb_init
 .text.ledrgb_clearRedLed
                0x000006fc       0x18 ./Sources/ledrgb_hal.o
                0x000006fc                ledrgb_clearRedLed
 .text.ledrgb_setRedLed
                0x00000714       0x18 ./Sources/ledrgb_hal.o
                0x00000714                ledrgb_setRedLed
 .text.ledrgb_clearGreenLed
                0x0000072c       0x18 ./Sources/ledrgb_hal.o
                0x0000072c                ledrgb_clearGreenLed
 .text.ledrgb_setGreenLed
                0x00000744       0x18 ./Sources/ledrgb_hal.o
                0x00000744                ledrgb_setGreenLed
 .text.ledrgb_clearBlueLed
                0x0000075c       0x18 ./Sources/ledrgb_hal.o
                0x0000075c                ledrgb_clearBlueLed
 .text.main     0x00000774       0x2c ./Sources/main.o
                0x00000774                main
 .text.Task1_task
                0x000007a0       0x6c ./Sources/os_tasks.o
                0x000007a0                Task1_task
 .text.Task2_task
                0x0000080c       0x78 ./Sources/os_tasks.o
                0x0000080c                Task2_task
 .text.pvPortMalloc
                0x00000884       0x28 ./SDK/rtos/FreeRTOS/src/heap_3.o
                0x00000884                pvPortMalloc
 .text.vPortFree
                0x000008ac       0x24 ./SDK/rtos/FreeRTOS/src/heap_3.o
                0x000008ac                vPortFree
 .text.vListInitialise
                0x000008d0       0x3c ./SDK/rtos/FreeRTOS/src/list.o
                0x000008d0                vListInitialise
 .text.vListInitialiseItem
                0x0000090c       0x14 ./SDK/rtos/FreeRTOS/src/list.o
                0x0000090c                vListInitialiseItem
 .text.vListInsertEnd
                0x00000920       0x44 ./SDK/rtos/FreeRTOS/src/list.o
                0x00000920                vListInsertEnd
 .text.vListInsert
                0x00000964       0x6c ./SDK/rtos/FreeRTOS/src/list.o
                0x00000964                vListInsert
 .text.uxListRemove
                0x000009d0       0x50 ./SDK/rtos/FreeRTOS/src/list.o
                0x000009d0                uxListRemove
 .text.xQueueGenericReset
                0x00000a20       0xac ./SDK/rtos/FreeRTOS/src/queue.o
                0x00000a20                xQueueGenericReset
 .text.xQueueGenericCreate
                0x00000acc       0x80 ./SDK/rtos/FreeRTOS/src/queue.o
                0x00000acc                xQueueGenericCreate
 .text.xQueueGenericSend
                0x00000b4c      0x180 ./SDK/rtos/FreeRTOS/src/queue.o
                0x00000b4c                xQueueGenericSend
 .text.xQueueGenericSendFromISR
                0x00000ccc       0xcc ./SDK/rtos/FreeRTOS/src/queue.o
                0x00000ccc                xQueueGenericSendFromISR
 .text.xQueueGenericReceive
                0x00000d98      0x1bc ./SDK/rtos/FreeRTOS/src/queue.o
                0x00000d98                xQueueGenericReceive
 .text.prvCopyDataToQueue
                0x00000f54       0xd4 ./SDK/rtos/FreeRTOS/src/queue.o
 .text.prvCopyDataFromQueue
                0x00001028       0x50 ./SDK/rtos/FreeRTOS/src/queue.o
 .text.prvUnlockQueue
                0x00001078       0x98 ./SDK/rtos/FreeRTOS/src/queue.o
 .text.prvIsQueueEmpty
                0x00001110       0x2c ./SDK/rtos/FreeRTOS/src/queue.o
 .text.prvIsQueueFull
                0x0000113c       0x30 ./SDK/rtos/FreeRTOS/src/queue.o
 .text.vQueueWaitForMessageRestricted
                0x0000116c       0x58 ./SDK/rtos/FreeRTOS/src/queue.o
                0x0000116c                vQueueWaitForMessageRestricted
 .text.xTaskGenericCreate
                0x000011c4      0x16c ./SDK/rtos/FreeRTOS/src/tasks.o
                0x000011c4                xTaskGenericCreate
 .text.vTaskDelay
                0x00001330       0x64 ./SDK/rtos/FreeRTOS/src/tasks.o
                0x00001330                vTaskDelay
 .text.vTaskStartScheduler
                0x00001394       0x74 ./SDK/rtos/FreeRTOS/src/tasks.o
                0x00001394                vTaskStartScheduler
 .text.vTaskSuspendAll
                0x00001408       0x18 ./SDK/rtos/FreeRTOS/src/tasks.o
                0x00001408                vTaskSuspendAll
 .text.xTaskResumeAll
                0x00001420      0x108 ./SDK/rtos/FreeRTOS/src/tasks.o
                0x00001420                xTaskResumeAll
 .text.xTaskGetTickCount
                0x00001528       0x24 ./SDK/rtos/FreeRTOS/src/tasks.o
                0x00001528                xTaskGetTickCount
 .text.xTaskIncrementTick
                0x0000154c      0x16c ./SDK/rtos/FreeRTOS/src/tasks.o
                0x0000154c                xTaskIncrementTick
 .text.vTaskSwitchContext
                0x000016b8       0xa0 ./SDK/rtos/FreeRTOS/src/tasks.o
                0x000016b8                vTaskSwitchContext
 .text.vTaskPlaceOnEventList
                0x00001758       0x6c ./SDK/rtos/FreeRTOS/src/tasks.o
                0x00001758                vTaskPlaceOnEventList
 .text.vTaskPlaceOnEventListRestricted
                0x000017c4       0x50 ./SDK/rtos/FreeRTOS/src/tasks.o
                0x000017c4                vTaskPlaceOnEventListRestricted
 .text.xTaskRemoveFromEventList
                0x00001814       0xb8 ./SDK/rtos/FreeRTOS/src/tasks.o
                0x00001814                xTaskRemoveFromEventList
 .text.vTaskSetTimeOutState
                0x000018cc       0x30 ./SDK/rtos/FreeRTOS/src/tasks.o
                0x000018cc                vTaskSetTimeOutState
 .text.xTaskCheckForTimeOut
                0x000018fc       0x9c ./SDK/rtos/FreeRTOS/src/tasks.o
                0x000018fc                xTaskCheckForTimeOut
 .text.vTaskMissedYield
                0x00001998       0x14 ./SDK/rtos/FreeRTOS/src/tasks.o
                0x00001998                vTaskMissedYield
 .text.prvIdleTask
                0x000019ac       0x20 ./SDK/rtos/FreeRTOS/src/tasks.o
 .text.prvInitialiseTCBVariables
                0x000019cc       0x90 ./SDK/rtos/FreeRTOS/src/tasks.o
 .text.prvInitialiseTaskLists
                0x00001a5c       0x88 ./SDK/rtos/FreeRTOS/src/tasks.o
 .text.prvCheckTasksWaitingTermination
                0x00001ae4       0x74 ./SDK/rtos/FreeRTOS/src/tasks.o
 .text.prvAddCurrentTaskToDelayedList
                0x00001b58       0x6c ./SDK/rtos/FreeRTOS/src/tasks.o
 .text.prvAllocateTCBAndStack
                0x00001bc4       0x70 ./SDK/rtos/FreeRTOS/src/tasks.o
 .text.prvDeleteTCB
                0x00001c34       0x20 ./SDK/rtos/FreeRTOS/src/tasks.o
 .text.prvResetNextTaskUnblockTime
                0x00001c54       0x44 ./SDK/rtos/FreeRTOS/src/tasks.o
 .text.xTaskGetCurrentTaskHandle
                0x00001c98       0x1c ./SDK/rtos/FreeRTOS/src/tasks.o
                0x00001c98                xTaskGetCurrentTaskHandle
 .text.xTaskGetSchedulerState
                0x00001cb4       0x38 ./SDK/rtos/FreeRTOS/src/tasks.o
                0x00001cb4                xTaskGetSchedulerState
 .text.vTaskPriorityInherit
                0x00001cec       0xbc ./SDK/rtos/FreeRTOS/src/tasks.o
                0x00001cec                vTaskPriorityInherit
 .text.vTaskPriorityDisinherit
                0x00001da8       0x84 ./SDK/rtos/FreeRTOS/src/tasks.o
                0x00001da8                vTaskPriorityDisinherit
 .text.xTimerCreateTimerTask
                0x00001e2c       0x60 ./SDK/rtos/FreeRTOS/src/timers.o
                0x00001e2c                xTimerCreateTimerTask
 .text.xTimerGenericCommand
                0x00001e8c       0xa0 ./SDK/rtos/FreeRTOS/src/timers.o
                0x00001e8c                xTimerGenericCommand
 .text.prvProcessExpiredTimer
                0x00001f2c       0x74 ./SDK/rtos/FreeRTOS/src/timers.o
 .text.prvTimerTask
                0x00001fa0       0x28 ./SDK/rtos/FreeRTOS/src/timers.o
 .text.prvProcessTimerOrBlockTask
                0x00001fc8       0x74 ./SDK/rtos/FreeRTOS/src/timers.o
 .text.prvGetNextExpireTime
                0x0000203c       0x40 ./SDK/rtos/FreeRTOS/src/timers.o
 .text.prvSampleTimeNow
                0x0000207c       0x40 ./SDK/rtos/FreeRTOS/src/timers.o
 .text.prvInsertTimerInActiveList
                0x000020bc       0x84 ./SDK/rtos/FreeRTOS/src/timers.o
 .text.prvProcessReceivedCommands
                0x00002140      0x140 ./SDK/rtos/FreeRTOS/src/timers.o
 .text.prvSwitchTimerLists
                0x00002280       0xb8 ./SDK/rtos/FreeRTOS/src/timers.o
 .text.prvCheckForValidListAndQueue
                0x00002338       0x64 ./SDK/rtos/FreeRTOS/src/timers.o
 .text.pxPortInitialiseStack
                0x0000239c       0x50 ./SDK/rtos/FreeRTOS/port/gcc/port.o
                0x0000239c                pxPortInitialiseStack
 .text.vPortInitTickTimer
                0x000023ec       0x3c ./SDK/rtos/FreeRTOS/port/gcc/port.o
                0x000023ec                vPortInitTickTimer
 .text.vPortStartTickTimer
                0x00002428       0x14 ./SDK/rtos/FreeRTOS/port/gcc/port.o
                0x00002428                vPortStartTickTimer
 .text.xPortStartScheduler
                0x0000243c       0x34 ./SDK/rtos/FreeRTOS/port/gcc/port.o
                0x0000243c                xPortStartScheduler
 .text.vPortEnterCritical
                0x00002470       0x20 ./SDK/rtos/FreeRTOS/port/gcc/port.o
                0x00002470                vPortEnterCritical
 .text.vPortExitCritical
                0x00002490       0x20 ./SDK/rtos/FreeRTOS/port/gcc/port.o
                0x00002490                vPortExitCritical
 .text.vPortYieldFromISR
                0x000024b0       0x1c ./SDK/rtos/FreeRTOS/port/gcc/port.o
                0x000024b0                vPortYieldFromISR
 .text.SysTick_Handler
                0x000024cc       0x1c ./SDK/rtos/FreeRTOS/port/gcc/port.o
                0x000024cc                SysTick_Handler
 .text.vPortStartFirstTask
                0x000024e8       0x1c ./SDK/rtos/FreeRTOS/port/gcc/port.o
                0x000024e8                vPortStartFirstTask
 .text.SVC_Handler
                0x00002504       0x28 ./SDK/rtos/FreeRTOS/port/gcc/port.o
                0x00002504                SVC_Handler
 .text.PendSV_Handler
                0x0000252c       0x44 ./SDK/rtos/FreeRTOS/port/gcc/port.o
                0x0000252c                PendSV_Handler
 .text.UART_HAL_EnableTransmitter
                0x00002570       0x1c ./SDK/platform/utilities/src/fsl_debug_console.o
 .text.UART_HAL_EnableReceiver
                0x0000258c       0x1c ./SDK/platform/utilities/src/fsl_debug_console.o
 .text.UART_HAL_SetBitCountPerChar
                0x000025a8       0x28 ./SDK/platform/utilities/src/fsl_debug_console.o
 .text.UART_HAL_SetStopBitCount
                0x000025d0       0x28 ./SDK/platform/utilities/src/fsl_debug_console.o
 .text.LPSCI_HAL_EnableTransmitter
                0x000025f8       0x1c ./SDK/platform/utilities/src/fsl_debug_console.o
 .text.LPSCI_HAL_EnableReceiver
                0x00002614       0x1c ./SDK/platform/utilities/src/fsl_debug_console.o
 .text.LPSCI_HAL_SetBitCountPerChar
                0x00002630       0x28 ./SDK/platform/utilities/src/fsl_debug_console.o
 .text.LPSCI_HAL_SetStopBitCount
                0x00002658       0x28 ./SDK/platform/utilities/src/fsl_debug_console.o
 .text.DbgConsole_Init
                0x00002680      0x160 ./SDK/platform/utilities/src/fsl_debug_console.o
                0x00002680                DbgConsole_Init
 .text._write   0x000027e0       0x5c ./SDK/platform/utilities/src/fsl_debug_console.o
                0x000027e0                _write
 .text._read    0x0000283c       0x48 ./SDK/platform/utilities/src/fsl_debug_console.o
                0x0000283c                _read
 .text.SIM_HAL_EnableClock
                0x00002884       0x58 ./SDK/platform/system/src/clock/MKL25Z4/fsl_clock_MKL25Z4.o
 .text.CLOCK_HAL_GetLpsciSrc
                0x000028dc       0x28 ./SDK/platform/system/src/clock/MKL25Z4/fsl_clock_MKL25Z4.o
 .text.CLOCK_HAL_GetPllfllSel
                0x00002904       0x24 ./SDK/platform/system/src/clock/MKL25Z4/fsl_clock_MKL25Z4.o
 .text.CLOCK_HAL_GetOutDiv1
                0x00002928       0x28 ./SDK/platform/system/src/clock/MKL25Z4/fsl_clock_MKL25Z4.o
 .text.CLOCK_HAL_GetOutDiv4
                0x00002950       0x28 ./SDK/platform/system/src/clock/MKL25Z4/fsl_clock_MKL25Z4.o
 .text.OSC_HAL_GetExternalRefClkCmd
                0x00002978       0x24 ./SDK/platform/system/src/clock/MKL25Z4/fsl_clock_MKL25Z4.o
 .text.CLOCK_SYS_GetSystemClockFreq
                0x0000299c       0x34 ./SDK/platform/system/src/clock/MKL25Z4/fsl_clock_MKL25Z4.o
                0x0000299c                CLOCK_SYS_GetSystemClockFreq
 .text.CLOCK_SYS_GetBusClockFreq
                0x000029d0       0x2c ./SDK/platform/system/src/clock/MKL25Z4/fsl_clock_MKL25Z4.o
                0x000029d0                CLOCK_SYS_GetBusClockFreq
 .text.CLOCK_SYS_GetPllFllClockFreq
                0x000029fc       0x5c ./SDK/platform/system/src/clock/MKL25Z4/fsl_clock_MKL25Z4.o
                0x000029fc                CLOCK_SYS_GetPllFllClockFreq
 .text.CLOCK_SYS_GetOsc0ExternalRefClockFreq
                0x00002a58       0x2c ./SDK/platform/system/src/clock/MKL25Z4/fsl_clock_MKL25Z4.o
                0x00002a58                CLOCK_SYS_GetOsc0ExternalRefClockFreq
 .text.CLOCK_SYS_GetLpsciFreq
                0x00002a84       0x68 ./SDK/platform/system/src/clock/MKL25Z4/fsl_clock_MKL25Z4.o
                0x00002a84                CLOCK_SYS_GetLpsciFreq
 .text.CLOCK_SYS_GetUartFreq
                0x00002aec       0x2c ./SDK/platform/system/src/clock/MKL25Z4/fsl_clock_MKL25Z4.o
                0x00002aec                CLOCK_SYS_GetUartFreq
 .text.CLOCK_SYS_EnablePortClock
                0x00002b18       0x4c ./SDK/platform/system/src/clock/MKL25Z4/fsl_clock_MKL25Z4.o
                0x00002b18                CLOCK_SYS_EnablePortClock
 .text.CLOCK_SYS_EnableLpsciClock
                0x00002b64       0x40 ./SDK/platform/system/src/clock/MKL25Z4/fsl_clock_MKL25Z4.o
                0x00002b64                CLOCK_SYS_EnableLpsciClock
 .text.CLOCK_SYS_EnableUartClock
                0x00002ba4       0x4c ./SDK/platform/system/src/clock/MKL25Z4/fsl_clock_MKL25Z4.o
                0x00002ba4                CLOCK_SYS_EnableUartClock
 .text.OSA_TaskCreate
                0x00002bf0       0x50 ./SDK/platform/osa/src/fsl_os_abstraction_free_rtos.o
                0x00002bf0                OSA_TaskCreate
 .text.OSA_Init
                0x00002c40        0xc ./SDK/platform/osa/src/fsl_os_abstraction_free_rtos.o
                0x00002c40                OSA_Init
 .text.OSA_Start
                0x00002c4c       0x10 ./SDK/platform/osa/src/fsl_os_abstraction_free_rtos.o
                0x00002c4c                OSA_Start
 .text.UART_HAL_SetBaudRate
                0x00002c5c       0x6c ./SDK/platform/hal/src/uart/fsl_uart_hal.o
                0x00002c5c                UART_HAL_SetBaudRate
 .text.UART_HAL_SetParityMode
                0x00002cc8       0x40 ./SDK/platform/hal/src/uart/fsl_uart_hal.o
                0x00002cc8                UART_HAL_SetParityMode
 .text.UART_HAL_Putchar
                0x00002d08       0x34 ./SDK/platform/hal/src/uart/fsl_uart_hal.o
                0x00002d08                UART_HAL_Putchar
 .text.UART_HAL_Getchar
                0x00002d3c       0x34 ./SDK/platform/hal/src/uart/fsl_uart_hal.o
                0x00002d3c                UART_HAL_Getchar
 .text.UART_HAL_SendDataPolling
                0x00002d70       0x44 ./SDK/platform/hal/src/uart/fsl_uart_hal.o
                0x00002d70                UART_HAL_SendDataPolling
 .text.UART_HAL_ReceiveDataPolling
                0x00002db4       0xa4 ./SDK/platform/hal/src/uart/fsl_uart_hal.o
                0x00002db4                UART_HAL_ReceiveDataPolling
 .text.CLOCK_HAL_GetClkOutStat
                0x00002e58       0x20 ./SDK/platform/hal/src/mcg/fsl_mcg_hal.o
 .text.CLOCK_HAL_IsPllSelected
                0x00002e78       0x24 ./SDK/platform/hal/src/mcg/fsl_mcg_hal.o
 .text.CLOCK_HAL_GetMcgExternalClkFreq
                0x00002e9c       0x18 ./SDK/platform/hal/src/mcg/fsl_mcg_hal.o
 .text.CLOCK_HAL_TestFllExternalRefFreq
                0x00002eb4       0x7c ./SDK/platform/hal/src/mcg/fsl_mcg_hal.o
                0x00002eb4                CLOCK_HAL_TestFllExternalRefFreq
 .text.CLOCK_HAL_GetFllRefClk
                0x00002f30       0x8c ./SDK/platform/hal/src/mcg/fsl_mcg_hal.o
                0x00002f30                CLOCK_HAL_GetFllRefClk
 .text.CLOCK_HAL_TestFllFreq
                0x00002fbc       0x6c ./SDK/platform/hal/src/mcg/fsl_mcg_hal.o
                0x00002fbc                CLOCK_HAL_TestFllFreq
 .text.CLOCK_HAL_GetFllClk
                0x00003028       0x7c ./SDK/platform/hal/src/mcg/fsl_mcg_hal.o
                0x00003028                CLOCK_HAL_GetFllClk
 .text.CLOCK_HAL_GetPll0RefFreq
                0x000030a4       0x1c ./SDK/platform/hal/src/mcg/fsl_mcg_hal.o
                0x000030a4                CLOCK_HAL_GetPll0RefFreq
 .text.CLOCK_HAL_GetPll0Clk
                0x000030c0       0x90 ./SDK/platform/hal/src/mcg/fsl_mcg_hal.o
                0x000030c0                CLOCK_HAL_GetPll0Clk
 .text.CLOCK_HAL_GetInternalRefClk
                0x00003150       0x64 ./SDK/platform/hal/src/mcg/fsl_mcg_hal.o
                0x00003150                CLOCK_HAL_GetInternalRefClk
 .text.CLOCK_HAL_GetOutClk
                0x000031b4       0x7c ./SDK/platform/hal/src/mcg/fsl_mcg_hal.o
                0x000031b4                CLOCK_HAL_GetOutClk
 .text.LPSCI_HAL_Putchar
                0x00003230       0x1c ./SDK/platform/hal/src/lpsci/fsl_lpsci_hal.o
 .text.LPSCI_HAL_Getchar
                0x0000324c       0x1c ./SDK/platform/hal/src/lpsci/fsl_lpsci_hal.o
 .text.LPSCI_HAL_SetBaudRate
                0x00003268      0x14c ./SDK/platform/hal/src/lpsci/fsl_lpsci_hal.o
                0x00003268                LPSCI_HAL_SetBaudRate
 .text.LPSCI_HAL_SetParityMode
                0x000033b4       0x40 ./SDK/platform/hal/src/lpsci/fsl_lpsci_hal.o
                0x000033b4                LPSCI_HAL_SetParityMode
 .text.LPSCI_HAL_SendDataPolling
                0x000033f4       0x44 ./SDK/platform/hal/src/lpsci/fsl_lpsci_hal.o
                0x000033f4                LPSCI_HAL_SendDataPolling
 .text.LPSCI_HAL_ReceiveDataPolling
                0x00003438       0x88 ./SDK/platform/hal/src/lpsci/fsl_lpsci_hal.o
                0x00003438                LPSCI_HAL_ReceiveDataPolling
 .text.GPIO_HAL_SetPinDir
                0x000034c0       0x6c ./SDK/platform/hal/src/gpio/fsl_gpio_hal.o
                0x000034c0                GPIO_HAL_SetPinDir
 .text.GPIO_HAL_WritePinOutput
                0x0000352c       0x50 ./SDK/platform/hal/src/gpio/fsl_gpio_hal.o
                0x0000352c                GPIO_HAL_WritePinOutput
 .text.NVIC_EnableIRQ
                0x0000357c       0x2c ./SDK/platform/drivers/src/gpio/fsl_gpio_driver.o
 .text.PORT_HAL_SetPullCmd
                0x000035a8       0x4c ./SDK/platform/drivers/src/gpio/fsl_gpio_driver.o
 .text.PORT_HAL_SetSlewRateMode
                0x000035f4       0x4c ./SDK/platform/drivers/src/gpio/fsl_gpio_driver.o
 .text.PORT_HAL_SetPassiveFilterCmd
                0x00003640       0x4c ./SDK/platform/drivers/src/gpio/fsl_gpio_driver.o
 .text.PORT_HAL_SetDriveStrengthMode
                0x0000368c       0x4c ./SDK/platform/drivers/src/gpio/fsl_gpio_driver.o
 .text.PORT_HAL_SetMuxMode
                0x000036d8       0x4c ./SDK/platform/drivers/src/gpio/fsl_gpio_driver.o
 .text.PORT_HAL_SetPinIntMode
                0x00003724       0x4c ./SDK/platform/drivers/src/gpio/fsl_gpio_driver.o
 .text.INT_SYS_EnableIRQ
                0x00003770       0x5c ./SDK/platform/drivers/src/gpio/fsl_gpio_driver.o
 .text.GPIO_DRV_Init
                0x000037cc       0x4c ./SDK/platform/drivers/src/gpio/fsl_gpio_driver.o
                0x000037cc                GPIO_DRV_Init
 .text.GPIO_DRV_InputPinInit
                0x00003818       0xc4 ./SDK/platform/drivers/src/gpio/fsl_gpio_driver.o
                0x00003818                GPIO_DRV_InputPinInit
 .text.GPIO_DRV_OutputPinInit
                0x000038dc       0x9c ./SDK/platform/drivers/src/gpio/fsl_gpio_driver.o
                0x000038dc                GPIO_DRV_OutputPinInit
 .text.SystemInit
                0x00003978      0x178 ./SDK/platform/devices/MKL25Z4/startup/system_MKL25Z4.o
                0x00003978                SystemInit
 .text.init_data_bss
                0x00003af0       0xc8 ./SDK/platform/devices/startup.o
                0x00003af0                init_data_bss
 .text.CLOCK_HAL_SetLpsciSrc
                0x00003bb8       0x30 ./Generated_Code/Cpu.o
 .text.CLOCK_SYS_SetLpsciSrc
                0x00003be8       0x2c ./Generated_Code/Cpu.o
 .text.Components_Init
                0x00003c14       0x3c ./Generated_Code/Cpu.o
                0x00003c14                Components_Init
 .text.Task1_Init
                0x00003c50       0x4c ./Generated_Code/Task1.o
                0x00003c50                Task1_Init
 .text.Task2_Init
                0x00003c9c       0x4c ./Generated_Code/Task2.o
                0x00003c9c                Task2_Init
 .text.SIM_HAL_EnableClock
                0x00003ce8       0x58 ./Generated_Code/hardware_init.o
 .text.hardware_init
                0x00003d40       0x4c ./Generated_Code/hardware_init.o
                0x00003d40                hardware_init
 .text.PORT_HAL_SetMuxMode
                0x00003d8c       0x4c ./Generated_Code/pin_init.o
 .text.SIM_HAL_SetLpsciRxSrcMode
                0x00003dd8       0x2c ./Generated_Code/pin_init.o
 .text.init_gpio_pins
                0x00003e04       0x34 ./Generated_Code/pin_init.o
                0x00003e04                init_gpio_pins
 .text.init_osc_pins
                0x00003e38       0x2c ./Generated_Code/pin_init.o
                0x00003e38                init_osc_pins
 .text.init_rcm_pins
                0x00003e64       0x20 ./Generated_Code/pin_init.o
                0x00003e64                init_rcm_pins
 .text.init_swd_pins
                0x00003e84       0x2c ./Generated_Code/pin_init.o
                0x00003e84                init_swd_pins
 .text.init_uart0_pins
                0x00003eb0       0x3c ./Generated_Code/pin_init.o
                0x00003eb0                init_uart0_pins
 .text.__assert_func
                0x00003eec       0x3c c:/freescale/kds_3.0.0/toolchain/bin/../lib/gcc/arm-none-eabi/4.8.4/../../../../arm-none-eabi/lib/armv6-m\libg_s.a(lib_a-assert.o)
                0x00003eec                __assert_func
 .text.exit     0x00003f28       0x2c c:/freescale/kds_3.0.0/toolchain/bin/../lib/gcc/arm-none-eabi/4.8.4/../../../../arm-none-eabi/lib/armv6-m\libg_s.a(lib_a-exit.o)
                0x00003f28                exit
 .text.fprintf  0x00003f54       0x24 c:/freescale/kds_3.0.0/toolchain/bin/../lib/gcc/arm-none-eabi/4.8.4/../../../../arm-none-eabi/lib/armv6-m\libg_s.a(lib_a-fprintf.o)
                0x00003f54                fiprintf
                0x00003f54                fprintf
 .text.__libc_init_array
                0x00003f78       0x4c c:/freescale/kds_3.0.0/toolchain/bin/../lib/gcc/arm-none-eabi/4.8.4/../../../../arm-none-eabi/lib/armv6-m\libg_s.a(lib_a-init.o)
                0x00003f78                __libc_init_array
 .text.malloc   0x00003fc4       0x14 c:/freescale/kds_3.0.0/toolchain/bin/../lib/gcc/arm-none-eabi/4.8.4/../../../../arm-none-eabi/lib/armv6-m\libg_s.a(lib_a-malloc.o)
                0x00003fc4                malloc
 .text.free     0x00003fd8       0x14 c:/freescale/kds_3.0.0/toolchain/bin/../lib/gcc/arm-none-eabi/4.8.4/../../../../arm-none-eabi/lib/armv6-m\libg_s.a(lib_a-malloc.o)
                0x00003fd8                free
 .text.memcpy   0x00003fec       0x12 c:/freescale/kds_3.0.0/toolchain/bin/../lib/gcc/arm-none-eabi/4.8.4/../../../../arm-none-eabi/lib/armv6-m\libg_s.a(lib_a-memcpy-stub.o)
                0x00003fec                memcpy
 .text.memset   0x00003ffe       0x10 c:/freescale/kds_3.0.0/toolchain/bin/../lib/gcc/arm-none-eabi/4.8.4/../../../../arm-none-eabi/lib/armv6-m\libg_s.a(lib_a-memset.o)
                0x00003ffe                memset
 *fill*         0x0000400e        0x2 
 .text._free_r  0x00004010       0x90 c:/freescale/kds_3.0.0/toolchain/bin/../lib/gcc/arm-none-eabi/4.8.4/../../../../arm-none-eabi/lib/armv6-m\libg_s.a(lib_a-nano-freer.o)
                0x00004010                _free_r
 .text._malloc_r
                0x000040a0       0xa8 c:/freescale/kds_3.0.0/toolchain/bin/../lib/gcc/arm-none-eabi/4.8.4/../../../../arm-none-eabi/lib/armv6-m\libg_s.a(lib_a-nano-mallocr.o)
                0x000040a0                _malloc_r
 .text._sbrk_r  0x00004148       0x24 c:/freescale/kds_3.0.0/toolchain/bin/../lib/gcc/arm-none-eabi/4.8.4/../../../../arm-none-eabi/lib/armv6-m\libg_s.a(lib_a-sbrkr.o)
                0x00004148                _sbrk_r
 .text.strlen   0x0000416c        0xe c:/freescale/kds_3.0.0/toolchain/bin/../lib/gcc/arm-none-eabi/4.8.4/../../../../arm-none-eabi/lib/armv6-m\libg_s.a(lib_a-strlen.o)
                0x0000416c                strlen
 .text.__sfputc_r
                0x0000417a       0x2a c:/freescale/kds_3.0.0/toolchain/bin/../lib/gcc/arm-none-eabi/4.8.4/../../../../arm-none-eabi/lib/armv6-m\libg_s.a(lib_a-vfprintf.o)
 .text.__sfputs_r
                0x000041a4       0x24 c:/freescale/kds_3.0.0/toolchain/bin/../lib/gcc/arm-none-eabi/4.8.4/../../../../arm-none-eabi/lib/armv6-m\libg_s.a(lib_a-vfprintf.o)
                0x000041a4                __sfputs_r
 .text._vfprintf_r
                0x000041c8      0x210 c:/freescale/kds_3.0.0/toolchain/bin/../lib/gcc/arm-none-eabi/4.8.4/../../../../arm-none-eabi/lib/armv6-m\libg_s.a(lib_a-vfprintf.o)
                0x000041c8                _vfprintf_r
                0x000041c8                _vfiprintf_r
 .text._printf_common
                0x000043d8       0xe8 c:/freescale/kds_3.0.0/toolchain/bin/../lib/gcc/arm-none-eabi/4.8.4/../../../../arm-none-eabi/lib/armv6-m\libg_s.a(lib_a-vfprintf_i.o)
                0x000043d8                _printf_common
 .text._printf_i
                0x000044c0      0x22c c:/freescale/kds_3.0.0/toolchain/bin/../lib/gcc/arm-none-eabi/4.8.4/../../../../arm-none-eabi/lib/armv6-m\libg_s.a(lib_a-vfprintf_i.o)
                0x000044c0                _printf_i
 .text.__swbuf_r
                0x000046ec       0xb0 c:/freescale/kds_3.0.0/toolchain/bin/../lib/gcc/arm-none-eabi/4.8.4/../../../../arm-none-eabi/lib/armv6-m\libg_s.a(lib_a-wbuf.o)
                0x000046ec                __swbuf_r
 .text.__swsetup_r
                0x0000479c       0xe4 c:/freescale/kds_3.0.0/toolchain/bin/../lib/gcc/arm-none-eabi/4.8.4/../../../../arm-none-eabi/lib/armv6-m\libg_s.a(lib_a-wsetup.o)
                0x0000479c                __swsetup_r
 .text.abort    0x00004880        0xe c:/freescale/kds_3.0.0/toolchain/bin/../lib/gcc/arm-none-eabi/4.8.4/../../../../arm-none-eabi/lib/armv6-m\libg_s.a(lib_a-abort.o)
                0x00004880                abort
 .text.__sflush_r
                0x0000488e      0x112 c:/freescale/kds_3.0.0/toolchain/bin/../lib/gcc/arm-none-eabi/4.8.4/../../../../arm-none-eabi/lib/armv6-m\libg_s.a(lib_a-fflush.o)
                0x0000488e                __sflush_r
 .text._fflush_r
                0x000049a0       0x58 c:/freescale/kds_3.0.0/toolchain/bin/../lib/gcc/arm-none-eabi/4.8.4/../../../../arm-none-eabi/lib/armv6-m\libg_s.a(lib_a-fflush.o)
                0x000049a0                _fflush_r
 .text._cleanup_r
                0x000049f8       0x34 c:/freescale/kds_3.0.0/toolchain/bin/../lib/gcc/arm-none-eabi/4.8.4/../../../../arm-none-eabi/lib/armv6-m\libg_s.a(lib_a-findfp.o)
                0x000049f8                _cleanup_r
 .text.std.isra.0
                0x00004a2c       0x48 c:/freescale/kds_3.0.0/toolchain/bin/../lib/gcc/arm-none-eabi/4.8.4/../../../../arm-none-eabi/lib/armv6-m\libg_s.a(lib_a-findfp.o)
 .text.__sfmoreglue
                0x00004a74       0x2c c:/freescale/kds_3.0.0/toolchain/bin/../lib/gcc/arm-none-eabi/4.8.4/../../../../arm-none-eabi/lib/armv6-m\libg_s.a(lib_a-findfp.o)
                0x00004a74                __sfmoreglue
 .text.__sinit  0x00004aa0       0x64 c:/freescale/kds_3.0.0/toolchain/bin/../lib/gcc/arm-none-eabi/4.8.4/../../../../arm-none-eabi/lib/armv6-m\libg_s.a(lib_a-findfp.o)
                0x00004aa0                __sinit
 .text.__sfp    0x00004b04       0x7c c:/freescale/kds_3.0.0/toolchain/bin/../lib/gcc/arm-none-eabi/4.8.4/../../../../arm-none-eabi/lib/armv6-m\libg_s.a(lib_a-findfp.o)
                0x00004b04                __sfp
 .text.__smakebuf_r
                0x00004b80       0xa0 c:/freescale/kds_3.0.0/toolchain/bin/../lib/gcc/arm-none-eabi/4.8.4/../../../../arm-none-eabi/lib/armv6-m\libg_s.a(lib_a-makebuf.o)
                0x00004b80                __smakebuf_r
 .text.memchr   0x00004c20       0x16 c:/freescale/kds_3.0.0/toolchain/bin/../lib/gcc/arm-none-eabi/4.8.4/../../../../arm-none-eabi/lib/armv6-m\libg_s.a(lib_a-memchr-stub.o)
                0x00004c20                memchr
 .text._raise_r
                0x00004c36       0x56 c:/freescale/kds_3.0.0/toolchain/bin/../lib/gcc/arm-none-eabi/4.8.4/../../../../arm-none-eabi/lib/armv6-m\libg_s.a(lib_a-signal.o)
                0x00004c36                _raise_r
 .text.raise    0x00004c8c       0x14 c:/freescale/kds_3.0.0/toolchain/bin/../lib/gcc/arm-none-eabi/4.8.4/../../../../arm-none-eabi/lib/armv6-m\libg_s.a(lib_a-signal.o)
                0x00004c8c                raise
 .text._kill_r  0x00004ca0       0x24 c:/freescale/kds_3.0.0/toolchain/bin/../lib/gcc/arm-none-eabi/4.8.4/../../../../arm-none-eabi/lib/armv6-m\libg_s.a(lib_a-signalr.o)
                0x00004ca0                _kill_r
 .text._getpid_r
                0x00004cc4        0x8 c:/freescale/kds_3.0.0/toolchain/bin/../lib/gcc/arm-none-eabi/4.8.4/../../../../arm-none-eabi/lib/armv6-m\libg_s.a(lib_a-signalr.o)
                0x00004cc4                _getpid_r
 .text.__sread  0x00004ccc       0x28 c:/freescale/kds_3.0.0/toolchain/bin/../lib/gcc/arm-none-eabi/4.8.4/../../../../arm-none-eabi/lib/armv6-m\libg_s.a(lib_a-stdio.o)
                0x00004ccc                __sread
 .text.__swrite
                0x00004cf4       0x38 c:/freescale/kds_3.0.0/toolchain/bin/../lib/gcc/arm-none-eabi/4.8.4/../../../../arm-none-eabi/lib/armv6-m\libg_s.a(lib_a-stdio.o)
                0x00004cf4                __swrite
 .text.__sseek  0x00004d2c       0x2c c:/freescale/kds_3.0.0/toolchain/bin/../lib/gcc/arm-none-eabi/4.8.4/../../../../arm-none-eabi/lib/armv6-m\libg_s.a(lib_a-stdio.o)
                0x00004d2c                __sseek
 .text.__sclose
                0x00004d58        0xc c:/freescale/kds_3.0.0/toolchain/bin/../lib/gcc/arm-none-eabi/4.8.4/../../../../arm-none-eabi/lib/armv6-m\libg_s.a(lib_a-stdio.o)
                0x00004d58                __sclose
 .text._write_r
                0x00004d64       0x28 c:/freescale/kds_3.0.0/toolchain/bin/../lib/gcc/arm-none-eabi/4.8.4/../../../../arm-none-eabi/lib/armv6-m\libg_s.a(lib_a-writer.o)
                0x00004d64                _write_r
 .text._close_r
                0x00004d8c       0x24 c:/freescale/kds_3.0.0/toolchain/bin/../lib/gcc/arm-none-eabi/4.8.4/../../../../arm-none-eabi/lib/armv6-m\libg_s.a(lib_a-closer.o)
                0x00004d8c                _close_r
 .text._fstat_r
                0x00004db0       0x24 c:/freescale/kds_3.0.0/toolchain/bin/../lib/gcc/arm-none-eabi/4.8.4/../../../../arm-none-eabi/lib/armv6-m\libg_s.a(lib_a-fstatr.o)
                0x00004db0                _fstat_r
 .text._isatty_r
                0x00004dd4       0x24 c:/freescale/kds_3.0.0/toolchain/bin/../lib/gcc/arm-none-eabi/4.8.4/../../../../arm-none-eabi/lib/armv6-m\libg_s.a(lib_a-isattyr.o)
                0x00004dd4                _isatty_r
 .text._lseek_r
                0x00004df8       0x28 c:/freescale/kds_3.0.0/toolchain/bin/../lib/gcc/arm-none-eabi/4.8.4/../../../../arm-none-eabi/lib/armv6-m\libg_s.a(lib_a-lseekr.o)
                0x00004df8                _lseek_r
 .text._read_r  0x00004e20       0x28 c:/freescale/kds_3.0.0/toolchain/bin/../lib/gcc/arm-none-eabi/4.8.4/../../../../arm-none-eabi/lib/armv6-m\libg_s.a(lib_a-readr.o)
                0x00004e20                _read_r
 .text._close   0x00004e48       0x10 c:/freescale/kds_3.0.0/toolchain/bin/../lib/gcc/arm-none-eabi/4.8.4/../../../../arm-none-eabi/lib/armv6-m\libnosys.a(close.o)
                0x00004e48                _close
 .text._fstat   0x00004e58       0x10 c:/freescale/kds_3.0.0/toolchain/bin/../lib/gcc/arm-none-eabi/4.8.4/../../../../arm-none-eabi/lib/armv6-m\libnosys.a(fstat.o)
                0x00004e58                _fstat
 .text._getpid  0x00004e68       0x10 c:/freescale/kds_3.0.0/toolchain/bin/../lib/gcc/arm-none-eabi/4.8.4/../../../../arm-none-eabi/lib/armv6-m\libnosys.a(getpid.o)
                0x00004e68                _getpid
 .text._isatty  0x00004e78       0x10 c:/freescale/kds_3.0.0/toolchain/bin/../lib/gcc/arm-none-eabi/4.8.4/../../../../arm-none-eabi/lib/armv6-m\libnosys.a(isatty.o)
                0x00004e78                _isatty
 .text._kill    0x00004e88       0x10 c:/freescale/kds_3.0.0/toolchain/bin/../lib/gcc/arm-none-eabi/4.8.4/../../../../arm-none-eabi/lib/armv6-m\libnosys.a(kill.o)
                0x00004e88                _kill
 .text._lseek   0x00004e98       0x10 c:/freescale/kds_3.0.0/toolchain/bin/../lib/gcc/arm-none-eabi/4.8.4/../../../../arm-none-eabi/lib/armv6-m\libnosys.a(lseek.o)
                0x00004e98                _lseek
 .text._sbrk    0x00004ea8       0x34 c:/freescale/kds_3.0.0/toolchain/bin/../lib/gcc/arm-none-eabi/4.8.4/../../../../arm-none-eabi/lib/armv6-m\libnosys.a(sbrk.o)
                0x00004ea8                _sbrk
 .text._exit    0x00004edc        0x4 c:/freescale/kds_3.0.0/toolchain/bin/../lib/gcc/arm-none-eabi/4.8.4/../../../../arm-none-eabi/lib/armv6-m\libnosys.a(_exit.o)
                0x00004edc                _exit
 *(.rodata)
 .rodata        0x00004ee0      0x100 ./Sources/ledrgb_hal.o
 .rodata        0x00004fe0        0x8 ./SDK/rtos/FreeRTOS/src/tasks.o
 .rodata        0x00004fe8        0x8 ./SDK/rtos/FreeRTOS/src/timers.o
 .rodata        0x00004ff0        0xc ./SDK/platform/utilities/src/fsl_debug_console.o
 .rodata        0x00004ffc      0x21c ./SDK/platform/system/src/clock/MKL25Z4/fsl_clock_MKL25Z4.o
 .rodata        0x00005218       0x38 ./SDK/platform/hal/src/gpio/fsl_gpio_hal.o
 .rodata        0x00005250      0x1bc ./SDK/platform/drivers/src/gpio/fsl_gpio_driver.o
 .rodata        0x0000540c        0x8 ./Generated_Code/Task1.o
 .rodata        0x00005414        0x8 ./Generated_Code/Task2.o
 .rodata        0x0000541c       0x80 ./Generated_Code/pin_init.o
 *(.rodata*)
 .rodata.__func__.6331
                0x0000549c       0x14 ./Sources/ledrgb_hal.o
 .rodata.__func__.6409
                0x000054b0       0x18 ./Sources/ledrgb_hal.o
 .rodata.__func__.6414
                0x000054c8       0x18 ./Sources/ledrgb_hal.o
 .rodata.prvProcessReceivedCommands
                0x000054e0       0x28 ./SDK/rtos/FreeRTOS/src/timers.o
 .rodata.portGateTable
                0x00005508        0x8 ./SDK/platform/system/src/clock/MKL25Z4/fsl_clock_MKL25Z4.o
 .rodata.uartGateTable
                0x00005510        0x4 ./SDK/platform/system/src/clock/MKL25Z4/fsl_clock_MKL25Z4.o
 .rodata.__func__.6937
                0x00005514       0x1c ./SDK/platform/system/src/clock/MKL25Z4/fsl_clock_MKL25Z4.o
 .rodata.__func__.7010
                0x00005530       0x1c ./SDK/platform/system/src/clock/MKL25Z4/fsl_clock_MKL25Z4.o
 .rodata.__func__.7015
                0x0000554c       0x1c ./SDK/platform/system/src/clock/MKL25Z4/fsl_clock_MKL25Z4.o
 .rodata.g_oscBase
                0x00005568        0x4 ./SDK/platform/system/src/clock/fsl_clock_manager_common.o
                0x00005568                g_oscBase
 .rodata.fllFactorTable.5299
                0x0000556c       0x10 ./SDK/platform/hal/src/mcg/fsl_mcg_hal.o
 .rodata.__func__.5170
                0x0000557c       0x14 ./SDK/platform/hal/src/gpio/fsl_gpio_hal.o
 .rodata.__func__.5176
                0x00005590       0x18 ./SDK/platform/hal/src/gpio/fsl_gpio_hal.o
 .rodata.g_gpioBase
                0x000055a8       0x14 ./SDK/platform/drivers/src/gpio/fsl_gpio_common.o
                0x000055a8                g_gpioBase
 .rodata.g_portBase
                0x000055bc       0x14 ./SDK/platform/drivers/src/gpio/fsl_gpio_common.o
                0x000055bc                g_portBase
 .rodata.g_portIrqId
                0x000055d0        0x8 ./SDK/platform/drivers/src/gpio/fsl_gpio_common.o
                0x000055d0                g_portIrqId
 .rodata.__func__.5089
                0x000055d8       0x14 ./SDK/platform/drivers/src/gpio/fsl_gpio_driver.o
 .rodata.__func__.5065
                0x000055ec       0x14 ./SDK/platform/drivers/src/gpio/fsl_gpio_driver.o
 .rodata.__func__.5077
                0x00005600       0x20 ./SDK/platform/drivers/src/gpio/fsl_gpio_driver.o
 .rodata.__func__.5103
                0x00005620       0x18 ./SDK/platform/drivers/src/gpio/fsl_gpio_driver.o
 .rodata.__func__.6568
                0x00005638       0x14 ./SDK/platform/drivers/src/gpio/fsl_gpio_driver.o
 .rodata.__func__.5071
                0x0000564c       0x1c ./SDK/platform/drivers/src/gpio/fsl_gpio_driver.o
 .rodata.__func__.5083
                0x00005668       0x20 ./SDK/platform/drivers/src/gpio/fsl_gpio_driver.o
 .rodata.gpio1_InpConfig0
                0x00005688       0x10 ./Generated_Code/gpio1.o
                0x00005688                gpio1_InpConfig0
 .rodata.gpio1_OutConfig0
                0x00005698       0x18 ./Generated_Code/gpio1.o
                0x00005698                gpio1_OutConfig0
 .rodata.__func__.5089
                0x000056b0       0x14 ./Generated_Code/pin_init.o
 .rodata.str1.1
                0x000056c4       0x3c c:/freescale/kds_3.0.0/toolchain/bin/../lib/gcc/arm-none-eabi/4.8.4/../../../../arm-none-eabi/lib/armv6-m\libg_s.a(lib_a-assert.o)
                                 0x3d (size before relaxing)
 .rodata.str1.1
                0x00005700        0x2 c:/freescale/kds_3.0.0/toolchain/bin/../lib/gcc/arm-none-eabi/4.8.4/../../../../arm-none-eabi/lib/armv6-m\libg_s.a(lib_a-impure.o)
 *fill*         0x00005702        0x2 
 .rodata._global_impure_ptr
                0x00005704        0x4 c:/freescale/kds_3.0.0/toolchain/bin/../lib/gcc/arm-none-eabi/4.8.4/../../../../arm-none-eabi/lib/armv6-m\libg_s.a(lib_a-impure.o)
                0x00005704                _global_impure_ptr
 .rodata.str1.1
                0x00005708       0x11 c:/freescale/kds_3.0.0/toolchain/bin/../lib/gcc/arm-none-eabi/4.8.4/../../../../arm-none-eabi/lib/armv6-m\libg_s.a(lib_a-vfprintf.o)
 .rodata.str1.1
                0x00005719       0x22 c:/freescale/kds_3.0.0/toolchain/bin/../lib/gcc/arm-none-eabi/4.8.4/../../../../arm-none-eabi/lib/armv6-m\libg_s.a(lib_a-vfprintf_i.o)
 *fill*         0x0000573b        0x1 
 .rodata.__sf_fake_stdin
                0x0000573c       0x20 c:/freescale/kds_3.0.0/toolchain/bin/../lib/gcc/arm-none-eabi/4.8.4/../../../../arm-none-eabi/lib/armv6-m\libg_s.a(lib_a-findfp.o)
                0x0000573c                __sf_fake_stdin
 .rodata.__sf_fake_stdout
                0x0000575c       0x20 c:/freescale/kds_3.0.0/toolchain/bin/../lib/gcc/arm-none-eabi/4.8.4/../../../../arm-none-eabi/lib/armv6-m\libg_s.a(lib_a-findfp.o)
                0x0000575c                __sf_fake_stdout
 .rodata.__sf_fake_stderr
                0x0000577c       0x20 c:/freescale/kds_3.0.0/toolchain/bin/../lib/gcc/arm-none-eabi/4.8.4/../../../../arm-none-eabi/lib/armv6-m\libg_s.a(lib_a-findfp.o)
                0x0000577c                __sf_fake_stderr
 *(.glue_7)
 .glue_7        0x00000000        0x0 linker stubs
 *(.glue_7t)
 .glue_7t       0x00000000        0x0 linker stubs
 *(.eh_frame)
 .eh_frame      0x0000579c        0x0 c:/freescale/kds_3.0.0/toolchain/bin/../lib/gcc/arm-none-eabi/4.8.4/armv6-m/crtbegin.o
 *(.init)
 .init          0x0000579c        0x4 c:/freescale/kds_3.0.0/toolchain/bin/../lib/gcc/arm-none-eabi/4.8.4/armv6-m/crti.o
                0x0000579c                _init
 .init          0x000057a0        0x8 c:/freescale/kds_3.0.0/toolchain/bin/../lib/gcc/arm-none-eabi/4.8.4/armv6-m/crtn.o
 *(.fini)
 .fini          0x000057a8        0x4 c:/freescale/kds_3.0.0/toolchain/bin/../lib/gcc/arm-none-eabi/4.8.4/armv6-m/crti.o
                0x000057a8                _fini
 .fini          0x000057ac        0x8 c:/freescale/kds_3.0.0/toolchain/bin/../lib/gcc/arm-none-eabi/4.8.4/armv6-m/crtn.o
                0x000057b4                . = ALIGN (0x4)

.vfp11_veneer   0x000057b4        0x0
 .vfp11_veneer  0x00000000        0x0 linker stubs

.v4_bx          0x000057b4        0x0
 .v4_bx         0x00000000        0x0 linker stubs

.iplt           0x000057b4        0x0
 .iplt          0x00000000        0x0 c:/freescale/kds_3.0.0/toolchain/bin/../lib/gcc/arm-none-eabi/4.8.4/armv6-m/crtbegin.o

.ARM.extab
 *(.ARM.extab* .gnu.linkonce.armextab.*)

.ARM            0x000057b4        0x8
                0x000057b4                __exidx_start = .
 *(.ARM.exidx*)
 .ARM.exidx     0x000057b4        0x8 c:/freescale/kds_3.0.0/toolchain/bin/../lib/gcc/arm-none-eabi/4.8.4/../../../../arm-none-eabi/lib/armv6-m/crt0.o
                0x000057bc                __exidx_end = .

.rel.dyn        0x000057bc        0x0
 .rel.iplt      0x00000000        0x0 c:/freescale/kds_3.0.0/toolchain/bin/../lib/gcc/arm-none-eabi/4.8.4/armv6-m/crtbegin.o

.ctors          0x000057bc        0x0
                0x000057bc                __CTOR_LIST__ = .
 *crtbegin.o(.ctors)
 *crtbegin?.o(.ctors)
 *(EXCLUDE_FILE(*crtend.o *crtend?.o) .ctors)
 *(SORT(.ctors.*))
 *(.ctors)
                0x000057bc                __CTOR_END__ = .

.dtors          0x000057bc        0x0
                0x000057bc                __DTOR_LIST__ = .
 *crtbegin.o(.dtors)
 *crtbegin?.o(.dtors)
 *(EXCLUDE_FILE(*crtend.o *crtend?.o) .dtors)
 *(SORT(.dtors.*))
 *(.dtors)
                0x000057bc                __DTOR_END__ = .

.preinit_array  0x000057bc        0x0
                0x000057bc                PROVIDE (__preinit_array_start, .)
 *(.preinit_array*)
                0x000057bc                PROVIDE (__preinit_array_end, .)

.init_array     0x000057bc        0x4
                0x000057bc                PROVIDE (__init_array_start, .)
 *(SORT(.init_array.*))
 *(.init_array*)
 .init_array    0x000057bc        0x4 c:/freescale/kds_3.0.0/toolchain/bin/../lib/gcc/arm-none-eabi/4.8.4/armv6-m/crtbegin.o
                0x000057c0                PROVIDE (__init_array_end, .)

.fini_array     0x000057c0        0x4
                0x000057c0                PROVIDE (__fini_array_start, .)
 *(SORT(.fini_array.*))
 *(.fini_array*)
 .fini_array    0x000057c0        0x4 c:/freescale/kds_3.0.0/toolchain/bin/../lib/gcc/arm-none-eabi/4.8.4/armv6-m/crtbegin.o
                0x000057c4                PROVIDE (__fini_array_end, .)
                0x000057c4                __etext = .
                0x000057c4                __DATA_ROM = .

.mtb            0x1ffff200        0x0
                0x1ffff200                . = ALIGN (0x8)
                0x1ffff200                _mtb_start = .
 *(.mtb_buf)
                0x1ffff200                . = ALIGN (0x8)
                0x1ffff200                _mtb_end = .

.data           0x1ffff200       0x78 load address 0x000057c4
                0x1ffff200                . = ALIGN (0x4)
                0x1ffff200                __DATA_RAM = .
                0x1ffff200                __data_start__ = .
 *(.data)
 *(.data*)
 .data.xNextTaskUnblockTime
                0x1ffff200        0x4 ./SDK/rtos/FreeRTOS/src/tasks.o
 .data.uxCriticalNesting
                0x1ffff204        0x4 ./SDK/rtos/FreeRTOS/port/gcc/port.o
 .data.g_fastInternalRefClkFreq
                0x1ffff208        0x4 ./SDK/platform/hal/src/mcg/fsl_mcg_hal.o
                0x1ffff208                g_fastInternalRefClkFreq
 .data.g_slowInternalRefClkFreq
                0x1ffff20c        0x4 ./SDK/platform/hal/src/mcg/fsl_mcg_hal.o
                0x1ffff20c                g_slowInternalRefClkFreq
 .data.impure_data
                0x1ffff210       0x60 c:/freescale/kds_3.0.0/toolchain/bin/../lib/gcc/arm-none-eabi/4.8.4/../../../../arm-none-eabi/lib/armv6-m\libg_s.a(lib_a-impure.o)
 .data._impure_ptr
                0x1ffff270        0x4 c:/freescale/kds_3.0.0/toolchain/bin/../lib/gcc/arm-none-eabi/4.8.4/../../../../arm-none-eabi/lib/armv6-m\libg_s.a(lib_a-impure.o)
                0x1ffff270                _impure_ptr
 *(.jcr*)
 .jcr           0x1ffff274        0x0 c:/freescale/kds_3.0.0/toolchain/bin/../lib/gcc/arm-none-eabi/4.8.4/armv6-m/crtbegin.o
 .jcr           0x1ffff274        0x4 c:/freescale/kds_3.0.0/toolchain/bin/../lib/gcc/arm-none-eabi/4.8.4/armv6-m/crtend.o
                0x1ffff278                . = ALIGN (0x4)
                0x1ffff278                __data_end__ = .
                0x0000583c                __DATA_END = (__DATA_ROM + (__data_end__ - __data_start__))
                0x0000583c                __m_interrupts_ram_ROMStart = (__DATA_ROM + SIZEOF (.data))

.igot.plt       0x1ffff278        0x0 load address 0x0000583c
 .igot.plt      0x00000000        0x0 c:/freescale/kds_3.0.0/toolchain/bin/../lib/gcc/arm-none-eabi/4.8.4/armv6-m/crtbegin.o

.m_interrupts_ram
                0x1ffff000      0x200 load address 0x0000583c
                0x1ffff000                . = ALIGN (0x4)
                0x1ffff000                __m_interrupts_ram_RAMStart = .
 *(.m_interrupts_ram)
                0x1ffff200                . = (. + 0x200)
 *fill*         0x1ffff000      0x200 
                0x1ffff200                __m_interrupts_ram_RAMEnd = .
                0x1ffff200                . = ALIGN (0x4)
                0x00000200                __m_interrupts_ram_ROMSize = (__m_interrupts_ram_RAMEnd - __m_interrupts_ram_RAMStart)
                0x00000200                __RAM_VECTOR_TABLE_SIZE_BYTES = (__m_interrupts_ram_RAMEnd - __m_interrupts_ram_RAMStart)

.bss            0x1ffff278      0x628 load address 0x0000583c
                0x1ffff278                . = ALIGN (0x4)
                0x1ffff278                __START_BSS = .
                0x1ffff278                __bss_start__ = .
 *(.bss)
 .bss           0x1ffff278       0x1c c:/freescale/kds_3.0.0/toolchain/bin/../lib/gcc/arm-none-eabi/4.8.4/armv6-m/crtbegin.o
 *(.bss*)
 .bss.ledSema   0x1ffff294        0x4 ./Sources/main.o
                0x1ffff294                ledSema
 .bss.pxCurrentTCB
                0x1ffff298        0x4 ./SDK/rtos/FreeRTOS/src/tasks.o
                0x1ffff298                pxCurrentTCB
 .bss.pxReadyTasksLists
                0x1ffff29c      0x500 ./SDK/rtos/FreeRTOS/src/tasks.o
 .bss.xDelayedTaskList1
                0x1ffff79c       0x14 ./SDK/rtos/FreeRTOS/src/tasks.o
 .bss.xDelayedTaskList2
                0x1ffff7b0       0x14 ./SDK/rtos/FreeRTOS/src/tasks.o
 .bss.pxDelayedTaskList
                0x1ffff7c4        0x4 ./SDK/rtos/FreeRTOS/src/tasks.o
 .bss.pxOverflowDelayedTaskList
                0x1ffff7c8        0x4 ./SDK/rtos/FreeRTOS/src/tasks.o
 .bss.xPendingReadyList
                0x1ffff7cc       0x14 ./SDK/rtos/FreeRTOS/src/tasks.o
 .bss.xTasksWaitingTermination
                0x1ffff7e0       0x14 ./SDK/rtos/FreeRTOS/src/tasks.o
 .bss.uxTasksDeleted
                0x1ffff7f4        0x4 ./SDK/rtos/FreeRTOS/src/tasks.o
 .bss.xSuspendedTaskList
                0x1ffff7f8       0x14 ./SDK/rtos/FreeRTOS/src/tasks.o
 .bss.uxCurrentNumberOfTasks
                0x1ffff80c        0x4 ./SDK/rtos/FreeRTOS/src/tasks.o
 .bss.xTickCount
                0x1ffff810        0x4 ./SDK/rtos/FreeRTOS/src/tasks.o
 .bss.uxTopReadyPriority
                0x1ffff814        0x4 ./SDK/rtos/FreeRTOS/src/tasks.o
 .bss.xSchedulerRunning
                0x1ffff818        0x4 ./SDK/rtos/FreeRTOS/src/tasks.o
 .bss.uxPendedTicks
                0x1ffff81c        0x4 ./SDK/rtos/FreeRTOS/src/tasks.o
 .bss.xYieldPending
                0x1ffff820        0x4 ./SDK/rtos/FreeRTOS/src/tasks.o
 .bss.xNumOfOverflows
                0x1ffff824        0x4 ./SDK/rtos/FreeRTOS/src/tasks.o
 .bss.uxTaskNumber
                0x1ffff828        0x4 ./SDK/rtos/FreeRTOS/src/tasks.o
 .bss.uxSchedulerSuspended
                0x1ffff82c        0x4 ./SDK/rtos/FreeRTOS/src/tasks.o
 .bss.xActiveTimerList1
                0x1ffff830       0x14 ./SDK/rtos/FreeRTOS/src/timers.o
 .bss.xActiveTimerList2
                0x1ffff844       0x14 ./SDK/rtos/FreeRTOS/src/timers.o
 .bss.pxCurrentTimerList
                0x1ffff858        0x4 ./SDK/rtos/FreeRTOS/src/timers.o
 .bss.pxOverflowTimerList
                0x1ffff85c        0x4 ./SDK/rtos/FreeRTOS/src/timers.o
 .bss.xTimerQueue
                0x1ffff860        0x4 ./SDK/rtos/FreeRTOS/src/timers.o
 .bss.xLastTime.4816
                0x1ffff864        0x4 ./SDK/rtos/FreeRTOS/src/timers.o
 .bss.s_debugConsole
                0x1ffff868       0x10 ./SDK/platform/utilities/src/fsl_debug_console.o
 .bss.Task1_stack
                0x1ffff878        0x4 ./Generated_Code/Task1.o
                0x1ffff878                Task1_stack
 .bss.Task2_stack
                0x1ffff87c        0x4 ./Generated_Code/Task2.o
                0x1ffff87c                Task2_stack
 .bss.__malloc_sbrk_start
                0x1ffff880        0x4 c:/freescale/kds_3.0.0/toolchain/bin/../lib/gcc/arm-none-eabi/4.8.4/../../../../arm-none-eabi/lib/armv6-m\libg_s.a(lib_a-nano-mallocr.o)
                0x1ffff880                __malloc_sbrk_start
 .bss.__malloc_free_list
                0x1ffff884        0x4 c:/freescale/kds_3.0.0/toolchain/bin/../lib/gcc/arm-none-eabi/4.8.4/../../../../arm-none-eabi/lib/armv6-m\libg_s.a(lib_a-nano-mallocr.o)
                0x1ffff884                __malloc_free_list
 .bss.heap_end.4246
                0x1ffff888        0x4 c:/freescale/kds_3.0.0/toolchain/bin/../lib/gcc/arm-none-eabi/4.8.4/../../../../arm-none-eabi/lib/armv6-m\libnosys.a(sbrk.o)
 *(COMMON)
 COMMON         0x1ffff88c        0x8 ./SDK/platform/hal/src/mcg/fsl_mcg_hal.o
                0x1ffff88c                g_xtal0ClkFreq
                0x1ffff890                g_xtalRtcClkFreq
 COMMON         0x1ffff894        0x4 ./Generated_Code/Task1.o
                0x1ffff894                Task1_task_handler
 COMMON         0x1ffff898        0x4 ./Generated_Code/Task2.o
                0x1ffff898                Task2_task_handler
 COMMON         0x1ffff89c        0x4 c:/freescale/kds_3.0.0/toolchain/bin/../lib/gcc/arm-none-eabi/4.8.4/../../../../arm-none-eabi/lib/armv6-m\libg_s.a(lib_a-reent.o)
                0x1ffff89c                errno
                0x1ffff8a0                . = ALIGN (0x4)
                0x1ffff8a0                __bss_end__ = .
                0x1ffff8a0                __END_BSS = .

.heap           0x1ffff8a0        0x0
                0x1ffff8a0                . = ALIGN (0x8)
                0x1ffff8a0                __end__ = .
                0x1ffff8a0                PROVIDE (end, .)
                0x1ffff8a0                __HeapBase = .
                0x1ffff8a0                . = (. + HEAP_SIZE)
                0x1ffff8a0                __HeapLimit = .

.stack          0x1ffff8a0      0x400 load address 0x00005e64
                0x1ffff8a0                . = ALIGN (0x8)
                0x1ffffca0                . = (. + STACK_SIZE)
 *fill*         0x1ffff8a0      0x400 
                0x20003000                __StackTop = (ORIGIN (m_data) + 0x3e00)
                0x20002c00                __StackLimit = (__StackTop - STACK_SIZE)
                0x20003000                PROVIDE (__stack, __StackTop)

.ARM.attributes
                0x00000000       0x28
 *(.ARM.attributes)
 .ARM.attributes
                0x00000000       0x1e c:/freescale/kds_3.0.0/toolchain/bin/../lib/gcc/arm-none-eabi/4.8.4/armv6-m/crti.o
 .ARM.attributes
                0x0000001e       0x2c c:/freescale/kds_3.0.0/toolchain/bin/../lib/gcc/arm-none-eabi/4.8.4/armv6-m/crtbegin.o
 .ARM.attributes
                0x0000004a       0x1b c:/freescale/kds_3.0.0/toolchain/bin/../lib/gcc/arm-none-eabi/4.8.4/../../../../arm-none-eabi/lib/armv6-m/crt0.o
 .ARM.attributes
                0x00000065       0x32 ./Static_Code/System/PE_low_level_init.o
 .ARM.attributes
                0x00000097       0x32 ./Sources/ledrgb_hal.o
 .ARM.attributes
                0x000000c9       0x32 ./Sources/main.o
 .ARM.attributes
                0x000000fb       0x32 ./Sources/os_tasks.o
 .ARM.attributes
                0x0000012d       0x32 ./SDK/rtos/FreeRTOS/src/heap_3.o
 .ARM.attributes
                0x0000015f       0x32 ./SDK/rtos/FreeRTOS/src/list.o
 .ARM.attributes
                0x00000191       0x32 ./SDK/rtos/FreeRTOS/src/queue.o
 .ARM.attributes
                0x000001c3       0x32 ./SDK/rtos/FreeRTOS/src/tasks.o
 .ARM.attributes
                0x000001f5       0x32 ./SDK/rtos/FreeRTOS/src/timers.o
 .ARM.attributes
                0x00000227       0x32 ./SDK/rtos/FreeRTOS/port/gcc/port.o
 .ARM.attributes
                0x00000259       0x32 ./SDK/platform/utilities/src/fsl_debug_console.o
 .ARM.attributes
                0x0000028b       0x32 ./SDK/platform/system/src/clock/MKL25Z4/fsl_clock_MKL25Z4.o
 .ARM.attributes
                0x000002bd       0x32 ./SDK/platform/system/src/clock/fsl_clock_manager_common.o
 .ARM.attributes
                0x000002ef       0x32 ./SDK/platform/osa/src/fsl_os_abstraction_free_rtos.o
 .ARM.attributes
                0x00000321       0x32 ./SDK/platform/hal/src/uart/fsl_uart_hal.o
 .ARM.attributes
                0x00000353       0x32 ./SDK/platform/hal/src/mcg/fsl_mcg_hal.o
 .ARM.attributes
                0x00000385       0x32 ./SDK/platform/hal/src/lpsci/fsl_lpsci_hal.o
 .ARM.attributes
                0x000003b7       0x32 ./SDK/platform/hal/src/gpio/fsl_gpio_hal.o
 .ARM.attributes
                0x000003e9       0x32 ./SDK/platform/drivers/src/gpio/fsl_gpio_common.o
 .ARM.attributes
                0x0000041b       0x32 ./SDK/platform/drivers/src/gpio/fsl_gpio_driver.o
 .ARM.attributes
                0x0000044d       0x1b ./SDK/platform/devices/MKL25Z4/startup/gcc/startup_MKL25Z4.o
 .ARM.attributes
                0x00000468       0x32 ./SDK/platform/devices/MKL25Z4/startup/system_MKL25Z4.o
 .ARM.attributes
                0x0000049a       0x32 ./SDK/platform/devices/startup.o
 .ARM.attributes
                0x000004cc       0x32 ./Generated_Code/Cpu.o
 .ARM.attributes
                0x000004fe       0x32 ./Generated_Code/Task1.o
 .ARM.attributes
                0x00000530       0x32 ./Generated_Code/Task2.o
 .ARM.attributes
                0x00000562       0x32 ./Generated_Code/gpio1.o
 .ARM.attributes
                0x00000594       0x32 ./Generated_Code/hardware_init.o
 .ARM.attributes
                0x000005c6       0x32 ./Generated_Code/pin_init.o
 .ARM.attributes
                0x000005f8       0x1e c:/freescale/kds_3.0.0/toolchain/bin/../lib/gcc/arm-none-eabi/4.8.4/armv6-m\libgcc.a(_udivsi3.o)
 .ARM.attributes
                0x00000616       0x1e c:/freescale/kds_3.0.0/toolchain/bin/../lib/gcc/arm-none-eabi/4.8.4/armv6-m\libgcc.a(_dvmd_tls.o)
 .ARM.attributes
                0x00000634       0x2c c:/freescale/kds_3.0.0/toolchain/bin/../lib/gcc/arm-none-eabi/4.8.4/../../../../arm-none-eabi/lib/armv6-m\libg_s.a(lib_a-assert.o)
 .ARM.attributes
                0x00000660       0x2c c:/freescale/kds_3.0.0/toolchain/bin/../lib/gcc/arm-none-eabi/4.8.4/../../../../arm-none-eabi/lib/armv6-m\libg_s.a(lib_a-exit.o)
 .ARM.attributes
                0x0000068c       0x2c c:/freescale/kds_3.0.0/toolchain/bin/../lib/gcc/arm-none-eabi/4.8.4/../../../../arm-none-eabi/lib/armv6-m\libg_s.a(lib_a-fprintf.o)
 .ARM.attributes
                0x000006b8       0x2c c:/freescale/kds_3.0.0/toolchain/bin/../lib/gcc/arm-none-eabi/4.8.4/../../../../arm-none-eabi/lib/armv6-m\libg_s.a(lib_a-impure.o)
 .ARM.attributes
                0x000006e4       0x2c c:/freescale/kds_3.0.0/toolchain/bin/../lib/gcc/arm-none-eabi/4.8.4/../../../../arm-none-eabi/lib/armv6-m\libg_s.a(lib_a-init.o)
 .ARM.attributes
                0x00000710       0x2c c:/freescale/kds_3.0.0/toolchain/bin/../lib/gcc/arm-none-eabi/4.8.4/../../../../arm-none-eabi/lib/armv6-m\libg_s.a(lib_a-malloc.o)
 .ARM.attributes
                0x0000073c       0x2c c:/freescale/kds_3.0.0/toolchain/bin/../lib/gcc/arm-none-eabi/4.8.4/../../../../arm-none-eabi/lib/armv6-m\libg_s.a(lib_a-memcpy-stub.o)
 .ARM.attributes
                0x00000768       0x2c c:/freescale/kds_3.0.0/toolchain/bin/../lib/gcc/arm-none-eabi/4.8.4/../../../../arm-none-eabi/lib/armv6-m\libg_s.a(lib_a-memset.o)
 .ARM.attributes
                0x00000794       0x2c c:/freescale/kds_3.0.0/toolchain/bin/../lib/gcc/arm-none-eabi/4.8.4/../../../../arm-none-eabi/lib/armv6-m\libg_s.a(lib_a-nano-freer.o)
 .ARM.attributes
                0x000007c0       0x2c c:/freescale/kds_3.0.0/toolchain/bin/../lib/gcc/arm-none-eabi/4.8.4/../../../../arm-none-eabi/lib/armv6-m\libg_s.a(lib_a-nano-mallocr.o)
 .ARM.attributes
                0x000007ec       0x2c c:/freescale/kds_3.0.0/toolchain/bin/../lib/gcc/arm-none-eabi/4.8.4/../../../../arm-none-eabi/lib/armv6-m\libg_s.a(lib_a-sbrkr.o)
 .ARM.attributes
                0x00000818       0x2c c:/freescale/kds_3.0.0/toolchain/bin/../lib/gcc/arm-none-eabi/4.8.4/../../../../arm-none-eabi/lib/armv6-m\libg_s.a(lib_a-strlen.o)
 .ARM.attributes
                0x00000844       0x2c c:/freescale/kds_3.0.0/toolchain/bin/../lib/gcc/arm-none-eabi/4.8.4/../../../../arm-none-eabi/lib/armv6-m\libg_s.a(lib_a-vfprintf.o)
 .ARM.attributes
                0x00000870       0x2c c:/freescale/kds_3.0.0/toolchain/bin/../lib/gcc/arm-none-eabi/4.8.4/../../../../arm-none-eabi/lib/armv6-m\libg_s.a(lib_a-vfprintf_i.o)
 .ARM.attributes
                0x0000089c       0x2c c:/freescale/kds_3.0.0/toolchain/bin/../lib/gcc/arm-none-eabi/4.8.4/../../../../arm-none-eabi/lib/armv6-m\libg_s.a(lib_a-wbuf.o)
 .ARM.attributes
                0x000008c8       0x2c c:/freescale/kds_3.0.0/toolchain/bin/../lib/gcc/arm-none-eabi/4.8.4/../../../../arm-none-eabi/lib/armv6-m\libg_s.a(lib_a-wsetup.o)
 .ARM.attributes
                0x000008f4       0x2c c:/freescale/kds_3.0.0/toolchain/bin/../lib/gcc/arm-none-eabi/4.8.4/../../../../arm-none-eabi/lib/armv6-m\libg_s.a(lib_a-abort.o)
 .ARM.attributes
                0x00000920       0x2c c:/freescale/kds_3.0.0/toolchain/bin/../lib/gcc/arm-none-eabi/4.8.4/../../../../arm-none-eabi/lib/armv6-m\libg_s.a(lib_a-fflush.o)
 .ARM.attributes
                0x0000094c       0x2c c:/freescale/kds_3.0.0/toolchain/bin/../lib/gcc/arm-none-eabi/4.8.4/../../../../arm-none-eabi/lib/armv6-m\libg_s.a(lib_a-findfp.o)
 .ARM.attributes
                0x00000978       0x2c c:/freescale/kds_3.0.0/toolchain/bin/../lib/gcc/arm-none-eabi/4.8.4/../../../../arm-none-eabi/lib/armv6-m\libg_s.a(lib_a-makebuf.o)
 .ARM.attributes
                0x000009a4       0x2c c:/freescale/kds_3.0.0/toolchain/bin/../lib/gcc/arm-none-eabi/4.8.4/../../../../arm-none-eabi/lib/armv6-m\libg_s.a(lib_a-memchr-stub.o)
 .ARM.attributes
                0x000009d0       0x2c c:/freescale/kds_3.0.0/toolchain/bin/../lib/gcc/arm-none-eabi/4.8.4/../../../../arm-none-eabi/lib/armv6-m\libg_s.a(lib_a-reent.o)
 .ARM.attributes
                0x000009fc       0x2c c:/freescale/kds_3.0.0/toolchain/bin/../lib/gcc/arm-none-eabi/4.8.4/../../../../arm-none-eabi/lib/armv6-m\libg_s.a(lib_a-signal.o)
 .ARM.attributes
                0x00000a28       0x2c c:/freescale/kds_3.0.0/toolchain/bin/../lib/gcc/arm-none-eabi/4.8.4/../../../../arm-none-eabi/lib/armv6-m\libg_s.a(lib_a-signalr.o)
 .ARM.attributes
                0x00000a54       0x2c c:/freescale/kds_3.0.0/toolchain/bin/../lib/gcc/arm-none-eabi/4.8.4/../../../../arm-none-eabi/lib/armv6-m\libg_s.a(lib_a-stdio.o)
 .ARM.attributes
                0x00000a80       0x2c c:/freescale/kds_3.0.0/toolchain/bin/../lib/gcc/arm-none-eabi/4.8.4/../../../../arm-none-eabi/lib/armv6-m\libg_s.a(lib_a-writer.o)
 .ARM.attributes
                0x00000aac       0x2c c:/freescale/kds_3.0.0/toolchain/bin/../lib/gcc/arm-none-eabi/4.8.4/../../../../arm-none-eabi/lib/armv6-m\libg_s.a(lib_a-closer.o)
 .ARM.attributes
                0x00000ad8       0x2c c:/freescale/kds_3.0.0/toolchain/bin/../lib/gcc/arm-none-eabi/4.8.4/../../../../arm-none-eabi/lib/armv6-m\libg_s.a(lib_a-fstatr.o)
 .ARM.attributes
                0x00000b04       0x2c c:/freescale/kds_3.0.0/toolchain/bin/../lib/gcc/arm-none-eabi/4.8.4/../../../../arm-none-eabi/lib/armv6-m\libg_s.a(lib_a-isattyr.o)
 .ARM.attributes
                0x00000b30       0x2c c:/freescale/kds_3.0.0/toolchain/bin/../lib/gcc/arm-none-eabi/4.8.4/../../../../arm-none-eabi/lib/armv6-m\libg_s.a(lib_a-lseekr.o)
 .ARM.attributes
                0x00000b5c       0x2c c:/freescale/kds_3.0.0/toolchain/bin/../lib/gcc/arm-none-eabi/4.8.4/../../../../arm-none-eabi/lib/armv6-m\libg_s.a(lib_a-readr.o)
 .ARM.attributes
                0x00000b88       0x2c c:/freescale/kds_3.0.0/toolchain/bin/../lib/gcc/arm-none-eabi/4.8.4/../../../../arm-none-eabi/lib/armv6-m\libnosys.a(close.o)
 .ARM.attributes
                0x00000bb4       0x2c c:/freescale/kds_3.0.0/toolchain/bin/../lib/gcc/arm-none-eabi/4.8.4/../../../../arm-none-eabi/lib/armv6-m\libnosys.a(fstat.o)
 .ARM.attributes
                0x00000be0       0x2c c:/freescale/kds_3.0.0/toolchain/bin/../lib/gcc/arm-none-eabi/4.8.4/../../../../arm-none-eabi/lib/armv6-m\libnosys.a(getpid.o)
 .ARM.attributes
                0x00000c0c       0x2c c:/freescale/kds_3.0.0/toolchain/bin/../lib/gcc/arm-none-eabi/4.8.4/../../../../arm-none-eabi/lib/armv6-m\libnosys.a(isatty.o)
 .ARM.attributes
                0x00000c38       0x2c c:/freescale/kds_3.0.0/toolchain/bin/../lib/gcc/arm-none-eabi/4.8.4/../../../../arm-none-eabi/lib/armv6-m\libnosys.a(kill.o)
 .ARM.attributes
                0x00000c64       0x2c c:/freescale/kds_3.0.0/toolchain/bin/../lib/gcc/arm-none-eabi/4.8.4/../../../../arm-none-eabi/lib/armv6-m\libnosys.a(lseek.o)
 .ARM.attributes
                0x00000c90       0x2c c:/freescale/kds_3.0.0/toolchain/bin/../lib/gcc/arm-none-eabi/4.8.4/../../../../arm-none-eabi/lib/armv6-m\libnosys.a(sbrk.o)
 .ARM.attributes
                0x00000cbc       0x2c c:/freescale/kds_3.0.0/toolchain/bin/../lib/gcc/arm-none-eabi/4.8.4/../../../../arm-none-eabi/lib/armv6-m\libnosys.a(_exit.o)
 .ARM.attributes
                0x00000ce8       0x2c c:/freescale/kds_3.0.0/toolchain/bin/../lib/gcc/arm-none-eabi/4.8.4/armv6-m/crtend.o
 .ARM.attributes
                0x00000d14       0x1e c:/freescale/kds_3.0.0/toolchain/bin/../lib/gcc/arm-none-eabi/4.8.4/armv6-m/crtn.o
OUTPUT(lab4.elf elf32-littlearm)

.debug_info     0x00000000     0xb579
 .debug_info    0x00000000       0xf3 ./Static_Code/System/PE_low_level_init.o
 .debug_info    0x000000f3      0x3db ./Sources/ledrgb_hal.o
 .debug_info    0x000004ce      0x130 ./Sources/main.o
 .debug_info    0x000005fe      0x1b9 ./Sources/os_tasks.o
 .debug_info    0x000007b7       0xe0 ./SDK/rtos/FreeRTOS/src/heap_3.o
 .debug_info    0x00000897      0x2a1 ./SDK/rtos/FreeRTOS/src/list.o
 .debug_info    0x00000b38      0xa65 ./SDK/rtos/FreeRTOS/src/queue.o
 .debug_info    0x0000159d      0xf89 ./SDK/rtos/FreeRTOS/src/tasks.o
 .debug_info    0x00002526      0x92b ./SDK/rtos/FreeRTOS/src/timers.o
 .debug_info    0x00002e51      0x1fa ./SDK/rtos/FreeRTOS/port/gcc/port.o
 .debug_info    0x0000304b      0xa71 ./SDK/platform/utilities/src/fsl_debug_console.o
 .debug_info    0x00003abc     0x17ee ./SDK/platform/system/src/clock/MKL25Z4/fsl_clock_MKL25Z4.o
 .debug_info    0x000052aa      0x462 ./SDK/platform/system/src/clock/fsl_clock_manager_common.o
 .debug_info    0x0000570c      0xdf3 ./SDK/platform/osa/src/fsl_os_abstraction_free_rtos.o
 .debug_info    0x000064ff      0x83e ./SDK/platform/hal/src/uart/fsl_uart_hal.o
 .debug_info    0x00006d3d      0xb9f ./SDK/platform/hal/src/mcg/fsl_mcg_hal.o
 .debug_info    0x000078dc      0x947 ./SDK/platform/hal/src/lpsci/fsl_lpsci_hal.o
 .debug_info    0x00008223      0x2f0 ./SDK/platform/hal/src/gpio/fsl_gpio_hal.o
 .debug_info    0x00008513      0x397 ./SDK/platform/drivers/src/gpio/fsl_gpio_common.o
 .debug_info    0x000088aa      0xe6a ./SDK/platform/drivers/src/gpio/fsl_gpio_driver.o
 .debug_info    0x00009714       0xba ./SDK/platform/devices/MKL25Z4/startup/gcc/startup_MKL25Z4.o
 .debug_info    0x000097ce      0x672 ./SDK/platform/devices/MKL25Z4/startup/system_MKL25Z4.o
 .debug_info    0x00009e40      0x296 ./SDK/platform/devices/startup.o
 .debug_info    0x0000a0d6      0x575 ./Generated_Code/Cpu.o
 .debug_info    0x0000a64b      0x182 ./Generated_Code/Task1.o
 .debug_info    0x0000a7cd      0x182 ./Generated_Code/Task2.o
 .debug_info    0x0000a94f      0x29e ./Generated_Code/gpio1.o
 .debug_info    0x0000abed      0x3cf ./Generated_Code/hardware_init.o
 .debug_info    0x0000afbc      0x5bd ./Generated_Code/pin_init.o

.debug_abbrev   0x00000000     0x24df
 .debug_abbrev  0x00000000       0x75 ./Static_Code/System/PE_low_level_init.o
 .debug_abbrev  0x00000075      0x11f ./Sources/ledrgb_hal.o
 .debug_abbrev  0x00000194       0x8f ./Sources/main.o
 .debug_abbrev  0x00000223       0xb2 ./Sources/os_tasks.o
 .debug_abbrev  0x000002d5       0xa2 ./SDK/rtos/FreeRTOS/src/heap_3.o
 .debug_abbrev  0x00000377       0xc1 ./SDK/rtos/FreeRTOS/src/list.o
 .debug_abbrev  0x00000438      0x189 ./SDK/rtos/FreeRTOS/src/queue.o
 .debug_abbrev  0x000005c1      0x208 ./SDK/rtos/FreeRTOS/src/tasks.o
 .debug_abbrev  0x000007c9      0x194 ./SDK/rtos/FreeRTOS/src/timers.o
 .debug_abbrev  0x0000095d       0xed ./SDK/rtos/FreeRTOS/port/gcc/port.o
 .debug_abbrev  0x00000a4a      0x23a ./SDK/platform/utilities/src/fsl_debug_console.o
 .debug_abbrev  0x00000c84      0x2f0 ./SDK/platform/system/src/clock/MKL25Z4/fsl_clock_MKL25Z4.o
 .debug_abbrev  0x00000f74       0xde ./SDK/platform/system/src/clock/fsl_clock_manager_common.o
 .debug_abbrev  0x00001052      0x221 ./SDK/platform/osa/src/fsl_os_abstraction_free_rtos.o
 .debug_abbrev  0x00001273      0x1ee ./SDK/platform/hal/src/uart/fsl_uart_hal.o
 .debug_abbrev  0x00001461      0x22c ./SDK/platform/hal/src/mcg/fsl_mcg_hal.o
 .debug_abbrev  0x0000168d      0x211 ./SDK/platform/hal/src/lpsci/fsl_lpsci_hal.o
 .debug_abbrev  0x0000189e      0x11b ./SDK/platform/hal/src/gpio/fsl_gpio_hal.o
 .debug_abbrev  0x000019b9       0xc0 ./SDK/platform/drivers/src/gpio/fsl_gpio_common.o
 .debug_abbrev  0x00001a79      0x27a ./SDK/platform/drivers/src/gpio/fsl_gpio_driver.o
 .debug_abbrev  0x00001cf3       0x14 ./SDK/platform/devices/MKL25Z4/startup/gcc/startup_MKL25Z4.o
 .debug_abbrev  0x00001d07      0x121 ./SDK/platform/devices/MKL25Z4/startup/system_MKL25Z4.o
 .debug_abbrev  0x00001e28       0xe9 ./SDK/platform/devices/startup.o
 .debug_abbrev  0x00001f11      0x147 ./Generated_Code/Cpu.o
 .debug_abbrev  0x00002058       0xb0 ./Generated_Code/Task1.o
 .debug_abbrev  0x00002108       0xb0 ./Generated_Code/Task2.o
 .debug_abbrev  0x000021b8       0xa7 ./Generated_Code/gpio1.o
 .debug_abbrev  0x0000225f      0x10c ./Generated_Code/hardware_init.o
 .debug_abbrev  0x0000236b      0x174 ./Generated_Code/pin_init.o

.debug_aranges  0x00000000      0xdd0
 .debug_aranges
                0x00000000       0x28 ./Static_Code/System/PE_low_level_init.o
 .debug_aranges
                0x00000028       0x68 ./Sources/ledrgb_hal.o
 .debug_aranges
                0x00000090       0x20 ./Sources/main.o
 .debug_aranges
                0x000000b0       0x28 ./Sources/os_tasks.o
 .debug_aranges
                0x000000d8       0x28 ./SDK/rtos/FreeRTOS/src/heap_3.o
 .debug_aranges
                0x00000100       0x40 ./SDK/rtos/FreeRTOS/src/list.o
 .debug_aranges
                0x00000140       0xd8 ./SDK/rtos/FreeRTOS/src/queue.o
 .debug_aranges
                0x00000218      0x168 ./SDK/rtos/FreeRTOS/src/tasks.o
 .debug_aranges
                0x00000380       0x98 ./SDK/rtos/FreeRTOS/src/timers.o
 .debug_aranges
                0x00000418       0x80 ./SDK/rtos/FreeRTOS/port/gcc/port.o
 .debug_aranges
                0x00000498       0xa0 ./SDK/platform/utilities/src/fsl_debug_console.o
 .debug_aranges
                0x00000538      0x218 ./SDK/platform/system/src/clock/MKL25Z4/fsl_clock_MKL25Z4.o
 .debug_aranges
                0x00000750       0x18 ./SDK/platform/system/src/clock/fsl_clock_manager_common.o
 .debug_aranges
                0x00000768      0x148 ./SDK/platform/osa/src/fsl_os_abstraction_free_rtos.o
 .debug_aranges
                0x000008b0       0xb0 ./SDK/platform/hal/src/uart/fsl_uart_hal.o
 .debug_aranges
                0x00000960       0xd8 ./SDK/platform/hal/src/mcg/fsl_mcg_hal.o
 .debug_aranges
                0x00000a38       0xc8 ./SDK/platform/hal/src/lpsci/fsl_lpsci_hal.o
 .debug_aranges
                0x00000b00       0x38 ./SDK/platform/hal/src/gpio/fsl_gpio_hal.o
 .debug_aranges
                0x00000b38       0x18 ./SDK/platform/drivers/src/gpio/fsl_gpio_common.o
 .debug_aranges
                0x00000b50       0xf0 ./SDK/platform/drivers/src/gpio/fsl_gpio_driver.o
 .debug_aranges
                0x00000c40       0x20 ./SDK/platform/devices/MKL25Z4/startup/gcc/startup_MKL25Z4.o
 .debug_aranges
                0x00000c60       0x28 ./SDK/platform/devices/MKL25Z4/startup/system_MKL25Z4.o
 .debug_aranges
                0x00000c88       0x20 ./SDK/platform/devices/startup.o
 .debug_aranges
                0x00000ca8       0x30 ./Generated_Code/Cpu.o
 .debug_aranges
                0x00000cd8       0x20 ./Generated_Code/Task1.o
 .debug_aranges
                0x00000cf8       0x20 ./Generated_Code/Task2.o
 .debug_aranges
                0x00000d18       0x18 ./Generated_Code/gpio1.o
 .debug_aranges
                0x00000d30       0x28 ./Generated_Code/hardware_init.o
 .debug_aranges
                0x00000d58       0x78 ./Generated_Code/pin_init.o

.debug_ranges   0x00000000      0xbd8
 .debug_ranges  0x00000000       0x18 ./Static_Code/System/PE_low_level_init.o
 .debug_ranges  0x00000018       0x58 ./Sources/ledrgb_hal.o
 .debug_ranges  0x00000070       0x10 ./Sources/main.o
 .debug_ranges  0x00000080       0x18 ./Sources/os_tasks.o
 .debug_ranges  0x00000098       0x18 ./SDK/rtos/FreeRTOS/src/heap_3.o
 .debug_ranges  0x000000b0       0x30 ./SDK/rtos/FreeRTOS/src/list.o
 .debug_ranges  0x000000e0       0xc8 ./SDK/rtos/FreeRTOS/src/queue.o
 .debug_ranges  0x000001a8      0x158 ./SDK/rtos/FreeRTOS/src/tasks.o
 .debug_ranges  0x00000300       0x88 ./SDK/rtos/FreeRTOS/src/timers.o
 .debug_ranges  0x00000388       0x70 ./SDK/rtos/FreeRTOS/port/gcc/port.o
 .debug_ranges  0x000003f8       0x90 ./SDK/platform/utilities/src/fsl_debug_console.o
 .debug_ranges  0x00000488      0x208 ./SDK/platform/system/src/clock/MKL25Z4/fsl_clock_MKL25Z4.o
 .debug_ranges  0x00000690      0x138 ./SDK/platform/osa/src/fsl_os_abstraction_free_rtos.o
 .debug_ranges  0x000007c8       0xa0 ./SDK/platform/hal/src/uart/fsl_uart_hal.o
 .debug_ranges  0x00000868       0xc8 ./SDK/platform/hal/src/mcg/fsl_mcg_hal.o
 .debug_ranges  0x00000930       0xb8 ./SDK/platform/hal/src/lpsci/fsl_lpsci_hal.o
 .debug_ranges  0x000009e8       0x28 ./SDK/platform/hal/src/gpio/fsl_gpio_hal.o
 .debug_ranges  0x00000a10       0xe0 ./SDK/platform/drivers/src/gpio/fsl_gpio_driver.o
 .debug_ranges  0x00000af0       0x18 ./SDK/platform/devices/MKL25Z4/startup/system_MKL25Z4.o
 .debug_ranges  0x00000b08       0x10 ./SDK/platform/devices/startup.o
 .debug_ranges  0x00000b18       0x20 ./Generated_Code/Cpu.o
 .debug_ranges  0x00000b38       0x10 ./Generated_Code/Task1.o
 .debug_ranges  0x00000b48       0x10 ./Generated_Code/Task2.o
 .debug_ranges  0x00000b58       0x18 ./Generated_Code/hardware_init.o
 .debug_ranges  0x00000b70       0x68 ./Generated_Code/pin_init.o

.debug_macro    0x00000000    0x16e4f
 .debug_macro   0x00000000      0x3cb ./Static_Code/System/PE_low_level_init.o
 .debug_macro   0x000003cb      0x80e ./Static_Code/System/PE_low_level_init.o
 .debug_macro   0x00000bd9       0x11 ./Static_Code/System/PE_low_level_init.o
 .debug_macro   0x00000bea       0x16 ./Static_Code/System/PE_low_level_init.o
 .debug_macro   0x00000c00       0x16 ./Static_Code/System/PE_low_level_init.o
 .debug_macro   0x00000c16       0x44 ./Static_Code/System/PE_low_level_init.o
 .debug_macro   0x00000c5a      0x209 ./Static_Code/System/PE_low_level_init.o
 .debug_macro   0x00000e63       0x3a ./Static_Code/System/PE_low_level_init.o
 .debug_macro   0x00000e9d       0x3a ./Static_Code/System/PE_low_level_init.o
 .debug_macro   0x00000ed7       0x1f ./Static_Code/System/PE_low_level_init.o
 .debug_macro   0x00000ef6      0x250 ./Static_Code/System/PE_low_level_init.o
 .debug_macro   0x00001146       0xc6 ./Static_Code/System/PE_low_level_init.o
 .debug_macro   0x0000120c     0x8439 ./Static_Code/System/PE_low_level_init.o
 .debug_macro   0x00009645       0x58 ./Static_Code/System/PE_low_level_init.o
 .debug_macro   0x0000969d       0x35 ./Static_Code/System/PE_low_level_init.o
 .debug_macro   0x000096d2       0xa3 ./Static_Code/System/PE_low_level_init.o
 .debug_macro   0x00009775       0x16 ./Static_Code/System/PE_low_level_init.o
 .debug_macro   0x0000978b      0x10e ./Static_Code/System/PE_low_level_init.o
 .debug_macro   0x00009899       0x7f ./Static_Code/System/PE_low_level_init.o
 .debug_macro   0x00009918       0x52 ./Static_Code/System/PE_low_level_init.o
 .debug_macro   0x0000996a       0x16 ./Static_Code/System/PE_low_level_init.o
 .debug_macro   0x00009980       0x43 ./Static_Code/System/PE_low_level_init.o
 .debug_macro   0x000099c3      0x180 ./Static_Code/System/PE_low_level_init.o
 .debug_macro   0x00009b43       0x22 ./Static_Code/System/PE_low_level_init.o
 .debug_macro   0x00009b65       0x7c ./Static_Code/System/PE_low_level_init.o
 .debug_macro   0x00009be1     0x764c ./Static_Code/System/PE_low_level_init.o
 .debug_macro   0x0001122d     0x10b2 ./Static_Code/System/PE_low_level_init.o
 .debug_macro   0x000122df       0x22 ./Static_Code/System/PE_low_level_init.o
 .debug_macro   0x00012301       0x16 ./Static_Code/System/PE_low_level_init.o
 .debug_macro   0x00012317       0x10 ./Static_Code/System/PE_low_level_init.o
 .debug_macro   0x00012327       0x11 ./Static_Code/System/PE_low_level_init.o
 .debug_macro   0x00012338       0x10 ./Static_Code/System/PE_low_level_init.o
 .debug_macro   0x00012348       0x10 ./Static_Code/System/PE_low_level_init.o
 .debug_macro   0x00012358       0x10 ./Static_Code/System/PE_low_level_init.o
 .debug_macro   0x00012368       0x16 ./Static_Code/System/PE_low_level_init.o
 .debug_macro   0x0001237e      0x202 ./Static_Code/System/PE_low_level_init.o
 .debug_macro   0x00012580       0x40 ./Static_Code/System/PE_low_level_init.o
 .debug_macro   0x000125c0       0xce ./Static_Code/System/PE_low_level_init.o
 .debug_macro   0x0001268e       0x12 ./Static_Code/System/PE_low_level_init.o
 .debug_macro   0x000126a0       0x1f ./Static_Code/System/PE_low_level_init.o
 .debug_macro   0x000126bf       0x79 ./Static_Code/System/PE_low_level_init.o
 .debug_macro   0x00012738       0x69 ./Static_Code/System/PE_low_level_init.o
 .debug_macro   0x000127a1      0x2ff ./Static_Code/System/PE_low_level_init.o
 .debug_macro   0x00012aa0       0xb0 ./Static_Code/System/PE_low_level_init.o
 .debug_macro   0x00012b50       0x7e ./Static_Code/System/PE_low_level_init.o
 .debug_macro   0x00012bce       0x97 ./Static_Code/System/PE_low_level_init.o
 .debug_macro   0x00012c65       0x19 ./Static_Code/System/PE_low_level_init.o
 .debug_macro   0x00012c7e       0x35 ./Static_Code/System/PE_low_level_init.o
 .debug_macro   0x00012cb3       0x12 ./Static_Code/System/PE_low_level_init.o
 .debug_macro   0x00012cc5       0x28 ./Static_Code/System/PE_low_level_init.o
 .debug_macro   0x00012ced       0x28 ./Static_Code/System/PE_low_level_init.o
 .debug_macro   0x00012d15       0x22 ./Static_Code/System/PE_low_level_init.o
 .debug_macro   0x00012d37       0x20 ./Static_Code/System/PE_low_level_init.o
 .debug_macro   0x00012d57       0x1c ./Static_Code/System/PE_low_level_init.o
 .debug_macro   0x00012d73       0x1c ./Static_Code/System/PE_low_level_init.o
 .debug_macro   0x00012d8f       0x1c ./Static_Code/System/PE_low_level_init.o
 .debug_macro   0x00012dab      0x212 ./Sources/ledrgb_hal.o
 .debug_macro   0x00012fbd       0x1c ./Sources/ledrgb_hal.o
 .debug_macro   0x00012fd9       0x4c ./Sources/ledrgb_hal.o
 .debug_macro   0x00013025      0x3bb ./Sources/main.o
 .debug_macro   0x000133e0      0x3ce ./Sources/os_tasks.o
 .debug_macro   0x000137ae      0x14f ./SDK/rtos/FreeRTOS/src/heap_3.o
 .debug_macro   0x000138fd      0x143 ./SDK/rtos/FreeRTOS/src/list.o
 .debug_macro   0x00013a40      0x1bf ./SDK/rtos/FreeRTOS/src/queue.o
 .debug_macro   0x00013bff      0x2a6 ./SDK/rtos/FreeRTOS/src/queue.o
 .debug_macro   0x00013ea5       0x10 ./SDK/rtos/FreeRTOS/src/queue.o
 .debug_macro   0x00013eb5       0x35 ./SDK/rtos/FreeRTOS/src/queue.o
 .debug_macro   0x00013eea      0x1f8 ./SDK/rtos/FreeRTOS/src/tasks.o
 .debug_macro   0x000140e2       0x16 ./SDK/rtos/FreeRTOS/src/tasks.o
 .debug_macro   0x000140f8      0x167 ./SDK/rtos/FreeRTOS/src/timers.o
 .debug_macro   0x0001425f      0x196 ./SDK/rtos/FreeRTOS/port/gcc/port.o
 .debug_macro   0x000143f5       0xc8 ./SDK/rtos/FreeRTOS/port/gcc/port.o
 .debug_macro   0x000144bd       0x18 ./SDK/rtos/FreeRTOS/port/gcc/port.o
 .debug_macro   0x000144d5       0x46 ./SDK/rtos/FreeRTOS/port/gcc/port.o
 .debug_macro   0x0001451b      0x35b ./SDK/platform/utilities/src/fsl_debug_console.o
 .debug_macro   0x00014876       0x82 ./SDK/platform/utilities/src/fsl_debug_console.o
 .debug_macro   0x000148f8       0x22 ./SDK/platform/utilities/src/fsl_debug_console.o
 .debug_macro   0x0001491a      0x293 ./SDK/platform/system/src/clock/MKL25Z4/fsl_clock_MKL25Z4.o
 .debug_macro   0x00014bad      0x1e8 ./SDK/platform/system/src/clock/fsl_clock_manager_common.o
 .debug_macro   0x00014d95      0x25b ./SDK/platform/osa/src/fsl_os_abstraction_free_rtos.o
 .debug_macro   0x00014ff0      0x174 ./SDK/platform/hal/src/uart/fsl_uart_hal.o
 .debug_macro   0x00015164      0x174 ./SDK/platform/hal/src/mcg/fsl_mcg_hal.o
 .debug_macro   0x000152d8      0x174 ./SDK/platform/hal/src/lpsci/fsl_lpsci_hal.o
 .debug_macro   0x0001544c      0x16e ./SDK/platform/hal/src/gpio/fsl_gpio_hal.o
 .debug_macro   0x000155ba      0x15d ./SDK/platform/drivers/src/gpio/fsl_gpio_common.o
 .debug_macro   0x00015717      0x225 ./SDK/platform/drivers/src/gpio/fsl_gpio_driver.o
 .debug_macro   0x0001593c       0x22 ./SDK/platform/drivers/src/gpio/fsl_gpio_driver.o
 .debug_macro   0x0001595e      0x158 ./SDK/platform/devices/MKL25Z4/startup/system_MKL25Z4.o
 .debug_macro   0x00015ab6      0x167 ./SDK/platform/devices/startup.o
 .debug_macro   0x00015c1d      0x3cc ./Generated_Code/Cpu.o
 .debug_macro   0x00015fe9       0x19 ./Generated_Code/Cpu.o
 .debug_macro   0x00016002      0x3bd ./Generated_Code/Task1.o
 .debug_macro   0x000163bf      0x3bd ./Generated_Code/Task2.o
 .debug_macro   0x0001677c      0x37d ./Generated_Code/gpio1.o
 .debug_macro   0x00016af9      0x1b1 ./Generated_Code/hardware_init.o
 .debug_macro   0x00016caa      0x1a5 ./Generated_Code/pin_init.o

.debug_line     0x00000000     0xf16d
 .debug_line    0x00000000      0xc33 ./Static_Code/System/PE_low_level_init.o
 .debug_line    0x00000c33      0x7c9 ./Sources/ledrgb_hal.o
 .debug_line    0x000013fc      0xbaa ./Sources/main.o
 .debug_line    0x00001fa6      0xbda ./Sources/os_tasks.o
 .debug_line    0x00002b80      0x3d8 ./SDK/rtos/FreeRTOS/src/heap_3.o
 .debug_line    0x00002f58      0x42e ./SDK/rtos/FreeRTOS/src/list.o
 .debug_line    0x00003386      0x91e ./SDK/rtos/FreeRTOS/src/queue.o
 .debug_line    0x00003ca4      0xbd4 ./SDK/rtos/FreeRTOS/src/tasks.o
 .debug_line    0x00004878      0x5ed ./SDK/rtos/FreeRTOS/src/timers.o
 .debug_line    0x00004e65      0x3f1 ./SDK/rtos/FreeRTOS/port/gcc/port.o
 .debug_line    0x00005256      0xc7e ./SDK/platform/utilities/src/fsl_debug_console.o
 .debug_line    0x00005ed4      0xfa1 ./SDK/platform/system/src/clock/MKL25Z4/fsl_clock_MKL25Z4.o
 .debug_line    0x00006e75      0x6d3 ./SDK/platform/system/src/clock/fsl_clock_manager_common.o
 .debug_line    0x00007548      0xbf2 ./SDK/platform/osa/src/fsl_os_abstraction_free_rtos.o
 .debug_line    0x0000813a      0x763 ./SDK/platform/hal/src/uart/fsl_uart_hal.o
 .debug_line    0x0000889d      0x7db ./SDK/platform/hal/src/mcg/fsl_mcg_hal.o
 .debug_line    0x00009078      0x7ad ./SDK/platform/hal/src/lpsci/fsl_lpsci_hal.o
 .debug_line    0x00009825      0x55a ./SDK/platform/hal/src/gpio/fsl_gpio_hal.o
 .debug_line    0x00009d7f      0x474 ./SDK/platform/drivers/src/gpio/fsl_gpio_common.o
 .debug_line    0x0000a1f3      0xa52 ./SDK/platform/drivers/src/gpio/fsl_gpio_driver.o
 .debug_line    0x0000ac45       0x77 ./SDK/platform/devices/MKL25Z4/startup/gcc/startup_MKL25Z4.o
 .debug_line    0x0000acbc      0x51d ./SDK/platform/devices/MKL25Z4/startup/system_MKL25Z4.o
 .debug_line    0x0000b1d9      0x403 ./SDK/platform/devices/startup.o
 .debug_line    0x0000b5dc      0xc45 ./Generated_Code/Cpu.o
 .debug_line    0x0000c221      0xbfd ./Generated_Code/Task1.o
 .debug_line    0x0000ce1e      0xbfd ./Generated_Code/Task2.o
 .debug_line    0x0000da1b      0xaea ./Generated_Code/gpio1.o
 .debug_line    0x0000e505      0x5d0 ./Generated_Code/hardware_init.o
 .debug_line    0x0000ead5      0x698 ./Generated_Code/pin_init.o

.debug_str      0x00000000    0xa835e
 .debug_str     0x00000000    0xa02d5 ./Static_Code/System/PE_low_level_init.o
                              0xa07c7 (size before relaxing)
 .debug_str     0x000a02d5      0x25a ./Sources/ledrgb_hal.o
                              0x9bd99 (size before relaxing)
 .debug_str     0x000a052f       0x39 ./Sources/main.o
                              0xa07bc (size before relaxing)
 .debug_str     0x000a0568      0x113 ./Sources/os_tasks.o
                              0xa0917 (size before relaxing)
 .debug_str     0x000a067b       0x97 ./SDK/rtos/FreeRTOS/src/heap_3.o
                               0x6fab (size before relaxing)
 .debug_str     0x000a0712      0x136 ./SDK/rtos/FreeRTOS/src/list.o
                               0x7080 (size before relaxing)
 .debug_str     0x000a0848     0x154c ./SDK/rtos/FreeRTOS/src/queue.o
                               0x9014 (size before relaxing)
 .debug_str     0x000a1d94      0xd5c ./SDK/rtos/FreeRTOS/src/tasks.o
                               0x9506 (size before relaxing)
 .debug_str     0x000a2af0      0x442 ./SDK/rtos/FreeRTOS/src/timers.o
                               0x86f0 (size before relaxing)
 .debug_str     0x000a2f32      0x94c ./SDK/rtos/FreeRTOS/port/gcc/port.o
                               0x652f (size before relaxing)
 .debug_str     0x000a387e     0x1430 ./SDK/platform/utilities/src/fsl_debug_console.o
                              0xa27c2 (size before relaxing)
 .debug_str     0x000a4cae     0x12ca ./SDK/platform/system/src/clock/MKL25Z4/fsl_clock_MKL25Z4.o
                              0xa161d (size before relaxing)
 .debug_str     0x000a5f78       0x50 ./SDK/platform/system/src/clock/fsl_clock_manager_common.o
                              0x9bc52 (size before relaxing)
 .debug_str     0x000a5fc8      0x798 ./SDK/platform/osa/src/fsl_os_abstraction_free_rtos.o
                              0xa1996 (size before relaxing)
 .debug_str     0x000a6760      0x4cf ./SDK/platform/hal/src/uart/fsl_uart_hal.o
                              0x9c130 (size before relaxing)
 .debug_str     0x000a6c2f      0x78a ./SDK/platform/hal/src/mcg/fsl_mcg_hal.o
                              0x9c317 (size before relaxing)
 .debug_str     0x000a73b9      0x518 ./SDK/platform/hal/src/lpsci/fsl_lpsci_hal.o
                              0x9c238 (size before relaxing)
 .debug_str     0x000a78d1       0x80 ./SDK/platform/hal/src/gpio/fsl_gpio_hal.o
                              0x9bb04 (size before relaxing)
 .debug_str     0x000a7951       0x61 ./SDK/platform/drivers/src/gpio/fsl_gpio_common.o
                              0x9bb8b (size before relaxing)
 .debug_str     0x000a79b2      0x56f ./SDK/platform/drivers/src/gpio/fsl_gpio_driver.o
                              0x9c538 (size before relaxing)
 .debug_str     0x000a7f21       0xcf ./SDK/platform/devices/MKL25Z4/startup/system_MKL25Z4.o
                              0x9bcc9 (size before relaxing)
 .debug_str     0x000a7ff0      0x126 ./SDK/platform/devices/startup.o
                              0x9ba32 (size before relaxing)
 .debug_str     0x000a8116       0x7f ./Generated_Code/Cpu.o
                              0xa0c65 (size before relaxing)
 .debug_str     0x000a8195       0x44 ./Generated_Code/Task1.o
                              0xa0845 (size before relaxing)
 .debug_str     0x000a81d9       0x44 ./Generated_Code/Task2.o
                              0xa0845 (size before relaxing)
 .debug_str     0x000a821d       0x3f ./Generated_Code/gpio1.o
                              0xa08fc (size before relaxing)
 .debug_str     0x000a825c       0x30 ./Generated_Code/hardware_init.o
                              0x9bdab (size before relaxing)
 .debug_str     0x000a828c       0xd2 ./Generated_Code/pin_init.o
                              0x9bd1e (size before relaxing)

.comment        0x00000000       0x70
 .comment       0x00000000       0x70 ./Static_Code/System/PE_low_level_init.o